Considering: import/gnucobol/tests/testsuite.src/data_binary.at:1207:0
Considering: import/gnucobol/tests/testsuite.src/data_binary.at:1232:0
Considering: import/gnucobol/tests/testsuite.src/data_binary.at:1256:0
Considering: import/gnucobol/tests/testsuite.src/data_binary.at:1313:0
Considering: import/gnucobol/tests/testsuite.src/data_binary.at:1398:0
Considering: import/gnucobol/tests/testsuite.src/data_binary.at:1589:0
Considering: import/gnucobol/tests/testsuite.src/data_binary.at:1775:0
Considering: import/gnucobol/tests/testsuite.src/data_binary.at:1955:0
Considering: import/gnucobol/tests/testsuite.src/data_binary.at:2137:0
Considering: import/gnucobol/tests/testsuite.src/data_binary.at:2196:0
Considering: import/gnucobol/tests/testsuite.src/data_binary.at:2264:0
