Considering: import/gnucobol/tests/testsuite.src/data_binary.at:41:0
data_binary.at-41-dump.c:5.6-5.7:
   2   #include <stdio.h>
   3   #include <libcob.h>
   4   
   5 > COB_EXT_EXPORT int
----         ^
   6   dump (unsigned char *data)
   7   {
>> Error: Unexpected indicator: `T'

data_binary.at-41-dump.c:5.7-5.8:
   2   #include <stdio.h>
   3   #include <libcob.h>
   4   
   5 > COB_EXT_EXPORT int
----          ^
   6   dump (unsigned char *data)
   7   {
>> Error: Invalid syntax

data_binary.at-41-dump.c:6.6-6.7:
   3   #include <libcob.h>
   4   
   5   COB_EXT_EXPORT int
   6 > dump (unsigned char *data)
----         ^
   7   {
   8     int i;
>> Error: Unexpected indicator: `u'

data_binary.at-41-dump.c:8.6-8.7:
   5   COB_EXT_EXPORT int
   6   dump (unsigned char *data)
   7   {
   8 >   int i;
----         ^
   9     for (i = 0; i < 8; i++)
  10       printf ("%02x", data[i]);
>> Error: Unexpected indicator: `i'

data_binary.at-41-dump.c:9.6-9.7:
   6   dump (unsigned char *data)
   7   {
   8     int i;
   9 >   for (i = 0; i < 8; i++)
----         ^
  10       printf ("%02x", data[i]);
  11     puts ("");
>> Error: Unexpected indicator: `('

data_binary.at-41-dump.c:10.6-10.7:
   7   {
   8     int i;
   9     for (i = 0; i < 8; i++)
  10 >     printf ("%02x", data[i]);
----         ^
  11     puts ("");
  12     return 0;
>> Error: Unexpected indicator: `i'

data_binary.at-41-dump.c:12.6-12.7:
   9     for (i = 0; i < 8; i++)
  10       printf ("%02x", data[i]);
  11     puts ("");
  12 >   return 0;
----         ^
  13   }
>> Error: Unexpected indicator: `r'

Considering: import/gnucobol/tests/testsuite.src/data_binary.at:411:0
data_binary.at-411-dump.c:5.6-5.7:
   2   #include <stdio.h>
   3   #include <libcob.h>
   4   
   5 > COB_EXT_EXPORT int
----         ^
   6   dump (unsigned char *data)
   7   {
>> Error: Unexpected indicator: `T'

data_binary.at-411-dump.c:5.7-5.8:
   2   #include <stdio.h>
   3   #include <libcob.h>
   4   
   5 > COB_EXT_EXPORT int
----          ^
   6   dump (unsigned char *data)
   7   {
>> Error: Invalid syntax

data_binary.at-411-dump.c:6.6-6.7:
   3   #include <libcob.h>
   4   
   5   COB_EXT_EXPORT int
   6 > dump (unsigned char *data)
----         ^
   7   {
   8     int i;
>> Error: Unexpected indicator: `u'

data_binary.at-411-dump.c:8.6-8.7:
   5   COB_EXT_EXPORT int
   6   dump (unsigned char *data)
   7   {
   8 >   int i;
----         ^
   9     for (i = 0; i < 8; i++)
  10       printf ("%02x", data[i]);
>> Error: Unexpected indicator: `i'

data_binary.at-411-dump.c:9.6-9.7:
   6   dump (unsigned char *data)
   7   {
   8     int i;
   9 >   for (i = 0; i < 8; i++)
----         ^
  10       printf ("%02x", data[i]);
  11     puts ("");
>> Error: Unexpected indicator: `('

data_binary.at-411-dump.c:10.6-10.7:
   7   {
   8     int i;
   9     for (i = 0; i < 8; i++)
  10 >     printf ("%02x", data[i]);
----         ^
  11     puts ("");
  12     return 0;
>> Error: Unexpected indicator: `i'

data_binary.at-411-dump.c:12.6-12.7:
   9     for (i = 0; i < 8; i++)
  10       printf ("%02x", data[i]);
  11     puts ("");
  12 >   return 0;
----         ^
  13   }
>> Error: Unexpected indicator: `r'

Considering: import/gnucobol/tests/testsuite.src/data_binary.at:781:0
data_binary.at-781-dump.c:5.6-5.7:
   2   #include <stdio.h>
   3   #include <libcob.h>
   4   
   5 > COB_EXT_EXPORT int
----         ^
   6   dump (unsigned char *data)
   7   {
>> Error: Unexpected indicator: `T'

data_binary.at-781-dump.c:5.7-5.8:
   2   #include <stdio.h>
   3   #include <libcob.h>
   4   
   5 > COB_EXT_EXPORT int
----          ^
   6   dump (unsigned char *data)
   7   {
>> Error: Invalid syntax

data_binary.at-781-dump.c:6.6-6.7:
   3   #include <libcob.h>
   4   
   5   COB_EXT_EXPORT int
   6 > dump (unsigned char *data)
----         ^
   7   {
   8     int i;
>> Error: Unexpected indicator: `u'

data_binary.at-781-dump.c:8.6-8.7:
   5   COB_EXT_EXPORT int
   6   dump (unsigned char *data)
   7   {
   8 >   int i;
----         ^
   9     for (i = 0; i < 8; i++)
  10       printf ("%02x", data[i]);
>> Error: Unexpected indicator: `i'

data_binary.at-781-dump.c:9.6-9.7:
   6   dump (unsigned char *data)
   7   {
   8     int i;
   9 >   for (i = 0; i < 8; i++)
----         ^
  10       printf ("%02x", data[i]);
  11     puts ("");
>> Error: Unexpected indicator: `('

data_binary.at-781-dump.c:10.6-10.7:
   7   {
   8     int i;
   9     for (i = 0; i < 8; i++)
  10 >     printf ("%02x", data[i]);
----         ^
  11     puts ("");
  12     return 0;
>> Error: Unexpected indicator: `i'

data_binary.at-781-dump.c:12.6-12.7:
   9     for (i = 0; i < 8; i++)
  10       printf ("%02x", data[i]);
  11     puts ("");
  12 >   return 0;
----         ^
  13   }
>> Error: Unexpected indicator: `r'

Considering: import/gnucobol/tests/testsuite.src/data_binary.at:1207:0
Considering: import/gnucobol/tests/testsuite.src/data_binary.at:1232:0
Considering: import/gnucobol/tests/testsuite.src/data_binary.at:1256:0
Considering: import/gnucobol/tests/testsuite.src/data_binary.at:1313:0
Considering: import/gnucobol/tests/testsuite.src/data_binary.at:1398:0
Considering: import/gnucobol/tests/testsuite.src/data_binary.at:1589:0
Considering: import/gnucobol/tests/testsuite.src/data_binary.at:1775:0
Considering: import/gnucobol/tests/testsuite.src/data_binary.at:1955:0
Considering: import/gnucobol/tests/testsuite.src/data_binary.at:2137:0
Considering: import/gnucobol/tests/testsuite.src/data_binary.at:2196:0
Considering: import/gnucobol/tests/testsuite.src/data_binary.at:2264:0
