Considering: import/gnucobol/tests/testsuite.src/listings.at:75:0
Considering: import/gnucobol/tests/testsuite.src/listings.at:98:0
Considering: import/gnucobol/tests/testsuite.src/listings.at:127:0
Considering: import/gnucobol/tests/testsuite.src/listings.at:169:0
Considering: import/gnucobol/tests/testsuite.src/listings.at:232:0
listings.at-232-prog.cob:13.34-13.40:
  10            3 ZZ           PIC X(2) VALUE "ZZ".
  11            3 Y            PIC X(1) VALUE "Y".
  12          PROCEDURE        DIVISION.
  13 >            REPLACE LEADING "X" BY SPACES
----                                     ^^^^^^
  14                      TRAILING "Z" BY SPACES
  15                      LEADING "Y" BY "X".
>> Error: Malformed REPLACE statement

Considering: import/gnucobol/tests/testsuite.src/listings.at:289:0
listings.at-289-prog.cob:7.7-8.70:
   4          DATA             DIVISION.
   5          WORKING-STORAGE  SECTION.
   6          01 GET-VALUE.
   7 >        COPY "copy.inc" REPLACING ==TEST-VAR==     BY ==TEST-AVR==
----          ^^^^^^^^^^^^^^^^^^^^^^^^^^^^^^^^^^^^^^^^^^^^^^^^^^^^^^^^^^
   8 >                                  == 02 TEST-EE == BY == 02 TEST-FF ==.
----  ^^^^^^^^^^^^^^^^^^^^^^^^^^^^^^^^^^^^^^^^^^^^^^^^^^^^^^^^^^^^^^^^^^^^^^^
   9          PROCEDURE DIVISION.
  10              DISPLAY TEST-AVR.
>> Error: Library `copy.inc' not found
          - search path: <empty>
          - filename extensions: "cpy" "cbl" "cob"

Considering: import/gnucobol/tests/testsuite.src/listings.at:349:0
listings.at-349-prog.cob:7.7-12.48:
   4          DATA             DIVISION.
   5          WORKING-STORAGE  SECTION.
   6          01 GET-VALUE.
   7 >        COPY "copy.inc" REPLACING
----          ^^^^^^^^^^^^^^^^^^^^^^^^^
   8 >           LEADING ==TEST-VAR==     BY ==TEST-AVR==
----  ^^^^^^^^^^^^^^^^^^^^^^^^^^^^^^^^^^^^^^^^^^^^^^^^^^^
   9 >                   == 02 TEST-OK == BY == 02 TEST-KO ==
----  ^^^^^^^^^^^^^^^^^^^^^^^^^^^^^^^^^^^^^^^^^^^^^^^^^^^^^^^
  10 >                   ==TEST-CC==      BY ==TEST-DD==
----  ^^^^^^^^^^^^^^^^^^^^^^^^^^^^^^^^^^^^^^^^^^^^^^^^^^
  11 >                   == 02 TEST-EE == BY == 02 TEST-FF ==
----  ^^^^^^^^^^^^^^^^^^^^^^^^^^^^^^^^^^^^^^^^^^^^^^^^^^^^^^^
  12 >                   == PIC ==        BY == pic ==.
----  ^^^^^^^^^^^^^^^^^^^^^^^^^^^^^^^^^^^^^^^^^^^^^^^^^
  13          PROCEDURE DIVISION.
  14              DISPLAY TEST-AVR.
>> Error: Library `copy.inc' not found
          - search path: <empty>
          - filename extensions: "cpy" "cbl" "cob"

Considering: import/gnucobol/tests/testsuite.src/listings.at:413:0
listings.at-413-prog2.cob:7.7-12.55:
   4          DATA DIVISION.
   5          WORKING-STORAGE SECTION.
   6          01 GET-VALUE.
   7 >        COPY "copy2.inc"
----          ^^^^^^^^^^^^^^^^
   8 >            REPLACING LEADING ==TEST-VAR== BY ==TEST-AVR==
----  ^^^^^^^^^^^^^^^^^^^^^^^^^^^^^^^^^^^^^^^^^^^^^^^^^^^^^^^^^^
   9 >             ==     02    TEST-OK       == BY == 02 TEST-KO ==
----  ^^^^^^^^^^^^^^^^^^^^^^^^^^^^^^^^^^^^^^^^^^^^^^^^^^^^^^^^^^^^^^
  10 >         ==            TEST-CC          == BY == TEST-DD ==
----  ^^^^^^^^^^^^^^^^^^^^^^^^^^^^^^^^^^^^^^^^^^^^^^^^^^^^^^^^^^^
  11 >          == 02 TEST-EE                 == BY == 02 TEST-FF ==
----  ^^^^^^^^^^^^^^^^^^^^^^^^^^^^^^^^^^^^^^^^^^^^^^^^^^^^^^^^^^^^^^
  12 >           ==                       PIC == BY == pic ==.
----  ^^^^^^^^^^^^^^^^^^^^^^^^^^^^^^^^^^^^^^^^^^^^^^^^^^^^^^^^
  13          PROCEDURE DIVISION.
  14              DISPLAY TEST-AVR.
>> Error: Library `copy2.inc' not found
          - search path: <empty>
          - filename extensions: "cpy" "cbl" "cob"

Considering: import/gnucobol/tests/testsuite.src/listings.at:477:0
listings.at-477-prog3.cob:7.7-12.55:
   4          DATA DIVISION.
   5          WORKING-STORAGE SECTION.
   6          01 GET-VALUE.
   7 >        COPY "copy3.inc"
----          ^^^^^^^^^^^^^^^^
   8 >            REPLACING LEADING ==TEST-VAR== BY ==TEST-AVR==
----  ^^^^^^^^^^^^^^^^^^^^^^^^^^^^^^^^^^^^^^^^^^^^^^^^^^^^^^^^^^
   9 >                          == 02 TEST-OK == BY == 02 TEST-KO ==
----  ^^^^^^^^^^^^^^^^^^^^^^^^^^^^^^^^^^^^^^^^^^^^^^^^^^^^^^^^^^^^^^
  10 >                               ==TEST-CC== BY ==TEST-DD==
----  ^^^^^^^^^^^^^^^^^^^^^^^^^^^^^^^^^^^^^^^^^^^^^^^^^^^^^^^^^
  11 >                          == 02 TEST-EE == BY == 02 TEST-FF ==
----  ^^^^^^^^^^^^^^^^^^^^^^^^^^^^^^^^^^^^^^^^^^^^^^^^^^^^^^^^^^^^^^
  12 >                                 == PIC == BY == pic ==.
----  ^^^^^^^^^^^^^^^^^^^^^^^^^^^^^^^^^^^^^^^^^^^^^^^^^^^^^^^^
  13          PROCEDURE DIVISION.
  14              DISPLAY TEST-AVR.
>> Error: Library `copy3.inc' not found
          - search path: <empty>
          - filename extensions: "cpy" "cbl" "cob"

Considering: import/gnucobol/tests/testsuite.src/listings.at:538:0
listings.at-538-prog.cob:6.7-8.53:
   3          PROGRAM-ID.      prog.
   4          DATA             DIVISION.
   5          WORKING-STORAGE  SECTION.
   6 >        COPY "copy.inc"
----          ^^^^^^^^^^^^^^^
   7 >           REPLACING ==TEST-VAR== BY ==FIRST-MATCH==
----  ^^^^^^^^^^^^^^^^^^^^^^^^^^^^^^^^^^^^^^^^^^^^^^^^^^^^
   8 >                     ==TEST-VAR== BY ==SECOND-MATCH==.
----  ^^^^^^^^^^^^^^^^^^^^^^^^^^^^^^^^^^^^^^^^^^^^^^^^^^^^^^
   9          PROCEDURE        DIVISION.
  10              DISPLAY FIRST-MATCH NO ADVANCING
>> Error: Library `copy.inc' not found
          - search path: <empty>
          - filename extensions: "cpy" "cbl" "cob"

Considering: import/gnucobol/tests/testsuite.src/listings.at:631:0
listings.at-631-prog.cob:6.7-10.55:
   3          PROGRAM-ID.      prog.                                            PROG002
   4          DATA             DIVISION.                                        PROG003
   5          WORKING-STORAGE  SECTION.                                         PROG004
   6 >        COPY "copy.inc"                                                   PROG005
----          ^^^^^^^^^^^^^^^^^^^^^^^^^^^^^^^^^^^^^^^^^^^^^^^^^^^^^^^^^^^^^^^^^^^^^^^^^
   7 >           REPLACING ==TEST-VAR==, BY ==FIRST-MATCH==,                    PROG006
----  ^^^^^^^^^^^^^^^^^^^^^^^^^^^^^^^^^^^^^^^^^^^^^^^^^^^^^^^^^^^^^^^^^^^^^^^^^^^^^^^^^
   8 >                  ,  ==TEST-VAR==; BY ==SECOND-MATCH==;                   PROG007
----  ^^^^^^^^^^^^^^^^^^^^^^^^^^^^^^^^^^^^^^^^^^^^^^^^^^^^^^^^^^^^^^^^^^^^^^^^^^^^^^^^^
   9 >                  ;  ==TEST-VAR== , BY ==THIRD-MATCH==                    PROG008
----  ^^^^^^^^^^^^^^^^^^^^^^^^^^^^^^^^^^^^^^^^^^^^^^^^^^^^^^^^^^^^^^^^^^^^^^^^^^^^^^^^^
  10 >                     ==TEST-VAR== ; BY ==FOURTH-MATCH==.                  PROG009
----  ^^^^^^^^^^^^^^^^^^^^^^^^^^^^^^^^^^^^^^^^^^^^^^^^^^^^^^^^
  11          PROCEDURE        DIVISION.                                        PROG010
  12              DISPLAY FIRST-MATCH NO ADVANCING                              PROG011
>> Error: Library `copy.inc' not found
          - search path: <empty>
          - filename extensions: "cpy" "cbl" "cob"

Considering: import/gnucobol/tests/testsuite.src/listings.at:691:0
listings.at-691-prog.cob:6.7-8.44:
   3          PROGRAM-ID.      prog.
   4          DATA             DIVISION.
   5          WORKING-STORAGE  SECTION.
   6 >        COPY "copy.inc"
----          ^^^^^^^^^^^^^^^
   7 >           REPLACING ==:TEST:== BY ==COLON==
----  ^^^^^^^^^^^^^^^^^^^^^^^^^^^^^^^^^^^^^^^^^^^^
   8 >                     ==(TEST)== BY ==PAREN==.
----  ^^^^^^^^^^^^^^^^^^^^^^^^^^^^^^^^^^^^^^^^^^^^^
   9          PROCEDURE        DIVISION.
  10              DISPLAY COLON-VAR NO ADVANCING
>> Error: Library `copy.inc' not found
          - search path: <empty>
          - filename extensions: "cpy" "cbl" "cob"

Considering: import/gnucobol/tests/testsuite.src/listings.at:774:0
listings.at-774-prog1.cob:11.10-13.52:
   8   
   9          01 xx                   pic x(02).
  10   
  11 >           copy 'copy1.inc' replacing 'YYY-' by a10-
----             ^^^^^^^^^^^^^^^^^^^^^^^^^^^^^^^^^^^^^^^^^
  12 >                                      'yy1-' by a11-
----  ^^^^^^^^^^^^^^^^^^^^^^^^^^^^^^^^^^^^^^^^^^^^^^^^^^^^
  13 >                                      'yy2-' by a12-.
----  ^^^^^^^^^^^^^^^^^^^^^^^^^^^^^^^^^^^^^^^^^^^^^^^^^^^^^
  14   
  15             copy 'copy1.inc' replacing 'YYY-' by a20-
>> Error: Library `copy1.inc' not found
          - search path: <empty>
          - filename extensions: "cpy" "cbl" "cob"

listings.at-774-prog1.cob:15.10-17.52:
  12                                        'yy1-' by a11-
  13                                        'yy2-' by a12-.
  14   
  15 >           copy 'copy1.inc' replacing 'YYY-' by a20-
----             ^^^^^^^^^^^^^^^^^^^^^^^^^^^^^^^^^^^^^^^^^
  16 >                                      'yy1-' by a21-
----  ^^^^^^^^^^^^^^^^^^^^^^^^^^^^^^^^^^^^^^^^^^^^^^^^^^^^
  17 >                                      'yy2-' by a22-.
----  ^^^^^^^^^^^^^^^^^^^^^^^^^^^^^^^^^^^^^^^^^^^^^^^^^^^^^
  18   
  19             copy 'copy1.inc' replacing 'YYY-' by a30-
>> Error: Library `copy1.inc' not found
          - search path: <empty>
          - filename extensions: "cpy" "cbl" "cob"

listings.at-774-prog1.cob:19.10-21.52:
  16                                        'yy1-' by a21-
  17                                        'yy2-' by a22-.
  18   
  19 >           copy 'copy1.inc' replacing 'YYY-' by a30-
----             ^^^^^^^^^^^^^^^^^^^^^^^^^^^^^^^^^^^^^^^^^
  20 >                                      'yy1-' by a31-
----  ^^^^^^^^^^^^^^^^^^^^^^^^^^^^^^^^^^^^^^^^^^^^^^^^^^^^
  21 >                                      'yy2-' by a32-.
----  ^^^^^^^^^^^^^^^^^^^^^^^^^^^^^^^^^^^^^^^^^^^^^^^^^^^^^
  22   
  23          procedure division.
>> Error: Library `copy1.inc' not found
          - search path: <empty>
          - filename extensions: "cpy" "cbl" "cob"

Considering: import/gnucobol/tests/testsuite.src/listings.at:893:0
listings.at-893-prog.cob:6.7-8.53:
   3          PROGRAM-ID.      prog.
   4          DATA             DIVISION.
   5          WORKING-STORAGE  SECTION.
   6 >        COPY "copy.inc"
----          ^^^^^^^^^^^^^^^
   7 >             REPLACING LEADING ==TEST== BY ==FIRST==
----  ^^^^^^^^^^^^^^^^^^^^^^^^^^^^^^^^^^^^^^^^^^^^^^^^^^^^
   8 >                       LEADING ==NORM== BY ==SECOND==.
----  ^^^^^^^^^^^^^^^^^^^^^^^^^^^^^^^^^^^^^^^^^^^^^^^^^^^^^^
   9          PROCEDURE        DIVISION.
  10              DISPLAY FIRST-VAR NO ADVANCING
>> Error: Library `copy.inc' not found
          - search path: <empty>
          - filename extensions: "cpy" "cbl" "cob"

Considering: import/gnucobol/tests/testsuite.src/listings.at:957:0
listings.at-957-prog.cob:6.7-8.54:
   3          PROGRAM-ID.      prog.
   4          DATA             DIVISION.
   5          WORKING-STORAGE  SECTION.
   6 >        COPY "copy.inc"
----          ^^^^^^^^^^^^^^^
   7 >             REPLACING TRAILING ==FIRST== BY ==VAR1==
----  ^^^^^^^^^^^^^^^^^^^^^^^^^^^^^^^^^^^^^^^^^^^^^^^^^^^^^
   8 >                       TRAILING ==SECOND== BY ==VAR2==.
----  ^^^^^^^^^^^^^^^^^^^^^^^^^^^^^^^^^^^^^^^^^^^^^^^^^^^^^^^
   9          PROCEDURE        DIVISION.
  10              DISPLAY TEST-VAR1 NO ADVANCING
>> Error: Library `copy.inc' not found
          - search path: <empty>
          - filename extensions: "cpy" "cbl" "cob"

Considering: import/gnucobol/tests/testsuite.src/listings.at:1020:0
listings.at-1020-prog.cob:6.7-7.50:
   3          PROGRAM-ID.      prog.
   4          DATA             DIVISION.
   5          WORKING-STORAGE  SECTION.
   6 >        COPY "copy-1.inc"
----          ^^^^^^^^^^^^^^^^^
   7 >            REPLACING ==TEST-VAR== BY ==COPY-VAR==.
----  ^^^^^^^^^^^^^^^^^^^^^^^^^^^^^^^^^^^^^^^^^^^^^^^^^^^
   8          PROCEDURE        DIVISION.
   9              DISPLAY COPY-VAR NO ADVANCING
>> Error: Library `copy-1.inc' not found
          - search path: <empty>
          - filename extensions: "cpy" "cbl" "cob"

Considering: import/gnucobol/tests/testsuite.src/listings.at:1146:0
listings.at-1146-tstcpybk.cob:13.11-13.32:
  10   
  11          INPUT-OUTPUT SECTION.
  12          FILE-CONTROL.
  13 >            COPY "copy-sl-1.inc".
----              ^^^^^^^^^^^^^^^^^^^^^
  14              COPY "copy-sl-2.inc".
  15   
>> Error: Library `copy-sl-1.inc' not found
          - search path: <empty>
          - filename extensions: "cpy" "cbl" "cob"

listings.at-1146-tstcpybk.cob:14.11-14.32:
  11          INPUT-OUTPUT SECTION.
  12          FILE-CONTROL.
  13              COPY "copy-sl-1.inc".
  14 >            COPY "copy-sl-2.inc".
----              ^^^^^^^^^^^^^^^^^^^^^
  15   
  16          DATA DIVISION.
>> Error: Library `copy-sl-2.inc' not found
          - search path: <empty>
          - filename extensions: "cpy" "cbl" "cob"

listings.at-1146-tstcpybk.cob:18.11-18.32:
  15   
  16          DATA DIVISION.
  17          FILE SECTION.
  18 >            COPY "copy-fd-1.inc".
----              ^^^^^^^^^^^^^^^^^^^^^
  19              COPY "copy-fd-2.inc".
  20   
>> Error: Library `copy-fd-1.inc' not found
          - search path: <empty>
          - filename extensions: "cpy" "cbl" "cob"

listings.at-1146-tstcpybk.cob:19.11-19.32:
  16          DATA DIVISION.
  17          FILE SECTION.
  18              COPY "copy-fd-1.inc".
  19 >            COPY "copy-fd-2.inc".
----              ^^^^^^^^^^^^^^^^^^^^^
  20   
  21          WORKING-STORAGE SECTION.
>> Error: Library `copy-fd-2.inc' not found
          - search path: <empty>
          - filename extensions: "cpy" "cbl" "cob"

listings.at-1146-tstcpybk.cob:30.11-30.32:
  27         *
  28          77  GLOB              PIC 99         GLOBAL.
  29         *
  30 >            COPY "copy-ws-1.inc".
----              ^^^^^^^^^^^^^^^^^^^^^
  31              COPY "copy-ws-2.inc".
  32   
>> Error: Library `copy-ws-1.inc' not found
          - search path: <empty>
          - filename extensions: "cpy" "cbl" "cob"

listings.at-1146-tstcpybk.cob:31.11-31.32:
  28          77  GLOB              PIC 99         GLOBAL.
  29         *
  30              COPY "copy-ws-1.inc".
  31 >            COPY "copy-ws-2.inc".
----              ^^^^^^^^^^^^^^^^^^^^^
  32   
  33          PROCEDURE DIVISION.
>> Error: Library `copy-ws-2.inc' not found
          - search path: <empty>
          - filename extensions: "cpy" "cbl" "cob"

Considering: import/gnucobol/tests/testsuite.src/listings.at:1394:0
listings.at-1394-prog.cob:4.7-4.23:
   1   
   2          IDENTIFICATION   DIVISION.
   3          PROGRAM-ID.      prog.
   4 >        COPY "copy.inc".
----          ^^^^^^^^^^^^^^^^
   5          DATA             DIVISION.
   6          WORKING-STORAGE  SECTION.
>> Error: Library `copy.inc' not found
          - search path: <empty>
          - filename extensions: "cpy" "cbl" "cob"

Considering: import/gnucobol/tests/testsuite.src/listings.at:1613:0
Considering: import/gnucobol/tests/testsuite.src/listings.at:1613:0
Considering: import/gnucobol/tests/testsuite.src/listings.at:1711:0
Considering: import/gnucobol/tests/testsuite.src/listings.at:1778:0
Considering: import/gnucobol/tests/testsuite.src/listings.at:2029:0
Considering: import/gnucobol/tests/testsuite.src/listings.at:2029:0
Considering: import/gnucobol/tests/testsuite.src/listings.at:2055:0
listings.at-2055-prog.cob:9.11-9.14:
   6          01 PAR-IN        PIC 9.
   7          01 PAR-OUT       PIC 9.
   8          PROCEDURE DIVISION USING PAR-IN RETURNING PAR-OUT.
   9 >            ADD 1 TO PAR-IN GIVING PAR-OUT END-ADD.
----              ^^^
  10              GOBACK.
  11          END FUNCTION WITHPAR.
>> Error: Invalid syntax

listings.at-2055-prog.cob:9.16:
   6          01 PAR-IN        PIC 9.
   7          01 PAR-OUT       PIC 9.
   8          PROCEDURE DIVISION USING PAR-IN RETURNING PAR-OUT.
   9 >            ADD 1 TO PAR-IN GIVING PAR-OUT END-ADD.
----                   ^
  10              GOBACK.
  11          END FUNCTION WITHPAR.
>> Hint: Missing .

listings.at-2055-prog.cob:9.17-9.19:
   6          01 PAR-IN        PIC 9.
   7          01 PAR-OUT       PIC 9.
   8          PROCEDURE DIVISION USING PAR-IN RETURNING PAR-OUT.
   9 >            ADD 1 TO PAR-IN GIVING PAR-OUT END-ADD.
----                    ^^
  10              GOBACK.
  11          END FUNCTION WITHPAR.
>> Warning: Invalid syntax

listings.at-2055-prog.cob:9.26:
   6          01 PAR-IN        PIC 9.
   7          01 PAR-OUT       PIC 9.
   8          PROCEDURE DIVISION USING PAR-IN RETURNING PAR-OUT.
   9 >            ADD 1 TO PAR-IN GIVING PAR-OUT END-ADD.
----                             ^
  10              GOBACK.
  11          END FUNCTION WITHPAR.
>> Hint: Missing .

listings.at-2055-prog.cob:9.27-9.33:
   6          01 PAR-IN        PIC 9.
   7          01 PAR-OUT       PIC 9.
   8          PROCEDURE DIVISION USING PAR-IN RETURNING PAR-OUT.
   9 >            ADD 1 TO PAR-IN GIVING PAR-OUT END-ADD.
----                              ^^^^^^
  10              GOBACK.
  11          END FUNCTION WITHPAR.
>> Warning: Invalid syntax

listings.at-2055-prog.cob:9.42-9.49:
   6          01 PAR-IN        PIC 9.
   7          01 PAR-OUT       PIC 9.
   8          PROCEDURE DIVISION USING PAR-IN RETURNING PAR-OUT.
   9 >            ADD 1 TO PAR-IN GIVING PAR-OUT END-ADD.
----                                             ^^^^^^^
  10              GOBACK.
  11          END FUNCTION WITHPAR.
>> Error: Invalid syntax

Considering: import/gnucobol/tests/testsuite.src/listings.at:2115:0
Considering: import/gnucobol/tests/testsuite.src/listings.at:2150:0
listings.at-2150-prog2.cob:6.2-6.30:
   3     PROGRAM-ID.      prog2.
   4     DATA             DIVISION.
   5     WORKING-STORAGE  SECTION.
   6 >   >> PAGE  page  feed  comment
----     ^^^^^^^^^^^^^^^^^^^^^^^^^^^^
   7     PROCEDURE        DIVISION.
   8    DISPLAY
>> Error: Invalid >>PAGE compiler directive

Considering: import/gnucobol/tests/testsuite.src/listings.at:2199:0
Considering: import/gnucobol/tests/testsuite.src/listings.at:2252:0
Considering: import/gnucobol/tests/testsuite.src/listings.at:2284:0
Considering: import/gnucobol/tests/testsuite.src/listings.at:2372:0
Considering: import/gnucobol/tests/testsuite.src/listings.at:2643:0
listings.at-2643-prog.cob:9.11-9.14:
   6          01 PAR-IN        PIC 9.
   7          01 PAR-OUT       PIC 9.
   8          PROCEDURE DIVISION USING PAR-IN RETURNING PAR-OUT.
   9 >            ADD 1 TO PAR-IN GIVING PAR-OUT END-ADD.
----              ^^^
  10              GOBACK.
  11          END FUNCTION WITHPAR.
>> Error: Invalid syntax

listings.at-2643-prog.cob:9.16:
   6          01 PAR-IN        PIC 9.
   7          01 PAR-OUT       PIC 9.
   8          PROCEDURE DIVISION USING PAR-IN RETURNING PAR-OUT.
   9 >            ADD 1 TO PAR-IN GIVING PAR-OUT END-ADD.
----                   ^
  10              GOBACK.
  11          END FUNCTION WITHPAR.
>> Hint: Missing .

listings.at-2643-prog.cob:9.17-9.19:
   6          01 PAR-IN        PIC 9.
   7          01 PAR-OUT       PIC 9.
   8          PROCEDURE DIVISION USING PAR-IN RETURNING PAR-OUT.
   9 >            ADD 1 TO PAR-IN GIVING PAR-OUT END-ADD.
----                    ^^
  10              GOBACK.
  11          END FUNCTION WITHPAR.
>> Warning: Invalid syntax

listings.at-2643-prog.cob:9.26:
   6          01 PAR-IN        PIC 9.
   7          01 PAR-OUT       PIC 9.
   8          PROCEDURE DIVISION USING PAR-IN RETURNING PAR-OUT.
   9 >            ADD 1 TO PAR-IN GIVING PAR-OUT END-ADD.
----                             ^
  10              GOBACK.
  11          END FUNCTION WITHPAR.
>> Hint: Missing .

listings.at-2643-prog.cob:9.27-9.33:
   6          01 PAR-IN        PIC 9.
   7          01 PAR-OUT       PIC 9.
   8          PROCEDURE DIVISION USING PAR-IN RETURNING PAR-OUT.
   9 >            ADD 1 TO PAR-IN GIVING PAR-OUT END-ADD.
----                              ^^^^^^
  10              GOBACK.
  11          END FUNCTION WITHPAR.
>> Warning: Invalid syntax

listings.at-2643-prog.cob:9.42-9.49:
   6          01 PAR-IN        PIC 9.
   7          01 PAR-OUT       PIC 9.
   8          PROCEDURE DIVISION USING PAR-IN RETURNING PAR-OUT.
   9 >            ADD 1 TO PAR-IN GIVING PAR-OUT END-ADD.
----                                             ^^^^^^^
  10              GOBACK.
  11          END FUNCTION WITHPAR.
>> Error: Invalid syntax

listings.at-2643-prog.cob:19.11-19.15:
  16          LINKAGE          SECTION.
  17          01 PAR           PIC 9.
  18          PROCEDURE DIVISION RETURNING PAR.
  19 >            MOVE 1 TO PAR.
----              ^^^^
  20              GOBACK.
  21          END FUNCTION WITHOUTPAR.
>> Error: Invalid syntax

listings.at-2643-prog.cob:19.17:
  16          LINKAGE          SECTION.
  17          01 PAR           PIC 9.
  18          PROCEDURE DIVISION RETURNING PAR.
  19 >            MOVE 1 TO PAR.
----                    ^
  20              GOBACK.
  21          END FUNCTION WITHOUTPAR.
>> Hint: Missing .

listings.at-2643-prog.cob:19.18-19.20:
  16          LINKAGE          SECTION.
  17          01 PAR           PIC 9.
  18          PROCEDURE DIVISION RETURNING PAR.
  19 >            MOVE 1 TO PAR.
----                     ^^
  20              GOBACK.
  21          END FUNCTION WITHOUTPAR.
>> Warning: Invalid syntax

Considering: import/gnucobol/tests/testsuite.src/listings.at:2762:0
listings.at-2762-prog.cob:22.29:
  19              05  FL8       PIC X(04).
  20              05  FL9 REDEFINES FL8 PIC 9(04).
  21              05  FLA.
  22 >                10  FLB OCCURS I TIMES.
----                                ^
  23                      15  FLC PIC X(02).
  24                  10  FLD   PIC X(20).
>> Hint: Missing <integer literal>

listings.at-2762-prog.cob:22.30-22.31:
  19              05  FL8       PIC X(04).
  20              05  FL9 REDEFINES FL8 PIC 9(04).
  21              05  FLA.
  22 >                10  FLB OCCURS I TIMES.
----                                 ^
  23                      15  FLC PIC X(02).
  24                  10  FLD   PIC X(20).
>> Error: Invalid syntax

listings.at-2762-prog.cob:26.26:
  23                      15  FLC PIC X(02).
  24                  10  FLD   PIC X(20).
  25              05  FLD1      PIC X(100).
  26 >            05  FLD2 OCCURS M TO J TIMES DEPENDING ON FL5.
----                             ^
  27                  10  FILLER PIC X(01).
  28              05  FLD3      PIC X(3).
>> Hint: Missing <integer literal>

listings.at-2762-prog.cob:26.27-26.28:
  23                      15  FLC PIC X(02).
  24                  10  FLD   PIC X(20).
  25              05  FLD1      PIC X(100).
  26 >            05  FLD2 OCCURS M TO J TIMES DEPENDING ON FL5.
----                              ^
  27                  10  FILLER PIC X(01).
  28              05  FLD3      PIC X(3).
>> Error: Invalid syntax

listings.at-2762-prog.cob:26.31:
  23                      15  FLC PIC X(02).
  24                  10  FLD   PIC X(20).
  25              05  FLD1      PIC X(100).
  26 >            05  FLD2 OCCURS M TO J TIMES DEPENDING ON FL5.
----                                  ^
  27                  10  FILLER PIC X(01).
  28              05  FLD3      PIC X(3).
>> Hint: Missing <integer literal>

listings.at-2762-prog.cob:26.32-26.33:
  23                      15  FLC PIC X(02).
  24                  10  FLD   PIC X(20).
  25              05  FLD1      PIC X(100).
  26 >            05  FLD2 OCCURS M TO J TIMES DEPENDING ON FL5.
----                                   ^
  27                  10  FILLER PIC X(01).
  28              05  FLD3      PIC X(3).
>> Error: Invalid syntax

listings.at-2762-prog.cob:31.27:
  28              05  FLD3      PIC X(3).
  29              05  FLD4      PIC X(4).
  30          LINKAGE          SECTION.
  31 >        01  O1  PIC X OCCURS UNBOUNDED DEPENDING ON FL4.
----                              ^
  32          01  O2.
  33              05  O-START   PIC X(42).
>> Hint: Missing <integer literal>

listings.at-2762-prog.cob:31.28-31.37:
  28              05  FLD3      PIC X(3).
  29              05  FLD4      PIC X(4).
  30          LINKAGE          SECTION.
  31 >        01  O1  PIC X OCCURS UNBOUNDED DEPENDING ON FL4.
----                               ^^^^^^^^^
  32          01  O2.
  33              05  O-START   PIC X(42).
>> Error: Invalid syntax

listings.at-2762-prog.cob:34.31:
  31          01  O1  PIC X OCCURS UNBOUNDED DEPENDING ON FL4.
  32          01  O2.
  33              05  O-START   PIC X(42).
  34 >            05  FILLER    OCCURS UNBOUNDED DEPENDING ON FL9.
----                                  ^
  35                07  O-ENTRY.
  36                  10  O-E1  PIC 9(24).
>> Hint: Missing <integer literal>

listings.at-2762-prog.cob:34.32-34.41:
  31          01  O1  PIC X OCCURS UNBOUNDED DEPENDING ON FL4.
  32          01  O2.
  33              05  O-START   PIC X(42).
  34 >            05  FILLER    OCCURS UNBOUNDED DEPENDING ON FL9.
----                                   ^^^^^^^^^
  35                07  O-ENTRY.
  36                  10  O-E1  PIC 9(24).
>> Error: Invalid syntax

Considering: import/gnucobol/tests/testsuite.src/listings.at:2848:0
Considering: import/gnucobol/tests/testsuite.src/listings.at:2876:0
Considering: import/gnucobol/tests/testsuite.src/listings.at:3688:0
Considering: import/gnucobol/tests/testsuite.src/listings.at:3725:0
Considering: import/gnucobol/tests/testsuite.src/listings.at:3810:0
listings.at-3810-prog.cob:6.7-6.23:
   3          PROGRAM-ID.      prog.
   4          DATA             DIVISION.
   5          WORKING-STORAGE  SECTION.
   6 >        COPY "copy.inc".
----          ^^^^^^^^^^^^^^^^
   7          COPY "copy2.inc".
   8          PROCEDURE        DIVISION.
>> Error: Library `copy.inc' not found
          - search path: <empty>
          - filename extensions: "cpy" "cbl" "cob"

listings.at-3810-prog.cob:7.7-7.24:
   4          DATA             DIVISION.
   5          WORKING-STORAGE  SECTION.
   6          COPY "copy.inc".
   7 >        COPY "copy2.inc".
----          ^^^^^^^^^^^^^^^^^
   8          PROCEDURE        DIVISION.
   9          >>LISTING OFF
>> Error: Library `copy2.inc' not found
          - search path: <empty>
          - filename extensions: "cpy" "cbl" "cob"

listings.at-3810-prog.cob:9.7-9.20:
   6          COPY "copy.inc".
   7          COPY "copy2.inc".
   8          PROCEDURE        DIVISION.
   9 >        >>LISTING OFF
----          ^^^^^^^^^^^^^
  10              DISPLAY TEST1-VAR NO ADVANCING
  11              END-DISPLAY.
>> Error: Invalid >>LISTING compiler directive

listings.at-3810-prog.cob:12.7-12.20:
   9          >>LISTING OFF
  10              DISPLAY TEST1-VAR NO ADVANCING
  11              END-DISPLAY.
  12 >        >> LISTING ON
----          ^^^^^^^^^^^^^
  13              STOP RUN.
>> Error: Invalid >>LISTING compiler directive

Considering: import/gnucobol/tests/testsuite.src/listings.at:3906:0
listings.at-3906-prog.cob:6.7-6.23:
   3          PROGRAM-ID.      prog.
   4          DATA             DIVISION.
   5          WORKING-STORAGE  SECTION.
   6 >        COPY "copy.inc".
----          ^^^^^^^^^^^^^^^^
   7          COPY "copy2.inc".
   8          PROCEDURE        DIVISION.
>> Error: Library `copy.inc' not found
          - search path: <empty>
          - filename extensions: "cpy" "cbl" "cob"

listings.at-3906-prog.cob:7.7-7.24:
   4          DATA             DIVISION.
   5          WORKING-STORAGE  SECTION.
   6          COPY "copy.inc".
   7 >        COPY "copy2.inc".
----          ^^^^^^^^^^^^^^^^^
   8          PROCEDURE        DIVISION.
   9   >>LISTING OFF
>> Error: Library `copy2.inc' not found
          - search path: <empty>
          - filename extensions: "cpy" "cbl" "cob"

listings.at-3906-prog.cob:9.0-9.13:
   6          COPY "copy.inc".
   7          COPY "copy2.inc".
   8          PROCEDURE        DIVISION.
   9 > >>LISTING OFF
----   ^^^^^^^^^^^^^
  10              DISPLAY TEST1-VAR NO ADVANCING
  11              END-DISPLAY.
>> Error: Invalid >>LISTING compiler directive

listings.at-3906-prog.cob:12.0-12.13:
   9   >>LISTING OFF
  10              DISPLAY TEST1-VAR NO ADVANCING
  11              END-DISPLAY.
  12 > >> LISTING ON
----   ^^^^^^^^^^^^^
  13              STOP RUN.
>> Error: Invalid >>LISTING compiler directive

Considering: import/gnucobol/tests/testsuite.src/listings.at:3986:0
listings.at-3986-prog.cob:1.11-1.16:
   1 >            TITLE "GnuCOBOL lists IBM"
----              ^^^^^
   2          IDENTIFICATION   DIVISION.
   3              SKIP1
>> Error: Invalid syntax

listings.at-3986-prog.cob:3.11-3.16:
   1              TITLE "GnuCOBOL lists IBM"
   2          IDENTIFICATION   DIVISION.
   3 >            SKIP1
----              ^^^^^
   4          PROGRAM-ID.      prog.
   5              SKIP2
>> Error: Invalid syntax

listings.at-3986-prog.cob:5.11-5.16:
   2          IDENTIFICATION   DIVISION.
   3              SKIP1
   4          PROGRAM-ID.      prog.
   5 >            SKIP2
----              ^^^^^
   6          DATA             DIVISION.
   7              SKIP3
>> Error: Invalid syntax

listings.at-3986-prog.cob:7.11-7.16:
   4          PROGRAM-ID.      prog.
   5              SKIP2
   6          DATA             DIVISION.
   7 >            SKIP3
----              ^^^^^
   8          WORKING-STORAGE  SECTION.
   9          01  TITLE-01          PIC X(2).
>> Error: Invalid syntax

listings.at-3986-prog.cob:11.11-11.16:
   8          WORKING-STORAGE  SECTION.
   9          01  TITLE-01          PIC X(2).
  10          01  TITLE-02          PIC X(2).
  11 >            TITLE "here goes the code"
----              ^^^^^
  12          PROCEDURE        DIVISION.
  13          EJECT
>> Error: Invalid syntax

listings.at-3986-prog.cob:13.12:
  10          01  TITLE-02          PIC X(2).
  11              TITLE "here goes the code"
  12          PROCEDURE        DIVISION.
  13 >        EJECT
----               ^
  14              MOVE SPACE TO TITLE-01
  15                            TITLE-02.
>> Hint: Missing .

listings.at-3986-prog.cob:14.11-14.15:
  11              TITLE "here goes the code"
  12          PROCEDURE        DIVISION.
  13          EJECT
  14 >            MOVE SPACE TO TITLE-01
----              ^^^^
  15                            TITLE-02.
  16              STOP RUN.
>> Warning: Invalid syntax

Considering: import/gnucobol/tests/testsuite.src/listings.at:4042:0
Considering: import/gnucobol/tests/testsuite.src/listings.at:4076:0
listings.at-4076-prog2.cob:6.0-6.6:
   3     PROGRAM-ID.      prog2.
   4     DATA             DIVISION.
   5     WORKING-STORAGE  SECTION.
   6 > >>PAGE
----   ^^^^^^
   7     PROCEDURE        DIVISION.
   8     STOP RUN.
>> Error: Invalid >>PAGE compiler directive

Considering: import/gnucobol/tests/testsuite.src/listings.at:4124:0
Considering: import/gnucobol/tests/testsuite.src/listings.at:5812:0
Considering: import/gnucobol/tests/testsuite.src/listings.at:6128:0
Considering: import/gnucobol/tests/testsuite.src/listings.at:6940:0
