Pre-processing `test/testsuite/microfocus/www.csis.ul.ie/Accept/ACCEPT.CBL':
 IDENTIFICATION
 DIVISION
 .
 PROGRAM-ID
 .
 ACCEPTANDDISPLAY
 .
 AUTHOR
 .
 MICHAEL
 COUGHLAN
 .
 DATA
 DIVISION
 .
 WORKING-STORAGE
 SECTION
 .
 01
 STUDENTDETAILS
 .
 02
 STUDENTID
 PIC
 9(7)
 .
 02
 STUDENTNAME
 .
 03
 SURNAME
 PIC
 X(8)
 .
 03
 INITIALS
 PIC
 XX
 .
 02
 COURSECODE
 PIC
 X(4)
 .
 02
 GENDER
 PIC
 X
 .
 01
 CURRENTDATE
 .
 02
 CURRENTYEAR
 PIC
 9(4)
 .
 02
 CURRENTMONTH
 PIC
 99
 .
 02
 CURRENTDAY
 PIC
 99
 .
 01
 DAYOFYEAR
 .
 02
 FILLER
 PIC
 9(4)
 .
 02
 YEARDAY
 PIC
 9(3)
 .
 01
 CURRENTTIME
 .
 02
 CURRENTHOUR
 PIC
 99
 .
 02
 CURRENTMINUTE
 PIC
 99
 .
 02
 FILLER
 PIC
 9(4)
 .
 PROCEDURE
 DIVISION
 .
 BEGIN
 .
 DISPLAY
 "Enter student details using template below"
 .
 DISPLAY
 "Enter - ID,Surname,Initials,CourseCode,Gender"
 DISPLAY
 "SSSSSSSNNNNNNNNIICCCCG"
 .
 ACCEPT
 STUDENTDETAILS
 .
 ACCEPT
 CURRENTDATE
 FROM
 DATE
 YYYYMMDD
 .
 ACCEPT
 DAYOFYEAR
 FROM
 DAY
 YYYYDDD
 .
 ACCEPT
 CURRENTTIME
 FROM
 TIME
 .
 DISPLAY
 "Name is "
 INITIALS
 SPACE
 SURNAME
 .
 DISPLAY
 "Date is "
 CURRENTDAY
 SPACE
 CURRENTMONTH
 SPACE
 CURRENTYEAR
 .
 DISPLAY
 "Today is day "
 YEARDAY
 " of the year"
 .
 DISPLAY
 "The time is "
 CURRENTHOUR
 ":"
 CURRENTMINUTE
 .
 STOP
 RUN
 .

Done.
Pre-processing `test/testsuite/microfocus/www.csis.ul.ie/Accept/MULTIPLIER.CBL':
 IDENTIFICATION
 DIVISION
 .
 PROGRAM-ID
 .
 MULTIPLIER
 .
 AUTHOR
 .
 MICHAEL
 COUGHLAN
 .
 DATA
 DIVISION
 .
 WORKING-STORAGE
 SECTION
 .
 01
 NUM1
 PIC
 9
 VALUE
 ZEROS
 .
 01
 NUM2
 PIC
 9
 VALUE
 ZEROS
 .
 01
 RESULT
 PIC
 99
 VALUE
 ZEROS
 .
 PROCEDURE
 DIVISION
 .
 DISPLAY
 "Enter first number  (1 digit) : "
 WITH
 NO
 ADVANCING
 .
 ACCEPT
 NUM1
 .
 DISPLAY
 "Enter second number (1 digit) : "
 WITH
 NO
 ADVANCING
 .
 ACCEPT
 NUM2
 .
 MULTIPLY
 NUM1
 BY
 NUM2
 GIVING
 RESULT
 .
 DISPLAY
 "Result is = "
 RESULT
 .
 STOP
 RUN
 .

Done.
Pre-processing `test/testsuite/microfocus/www.csis.ul.ie/Accept/Shortest.CBL':
 IDENTIFICATION
 DIVISION
 .
 PROGRAM-ID
 .
 SHORTESTPROGRAM
 .
 PROCEDURE
 DIVISION
 .
 DISPLAYPROMPT
 .
 DISPLAY
 "I did it"
 .
 STOP
 RUN
 .

Done.
Pre-processing `test/testsuite/microfocus/www.csis.ul.ie/Conditn/CONDITIONS.CBL':
 IDENTIFICATION
 DIVISION
 .
 PROGRAM-ID
 .
 CONDITIONS
 .
 AUTHOR
 .
 MICHAEL
 COUGHLAN
 .
 DATA
 DIVISION
 .
 WORKING-STORAGE
 SECTION
 .
 01
 CHAR
 PIC
 X
 .
 88
 VOWEL
 VALUE
 "a"
 "e"
 "i"
 "o"
 "u"
 .
 88
 CONSONANT
 VALUE
 "b"
 "c"
 "d"
 "f"
 "g"
 "h"
 "j"
 THRU
 "n"
 "p"
 THRU
 "t"
 "v"
 THRU
 "z"
 .
 88
 DIGIT
 VALUE
 "0"
 THRU
 "9"
 .
 88
 VALIDCHARACTER
 VALUE
 "a"
 THRU
 "z"
 "0"
 THRU
 "9"
 .
 PROCEDURE
 DIVISION
 .
 BEGIN
 .
 DISPLAY
 "Enter lower case character or digit. No data ends."
 .
 ACCEPT
 CHAR
 .
 PERFORM
 UNTIL
 NOT
 VALIDCHARACTER
 EVALUATE
 TRUE
 WHEN
 VOWEL
 DISPLAY
 "The letter "
 CHAR
 " is a vowel."
 WHEN
 CONSONANT
 DISPLAY
 "The letter "
 CHAR
 " is a consonant."
 WHEN
 DIGIT
 DISPLAY
 CHAR
 " is a digit."
 WHEN
 OTHER
 DISPLAY
 "problems found"
 END-EVALUATE
 END-PERFORM
 STOP
 RUN
 .

Done.
Pre-processing `test/testsuite/microfocus/www.csis.ul.ie/Conditn/IterIf.cbl':
 IDENTIFICATION
 DIVISION
 .
 PROGRAM-ID
 .
 ITERATION-IF
 .
 AUTHOR
 .
 MICHAEL
 COUGHLAN
 .
 DATA
 DIVISION
 .
 WORKING-STORAGE
 SECTION
 .
 01
 NUM1
 PIC
 9
 VALUE
 ZEROS
 .
 01
 NUM2
 PIC
 9
 VALUE
 ZEROS
 .
 01
 RESULT
 PIC
 99
 VALUE
 ZEROS
 .
 01
 OPERATOR
 PIC
 X
 VALUE
 SPACE
 .
 PROCEDURE
 DIVISION
 .
 CALCULATOR
 .
 PERFORM
 3
 TIMES
 DISPLAY
 "Enter First Number      : "
 WITH
 NO
 ADVANCING
 ACCEPT
 NUM1
 DISPLAY
 "Enter Second Number     : "
 WITH
 NO
 ADVANCING
 ACCEPT
 NUM2
 DISPLAY
 "Enter operator (+ or *) : "
 WITH
 NO
 ADVANCING
 ACCEPT
 OPERATOR
 IF
 OPERATOR
 =
 "+"
 THEN
 ADD
 NUM1
 NUM2
 GIVING
 RESULT
 END-IF
 IF
 OPERATOR
 =
 "*"
 THEN
 MULTIPLY
 NUM1
 BY
 NUM2
 GIVING
 RESULT
 END-IF
 DISPLAY
 "Result is = "
 RESULT
 END-PERFORM
 .
 STOP
 RUN
 .

Done.
Pre-processing `test/testsuite/microfocus/www.csis.ul.ie/Indexed/DirectReadIdx.CBL':
 IDENTIFICATION
 DIVISION
 .
 PROGRAM-ID
 .
 DIRECTREADIDX
 .
 AUTHOR
 .
 MICHAEL
 COUGHLAN
 .
 ENVIRONMENT
 DIVISION
 .
 INPUT-OUTPUT
 SECTION
 .
 FILE-CONTROL
 .
 SELECT
 VIDEOFILE
 ASSIGN
 TO
 "IDXVIDEO.DAT"
 ORGANIZATION
 IS
 INDEXED
 ACCESS
 MODE
 IS
 DYNAMIC
 RECORD
 KEY
 IS
 VIDEOCODE
 ALTERNATE
 RECORD
 KEY
 IS
 VIDEOTITLE
 WITH
 DUPLICATES
 FILE
 STATUS
 IS
 VIDEOSTATUS
 .
 DATA
 DIVISION
 .
 FILE
 SECTION
 .
 FD
 VIDEOFILE
 .
 01
 VIDEORECORD
 .
 02
 VIDEOCODE
 PIC
 9(5)
 .
 02
 VIDEOTITLE
 PIC
 X(40)
 .
 02
 SUPPLIERCODE
 PIC
 99
 .
 WORKING-STORAGE
 SECTION
 .
 01
 VIDEOSTATUS
 PIC
 X(2)
 .
 88
 RECORDFOUND
 VALUE
 "00"
 .
 01
 REQUIREDKEY
 PIC
 9
 .
 88
 VIDEOCODEKEY
 VALUE
 1
 .
 88
 VIDEOTITLEKEY
 VALUE
 2
 .
 01
 PRNVIDEORECORD
 .
 02
 PRNVIDEOCODE
 PIC
 9(5)
 .
 02
 PRNVIDEOTITLE
 PIC
 BBBBX(40)
 .
 02
 PRNSUPPLIERCODE
 PIC
 BBBB99
 .
 PROCEDURE
 DIVISION
 .
 BEGIN
 .
 OPEN
 INPUT
 VIDEOFILE
 .
 DISPLAY
 "Chose key VideoCode = 1,  VideoTitle = 2 ->  "
 WITH
 NO
 ADVANCING
 .
 ACCEPT
 REQUIREDKEY
 .
 IF
 VIDEOCODEKEY
 DISPLAY
 "Enter Video Code (5 digits) -> "
 WITH
 NO
 ADVANCING
 ACCEPT
 VIDEOCODE
 READ
 VIDEOFILE
 KEY
 IS
 VIDEOCODE
 INVALID
 KEY
 DISPLAY
 "VIDEO STATUS :- "
 VIDEOSTATUS
 END-READ
 END-IF
 IF
 VIDEOTITLEKEY
 DISPLAY
 "Enter Video Title (40 chars) -> "
 WITH
 NO
 ADVANCING
 ACCEPT
 VIDEOTITLE
 READ
 VIDEOFILE
 KEY
 IS
 VIDEOTITLE
 INVALID
 KEY
 DISPLAY
 "VIDEO STATUS :- "
 VIDEOSTATUS
 END-READ
 END-IF
 IF
 RECORDFOUND
 MOVE
 VIDEOCODE
 TO
 PRNVIDEOCODE
 MOVE
 VIDEOTITLE
 TO
 PRNVIDEOTITLE
 MOVE
 SUPPLIERCODE
 TO
 PRNSUPPLIERCODE
 DISPLAY
 PRNVIDEORECORD
 END-IF
 .
 CLOSE
 VIDEOFILE
 .
 STOP
 RUN
 .

Done.
Pre-processing `test/testsuite/microfocus/www.csis.ul.ie/Indexed/Seq2Index.CBL':
 IDENTIFICATION
 DIVISION
 .
 PROGRAM-ID
 .
 SEQ2INDEX
 .
 AUTHOR
 .
 MICHAEL
 COUGHLAN
 .
 ENVIRONMENT
 DIVISION
 .
 INPUT-OUTPUT
 SECTION
 .
 FILE-CONTROL
 .
 SELECT
 VIDEOFILE
 ASSIGN
 TO
 "IDXVIDEO.DAT"
 ORGANIZATION
 IS
 INDEXED
 ACCESS
 MODE
 IS
 RANDOM
 RECORD
 KEY
 IS
 VIDEOCODE
 ALTERNATE
 RECORD
 KEY
 IS
 VIDEOTITLE
 WITH
 DUPLICATES
 FILE
 STATUS
 IS
 VIDEOSTATUS
 .
 SELECT
 SEQVIDEOFILE
 ASSIGN
 TO
 "SEQVIDEO.DAT"
 ORGANIZATION
 IS
 LINE
 SEQUENTIAL
 .
 DATA
 DIVISION
 .
 FILE
 SECTION
 .
 FD
 VIDEOFILE
 .
 01
 VIDEORECORD
 .
 02
 VIDEOCODE
 PIC
 9(5)
 .
 02
 VIDEOTITLE
 PIC
 X(40)
 .
 02
 VIDEOSUPPLIERCODE
 PIC
 99
 .
 FD
 SEQVIDEOFILE
 .
 01
 SEQVIDEORECORD
 .
 88
 ENDOFFILE
 VALUE
 HIGH-VALUES
 .
 02
 SEQVIDEOCODE
 PIC
 9(5)
 .
 02
 SEQVIDEOTITLE
 PIC
 X(40)
 .
 02
 SEQVIDEOSUPPLIERCODE
 PIC
 99
 .
 WORKING-STORAGE
 SECTION
 .
 01
 VIDEOSTATUS
 PIC
 X(2)
 .
 PROCEDURE
 DIVISION
 .
 BEGIN
 .
 OPEN
 INPUT
 SEQVIDEOFILE
 .
 OPEN
 OUTPUT
 VIDEOFILE
 .
 READ
 SEQVIDEOFILE
 AT
 END
 SET
 ENDOFFILE
 TO
 TRUE
 END-READ
 .
 PERFORM
 UNTIL
 ENDOFFILE
 WRITE
 VIDEORECORD
 FROM
 SEQVIDEORECORD
 INVALID
 KEY
 DISPLAY
 "VIDEO STATUS :- "
 VIDEOSTATUS
 END-WRITE
 READ
 SEQVIDEOFILE
 AT
 END
 SET
 ENDOFFILE
 TO
 TRUE
 END-READ
 END-PERFORM
 .
 CLOSE
 VIDEOFILE
 SEQVIDEOFILE
 .
 STOP
 RUN
 .

Done.
Pre-processing `test/testsuite/microfocus/www.csis.ul.ie/Indexed/SeqReadIdx.cbl':
 IDENTIFICATION
 DIVISION
 .
 PROGRAM-ID
 .
 SEQREADIDX
 .
 AUTHOR
 .
 MICHAEL
 COUGHLAN
 .
 ENVIRONMENT
 DIVISION
 .
 INPUT-OUTPUT
 SECTION
 .
 FILE-CONTROL
 .
 SELECT
 VIDEOFILE
 ASSIGN
 TO
 "IDXVIDEO.DAT"
 ORGANIZATION
 IS
 INDEXED
 ACCESS
 MODE
 IS
 DYNAMIC
 RECORD
 KEY
 IS
 VIDEOCODE
 ALTERNATE
 RECORD
 KEY
 IS
 VIDEOTITLE
 WITH
 DUPLICATES
 FILE
 STATUS
 IS
 VIDEOSTATUS
 .
 DATA
 DIVISION
 .
 FILE
 SECTION
 .
 FD
 VIDEOFILE
 .
 01
 VIDEORECORD
 .
 88
 ENDOFFILE
 VALUE
 HIGH-VALUE
 .
 02
 VIDEOCODE
 PIC
 9(5)
 .
 02
 VIDEOTITLE
 PIC
 X(40)
 .
 02
 SUPPLIERCODE
 PIC
 99
 .
 WORKING-STORAGE
 SECTION
 .
 01
 VIDEOSTATUS
 PIC
 X(2)
 .
 01
 REQUIREDSEQUENCE
 PIC
 9
 .
 88
 VIDEOCODESEQUENCE
 VALUE
 1
 .
 88
 VIDEOTITLESEQUENCE
 VALUE
 2
 .
 01
 PRNVIDEORECORD
 .
 02
 PRNVIDEOCODE
 PIC
 9(5)
 .
 02
 PRNVIDEOTITLE
 PIC
 BBBBX(40)
 .
 02
 PRNSUPPLIERCODE
 PIC
 BBBB99
 .
 PROCEDURE
 DIVISION
 .
 BEGIN
 .
 OPEN
 INPUT
 VIDEOFILE
 .
 DISPLAY
 "Enter key : 1=VideoCode, 2=VideoTitle ->"
 WITH
 NO
 ADVANCING
 .
 ACCEPT
 REQUIREDSEQUENCE
 .
 IF
 VIDEOTITLESEQUENCE
 MOVE
 SPACES
 TO
 VIDEOTITLE
 START
 VIDEOFILE
 KEY
 IS
 GREATER
 THAN
 VIDEOTITLE
 INVALID
 KEY
 DISPLAY
 "VIDEO STATUS :- "
 VIDEOSTATUS
 END-START
 END-IF
 READ
 VIDEOFILE
 NEXT
 RECORD
 AT
 END
 SET
 ENDOFFILE
 TO
 TRUE
 END-READ
 .
 PERFORM
 UNTIL
 ENDOFFILE
 MOVE
 VIDEOCODE
 TO
 PRNVIDEOCODE
 MOVE
 VIDEOTITLE
 TO
 PRNVIDEOTITLE
 MOVE
 SUPPLIERCODE
 TO
 PRNSUPPLIERCODE
 DISPLAY
 PRNVIDEORECORD
 READ
 VIDEOFILE
 NEXT
 RECORD
 AT
 END
 SET
 ENDOFFILE
 TO
 TRUE
 END-READ
 END-PERFORM
 .
 CLOSE
 VIDEOFILE
 .
 STOP
 RUN
 .

Done.
Pre-processing `test/testsuite/microfocus/www.csis.ul.ie/Merge/MERGE.CBL':
 IDENTIFICATION
 DIVISION
 .
 PROGRAM-ID
 .
 MERGEFILES
 .
 AUTHOR
 .
 MICHAEL
 COUGHLAN
 .
 ENVIRONMENT
 DIVISION
 .
 INPUT-OUTPUT
 SECTION
 .
 FILE-CONTROL
 .
 SELECT
 STUDENTFILE
 ASSIGN
 TO
 "STUDENTS.DAT"
 ORGANIZATION
 IS
 LINE
 SEQUENTIAL
 .
 SELECT
 INSERTIONSFILE
 ASSIGN
 TO
 "TRANSINS.DAT"
 ORGANIZATION
 IS
 LINE
 SEQUENTIAL
 .
 SELECT
 NEWSTUDENTFILE
 ASSIGN
 TO
 "STUDENTS.NEW"
 ORGANIZATION
 IS
 LINE
 SEQUENTIAL
 .
 SELECT
 WORKFILE
 ASSIGN
 TO
 "WORK.TMP"
 .
 DATA
 DIVISION
 .
 FILE
 SECTION
 .
 FD
 STUDENTFILE
 .
 01
 STUDENTREC
 PIC
 X(30)
 .
 FD
 INSERTIONSFILE
 .
 01
 INSERTIONREC
 PIC
 X(30)
 .
 FD
 NEWSTUDENTFILE
 .
 01
 NEWSTUDENTREC
 PIC
 X(30)
 .
 SD
 WORKFILE
 .
 01
 WORKREC
 .
 02
 WSTUDENTID
 PIC
 9(7)
 .
 02
 FILLER
 PIC
 X(23)
 .
 PROCEDURE
 DIVISION
 .
 BEGIN
 .
 MERGE
 WORKFILE
 ON
 ASCENDING
 KEY
 WSTUDENTID
 USING
 INSERTIONSFILE
 STUDENTFILE
 GIVING
 NEWSTUDENTFILE
 .
 STOP
 RUN
 .

Done.
Pre-processing `test/testsuite/microfocus/www.csis.ul.ie/Perform/MileageCount.CBL':
 IDENTIFICATION
 DIVISION
 .
 PROGRAM-ID
 .
 MILEAGECOUNTER
 .
 AUTHOR
 .
 MICHAEL
 COUGHLAN
 .
 DATA
 DIVISION
 .
 WORKING-STORAGE
 SECTION
 .
 01
 COUNTERS
 .
 02
 HUNDREDSCOUNT
 PIC
 99
 VALUE
 ZEROS
 .
 02
 TENSCOUNT
 PIC
 99
 VALUE
 ZEROS
 .
 02
 UNITSCOUNT
 PIC
 99
 VALUE
 ZEROS
 .
 01
 DISPLAYITEMS
 .
 02
 PRNHUNDS
 PIC
 9
 .
 02
 PRNTENS
 PIC
 9
 .
 02
 PRNUNITS
 PIC
 9
 .
 PROCEDURE
 DIVISION
 .
 BEGIN
 .
 DISPLAY
 "Using an out-of-line Perform"
 .
 DISPLAY
 "About to start mileage counter simulation"
 .
 PERFORM
 COUNTMILAGE
 VARYING
 HUNDREDSCOUNT
 FROM
 0
 BY
 1
 UNTIL
 HUNDREDSCOUNT
 >
 9
 AFTER
 TENSCOUNT
 FROM
 0
 BY
 1
 UNTIL
 TENSCOUNT
 >
 9
 AFTER
 UNITSCOUNT
 FROM
 0
 BY
 1
 UNTIL
 UNITSCOUNT
 >
 9
 DISPLAY
 "End of mileage counter simulation."
 DISPLAY
 "Now using in-line Performs"
 DISPLAY
 "About to start mileage counter simulation"
 .
 PERFORM
 VARYING
 HUNDREDSCOUNT
 FROM
 0
 BY
 1
 UNTIL
 HUNDREDSCOUNT
 >
 9
 PERFORM
 VARYING
 TENSCOUNT
 FROM
 0
 BY
 1
 UNTIL
 TENSCOUNT
 >
 9
 PERFORM
 VARYING
 UNITSCOUNT
 FROM
 0
 BY
 1
 UNTIL
 UNITSCOUNT
 >
 9
 MOVE
 HUNDREDSCOUNT
 TO
 PRNHUNDS
 MOVE
 TENSCOUNT
 TO
 PRNTENS
 MOVE
 UNITSCOUNT
 TO
 PRNUNITS
 DISPLAY
 PRNHUNDS
 "-"
 PRNTENS
 "-"
 PRNUNITS
 END-PERFORM
 END-PERFORM
 END-PERFORM
 .
 DISPLAY
 "End of mileage counter simulation."
 STOP
 RUN
 .
 COUNTMILAGE
 .
 MOVE
 HUNDREDSCOUNT
 TO
 PRNHUNDS
 MOVE
 TENSCOUNT
 TO
 PRNTENS
 MOVE
 UNITSCOUNT
 TO
 PRNUNITS
 DISPLAY
 PRNHUNDS
 "-"
 PRNTENS
 "-"
 PRNUNITS
 .

Done.
Pre-processing `test/testsuite/microfocus/www.csis.ul.ie/Perform/PERFORM1.CBL':
 IDENTIFICATION
 DIVISION
 .
 PROGRAM-ID
 .
 PERFORMFORMAT1
 .
 AUTHOR
 .
 MICHAEL
 COUGHLAN
 .
 PROCEDURE
 DIVISION
 .
 TOPLEVEL
 .
 DISPLAY
 "In TopLevel. Starting to run program"
 PERFORM
 ONELEVELDOWN
 DISPLAY
 "Back in TopLevel."
 .
 STOP
 RUN
 .
 TWOLEVELSDOWN
 .
 DISPLAY
 ">>>>>>>> Now in TwoLevelsDown."
 PERFORM
 THREELEVELSDOWN
 .
 DISPLAY
 ">>>>>>>> Back in TwoLevelsDown."
 .
 ONELEVELDOWN
 .
 DISPLAY
 ">>>> Now in OneLevelDown"
 PERFORM
 TWOLEVELSDOWN
 DISPLAY
 ">>>> Back in OneLevelDown"
 .
 THREELEVELSDOWN
 .
 DISPLAY
 ">>>>>>>>>>>> Now in ThreeLevelsDown"
 .

Done.
Pre-processing `test/testsuite/microfocus/www.csis.ul.ie/Perform/PERFORM3.CBL':
 IDENTIFICATION
 DIVISION
 .
 PROGRAM-ID
 .
 PERFORMFORMAT3
 .
 AUTHOR
 .
 MICHAEL
 COUGHLAN
 .
 DATA
 DIVISION
 .
 WORKING-STORAGE
 SECTION
 .
 01
 ITERCOUNT
 PIC
 99
 VALUE
 ZEROS
 .
 88
 MAXCOUNTREACHED
 VALUE
 99
 .
 01
 USERINPUT
 PIC
 99
 VALUE
 ZEROS
 .
 88
 ENDOFUSERINPUT
 VALUE
 ZEROS
 .
 01
 RUNNINGTOTAL
 PIC
 999
 VALUE
 ZEROS
 .
 01
 AVERAGEVALUE
 PIC
 99
 VALUES
 ZEROS
 .
 PROCEDURE
 DIVISION
 .
 BEGIN
 .
 PERFORM
 UNTIL
 ITERCOUNT
 =
 5
 DISPLAY
 "IterCount = "
 ITERCOUNT
 ADD
 1
 TO
 ITERCOUNT
 END-PERFORM
 DISPLAY
 "Finished in line Perform."
 INITIALIZE
 ITERCOUNT
 DISPLAY
 "Enter a stream of up to 99 numbers."
 DISPLAY
 "Each number must be in the range 1-99.  Enter 0 to stop."
 DISPLAY
 "Enter number :- "
 WITH
 NO
 ADVANCING
 ACCEPT
 USERINPUT
 PERFORM
 GETUSERINPUT
 UNTIL
 ENDOFUSERINPUT
 OR
 MAXCOUNTREACHED
 DISPLAY
 "The final total is - "
 RUNNINGTOTAL
 DISPLAY
 "The final count is - "
 ITERCOUNT
 COMPUTE
 AVERAGEVALUE
 =
 RUNNINGTOTAL
 /
 ITERCOUNT
 DISPLAY
 "The average value entered is - "
 AVERAGEVALUE
 STOP
 RUN
 .
 GETUSERINPUT
 .
 ADD
 USERINPUT
 TO
 RUNNINGTOTAL
 ON
 SIZE
 ERROR
 DISPLAY
 "Error - new total too large for data-item."
 NOT
 ON
 SIZE
 ERROR
 ADD
 1
 TO
 ITERCOUNT
 END-ADD
 END-ADD
 DISPLAY
 "Total so far is - "
 RUNNINGTOTAL
 DISPLAY
 "Count so far is - "
 ITERCOUNT
 DISPLAY
 "Enter number :- "
 WITH
 NO
 ADVANCING
 ACCEPT
 USERINPUT
 .

Done.
Pre-processing `test/testsuite/microfocus/www.csis.ul.ie/Perform/PERFORM4.CBL':
 IDENTIFICATION
 DIVISION
 .
 PROGRAM-ID
 .
 PERFORMFORMAT4
 .
 AUTHOR
 .
 MICHAEL
 COUGHLAN
 .
 DATA
 DIVISION
 .
 WORKING-STORAGE
 SECTION
 .
 01
 LOOPCOUNT
 PIC
 9
 VALUE
 ZEROS
 .
 01
 LOOPCOUNT2
 PIC
 S9
 VALUE
 ZEROS
 .
 PROCEDURE
 DIVISION
 .
 BEGIN
 .
 DISPLAY
 "Start WHILE Iteration of LoopBody"
 PERFORM
 LOOPBODY
 WITH
 TEST
 BEFORE
 VARYING
 LOOPCOUNT
 FROM
 1
 BY
 2
 UNTIL
 LOOPCOUNT
 GREATER
 THAN
 5
 .
 DISPLAY
 "Finished WHILE iteration.  LoopCount = "
 LOOPCOUNT
 .
 DISPLAY
 "Start REPEAT Iteration of LoopBody"
 PERFORM
 LOOPBODY
 WITH
 TEST
 AFTER
 VARYING
 LOOPCOUNT
 FROM
 1
 BY
 2
 UNTIL
 LOOPCOUNT
 GREATER
 THAN
 5
 .
 DISPLAY
 "Finished REPEAT iteration. LoopCount = "
 LOOPCOUNT
 .
 DISPLAY
 "Start inline loops"
 PERFORM
 VARYING
 LOOPCOUNT
 FROM
 1
 BY
 1
 UNTIL
 LOOPCOUNT
 GREATER
 THAN
 4
 PERFORM
 VARYING
 LOOPCOUNT2
 FROM
 5
 BY
 -2
 UNTIL
 LOOPCOUNT2
 LESS
 THAN
 ZERO
 DISPLAY
 "InLine loop "
 WITH
 NO
 ADVANCING
 DISPLAY
 "LoopCount = "
 LOOPCOUNT
 " LoopCount2 = "
 LOOPCOUNT2
 END-PERFORM
 END-PERFORM
 .
 DISPLAY
 "Finished inline loops"
 .
 DISPLAY
 "Start PERFORM VARYING..AFTER"
 .
 PERFORM
 LOOPBODY
 VARYING
 LOOPCOUNT
 FROM
 1
 BY
 1
 UNTIL
 LOOPCOUNT
 GREATER
 THAN
 4
 AFTER
 LOOPCOUNT2
 FROM
 5
 BY
 -2
 UNTIL
 LOOPCOUNT2
 LESS
 THAN
 ZERO
 .
 DISPLAY
 "Finished PERFORM VARYING..AFTER"
 .
 STOP
 RUN
 .
 LOOPBODY
 .
 DISPLAY
 "LoopBody "
 WITH
 NO
 ADVANCING
 DISPLAY
 "LoopCount = "
 LOOPCOUNT
 " LoopCount2 = "
 LOOPCOUNT2
 .

Done.
Pre-processing `test/testsuite/microfocus/www.csis.ul.ie/Relative/ReadREL.CBL':
 IDENTIFICATION
 DIVISION
 .
 PROGRAM-ID
 .
 READRELATIVE
 .
 AUTHOR
 .
 MICHAEL
 COUGHLAN
 .
 ENVIRONMENT
 DIVISION
 .
 INPUT-OUTPUT
 SECTION
 .
 FILE-CONTROL
 .
 SELECT
 SUPPLIERFILE
 ASSIGN
 TO
 "RELSUPP.DAT"
 ORGANIZATION
 IS
 RELATIVE
 ACCESS
 MODE
 IS
 DYNAMIC
 RELATIVE
 KEY
 IS
 SUPPLIERKEY
 FILE
 STATUS
 IS
 SUPPLIERSTATUS
 .
 DATA
 DIVISION
 .
 FILE
 SECTION
 .
 FD
 SUPPLIERFILE
 .
 01
 SUPPLIERRECORD
 .
 88
 ENDOFFILE
 VALUE
 HIGH-VALUES
 .
 02
 SUPPLIERCODE
 PIC
 99
 .
 02
 SUPPLIERNAME
 PIC
 X(20)
 .
 02
 SUPPLIERADDRESS
 PIC
 X(50)
 .
 WORKING-STORAGE
 SECTION
 .
 01
 SUPPLIERSTATUS
 PIC
 X(2)
 .
 88
 RECORDFOUND
 VALUE
 "00"
 .
 01
 SUPPLIERKEY
 PIC
 99
 .
 01
 PRNSUPPLIERRECORD
 .
 02
 PRNSUPPLIERCODE
 PIC
 BB99
 .
 02
 PRNSUPPLIERNAME
 PIC
 BBX(20)
 .
 02
 PRNSUPPLIERADDRESS
 PIC
 BBX(50)
 .
 01
 READTYPE
 PIC
 9
 .
 88
 DIRECTREAD
 VALUE
 1
 .
 88
 SEQUENTIALREAD
 VALUE
 2
 .
 PROCEDURE
 DIVISION
 .
 BEGIN
 .
 OPEN
 INPUT
 SUPPLIERFILE
 .
 DISPLAY
 "Read type : Direct read = 1, Sequential read = 2 --> "
 WITH
 NO
 ADVANCING
 .
 ACCEPT
 READTYPE
 .
 IF
 DIRECTREAD
 DISPLAY
 "Enter supplier code key (2 digits) --> "
 WITH
 NO
 ADVANCING
 ACCEPT
 SUPPLIERKEY
 READ
 SUPPLIERFILE
 INVALID
 KEY
 DISPLAY
 "SUPP STATUS :-"
 SUPPLIERSTATUS
 END-READ
 PERFORM
 DISPLAYRECORD
 END-IF
 IF
 SEQUENTIALREAD
 READ
 SUPPLIERFILE
 NEXT
 RECORD
 AT
 END
 SET
 ENDOFFILE
 TO
 TRUE
 END-READ
 PERFORM
 UNTIL
 ENDOFFILE
 PERFORM
 DISPLAYRECORD
 READ
 SUPPLIERFILE
 NEXT
 RECORD
 AT
 END
 SET
 ENDOFFILE
 TO
 TRUE
 END-READ
 END-PERFORM
 END-IF
 CLOSE
 SUPPLIERFILE
 .
 STOP
 RUN
 .
 DISPLAYRECORD
 .
 IF
 RECORDFOUND
 MOVE
 SUPPLIERCODE
 TO
 PRNSUPPLIERCODE
 MOVE
 SUPPLIERNAME
 TO
 PRNSUPPLIERNAME
 MOVE
 SUPPLIERADDRESS
 TO
 PRNSUPPLIERADDRESS
 DISPLAY
 PRNSUPPLIERRECORD
 END-IF
 .

Done.
Pre-processing `test/testsuite/microfocus/www.csis.ul.ie/Relative/Seq2Rel.cbl':
 IDENTIFICATION
 DIVISION
 .
 PROGRAM-ID
 .
 SEQ2REL
 .
 AUTHOR
 .
 MICHAEL
 COUGHLAN
 .
 ENVIRONMENT
 DIVISION
 .
 INPUT-OUTPUT
 SECTION
 .
 FILE-CONTROL
 .
 SELECT
 SUPPLIERFILE
 ASSIGN
 TO
 "RELSUPP.DAT"
 ORGANIZATION
 IS
 RELATIVE
 ACCESS
 MODE
 IS
 RANDOM
 RELATIVE
 KEY
 IS
 SUPPLIERKEY
 FILE
 STATUS
 IS
 SUPPLIERSTATUS
 .
 SELECT
 SUPPLIERFILESEQ
 ASSIGN
 TO
 "SEQSUPP.DAT"
 ORGANIZATION
 IS
 LINE
 SEQUENTIAL
 .
 DATA
 DIVISION
 .
 FILE
 SECTION
 .
 FD
 SUPPLIERFILE
 .
 01
 SUPPLIERRECORD
 .
 02
 SUPPLIERCODE
 PIC
 99
 .
 02
 SUPPLIERNAME
 PIC
 X(20)
 .
 02
 SUPPLIERADDRESS
 PIC
 X(50)
 .
 FD
 SUPPLIERFILESEQ
 .
 01
 SUPPLIERRECORDSEQ
 .
 88
 ENDOFFILE
 VALUE
 HIGH-VALUES
 .
 02
 SUPPLIERCODESEQ
 PIC
 99
 .
 02
 SUPPLIERNAMESEQ
 PIC
 X(20)
 .
 02
 SUPPLIERADDRESSSEQ
 PIC
 X(50)
 .
 WORKING-STORAGE
 SECTION
 .
 01
 SUPPLIERSTATUS
 PIC
 X(2)
 .
 01
 SUPPLIERKEY
 PIC
 99
 .
 PROCEDURE
 DIVISION
 .
 BEGIN
 .
 OPEN
 OUTPUT
 SUPPLIERFILE
 .
 OPEN
 INPUT
 SUPPLIERFILESEQ
 .
 READ
 SUPPLIERFILESEQ
 AT
 END
 SET
 ENDOFFILE
 TO
 TRUE
 END-READ
 PERFORM
 UNTIL
 ENDOFFILE
 MOVE
 SUPPLIERCODESEQ
 TO
 SUPPLIERKEY
 MOVE
 SUPPLIERRECORDSEQ
 TO
 SUPPLIERRECORD
 WRITE
 SUPPLIERRECORD
 INVALID
 KEY
 DISPLAY
 "Supplier status = "
 SUPPLIERSTATUS
 END-WRITE
 READ
 SUPPLIERFILESEQ
 AT
 END
 SET
 ENDOFFILE
 TO
 TRUE
 END-READ
 END-PERFORM
 .
 CLOSE
 SUPPLIERFILE
 SUPPLIERFILESEQ
 .
 STOP
 RUN
 .

Done.
Pre-processing `test/testsuite/microfocus/www.csis.ul.ie/ReportWriter/RepWriteA.cbl':
 IDENTIFICATION
 DIVISION
 .
 PROGRAM-ID
 .
 REPORTEXAMPLEA
 .
 AUTHOR
 .
 MICHAEL
 COUGHLAN
 .
 ENVIRONMENT
 DIVISION
 .
 INPUT-OUTPUT
 SECTION
 .
 FILE-CONTROL
 .
 SELECT
 SALESFILE
 ASSIGN
 TO
 "GBSALES.DAT"
 ORGANIZATION
 IS
 LINE
 SEQUENTIAL
 .
 SELECT
 PRINTFILE
 ASSIGN
 TO
 "SALESREPORTA.LPT"
 .
 DATA
 DIVISION
 .
 FILE
 SECTION
 .
 FD
 SALESFILE
 .
 01
 SALESRECORD
 .
 88
 ENDOFFILE
 VALUE
 HIGH-VALUES
 .
 02
 CITYCODE
 PIC
 9
 .
 02
 SALESPERSONNUM
 PIC
 9
 .
 02
 VALUEOFSALE
 PIC
 9(4)V99
 .
 FD
 PRINTFILE
 REPORT
 IS
 SALESREPORT
 .
 WORKING-STORAGE
 SECTION
 .
 01
 NAMETABLE
 .
 02
 TABLEVALUES
 .
 03
 FILLER
 PIC
 X(18)
 VALUE
 "Dublin   Belfast  "
 .
 03
 FILLER
 PIC
 X(18)
 VALUE
 "Cork     Galway   "
 .
 03
 FILLER
 PIC
 X(18)
 VALUE
 "Sligo    Waterford"
 .
 03
 FILLER
 PIC
 X(9)
 VALUE
 "Limerick"
 .
 02
 FILLER
 REDEFINES
 TABLEVALUES
 .
 03
 CITYNAME
 PIC
 X(9)
 OCCURS
 7
 TIMES
 .
 REPORT
 SECTION
 .
 RD
 SALESREPORT
 CONTROLS
 ARE
 SALESPERSONNUM
 PAGE
 LIMIT
 IS
 66
 HEADING
 1
 FIRST
 DETAIL
 6
 LAST
 DETAIL
 42
 FOOTING
 52
 .
 01
 TYPE
 IS
 PAGE
 HEADING
 .
 02
 LINE
 1
 .
 03
 COLUMN
 12
 PIC
 X(32)
 VALUE
 "An example COBOL Report Program"
 .
 02
 LINE
 2
 .
 03
 COLUMN
 6
 PIC
 X(17)
 VALUE
 "Bible Salesperson"
 .
 03
 COLUMN
 23
 PIC
 X(26)
 VALUE
 " - Sales and Salary Report"
 .
 02
 LINE
 4
 .
 03
 COLUMN
 2
 PIC
 X(4)
 VALUE
 "City"
 .
 03
 COLUMN
 12
 PIC
 X(11)
 VALUE
 "Salesperson"
 .
 03
 COLUMN
 28
 PIC
 X(4)
 VALUE
 "Sale"
 .
 02
 LINE
 5
 .
 03
 COLUMN
 2
 PIC
 X(4)
 VALUE
 "Name"
 .
 03
 COLUMN
 13
 PIC
 X(6)
 VALUE
 "Number"
 .
 03
 COLUMN
 28
 PIC
 X(5)
 VALUE
 "Value"
 .
 01
 DETAILLINE
 TYPE
 IS
 DETAIL
 .
 02
 LINE
 IS
 PLUS
 1
 .
 03
 COLUMN
 1
 PIC
 X(9)
 SOURCE
 CITYNAME(CITYCODE)
 .
 03
 COLUMN
 15
 PIC
 9
 SOURCE
 SALESPERSONNUM
 .
 03
 COLUMN
 25
 PIC
 $$,$$$.99
 SOURCE
 VALUEOFSALE
 .
 01
 SALESPERSONGRP
 TYPE
 IS
 CONTROL
 FOOTING
 SALESPERSONNUM
 NEXT
 GROUP
 PLUS
 2
 .
 02
 LINE
 IS
 PLUS
 1
 .
 03
 COLUMN
 15
 PIC
 X(21)
 VALUE
 "Sales for salesperson"
 .
 03
 COLUMN
 37
 PIC
 9
 SOURCE
 SALESPERSONNUM
 .
 03
 COLUMN
 43
 PIC
 X
 VALUE
 "="
 .
 03
 SMS
 COLUMN
 45
 PIC
 $$$$$,$$$.99
 SUM
 VALUEOFSALE
 .
 01
 TYPE
 IS
 PAGE
 FOOTING
 .
 02
 LINE
 IS
 53
 .
 03
 COLUMN
 1
 PIC
 X(29)
 VALUE
 "Programmer - Michael Coughlan"
 .
 03
 COLUMN
 45
 PIC
 X(6)
 VALUE
 "Page :"
 .
 03
 COLUMN
 52
 PIC
 Z9
 SOURCE
 PAGE-COUNTER
 .
 PROCEDURE
 DIVISION
 .
 BEGIN
 .
 OPEN
 INPUT
 SALESFILE
 .
 OPEN
 OUTPUT
 PRINTFILE
 .
 READ
 SALESFILE
 AT
 END
 SET
 ENDOFFILE
 TO
 TRUE
 END-READ
 .
 INITIATE
 SALESREPORT
 .
 PERFORM
 PRINTSALARYREPORT
 UNTIL
 ENDOFFILE
 .
 TERMINATE
 SALESREPORT
 .
 CLOSE
 SALESFILE
 PRINTFILE
 .
 STOP
 RUN
 .
 PRINTSALARYREPORT
 .
 GENERATE
 DETAILLINE
 .
 READ
 SALESFILE
 AT
 END
 SET
 ENDOFFILE
 TO
 TRUE
 END-READ
 .

Done.
Pre-processing `test/testsuite/microfocus/www.csis.ul.ie/ReportWriter/RepWriteB.cbl':
 IDENTIFICATION
 DIVISION
 .
 PROGRAM-ID
 .
 REPORTEXAMPLEB
 .
 AUTHOR
 .
 MICHAEL
 COUGHLAN
 .
 ENVIRONMENT
 DIVISION
 .
 INPUT-OUTPUT
 SECTION
 .
 FILE-CONTROL
 .
 SELECT
 SALESFILE
 ASSIGN
 TO
 "GBSALES.DAT"
 ORGANIZATION
 IS
 LINE
 SEQUENTIAL
 .
 SELECT
 PRINTFILE
 ASSIGN
 TO
 "SALESREPORTB.LPT"
 .
 DATA
 DIVISION
 .
 FILE
 SECTION
 .
 FD
 SALESFILE
 .
 01
 SALESRECORD
 .
 88
 ENDOFFILE
 VALUE
 HIGH-VALUES
 .
 02
 CITYCODE
 PIC
 9
 .
 02
 SALESPERSONNUM
 PIC
 9
 .
 02
 VALUEOFSALE
 PIC
 9(4)V99
 .
 FD
 PRINTFILE
 REPORT
 IS
 SALESREPORT
 .
 WORKING-STORAGE
 SECTION
 .
 01
 NAMETABLE
 .
 02
 TABLEVALUES
 .
 03
 FILLER
 PIC
 X(18)
 VALUE
 "Dublin   Belfast  "
 .
 03
 FILLER
 PIC
 X(18)
 VALUE
 "Cork     Galway   "
 .
 03
 FILLER
 PIC
 X(18)
 VALUE
 "Sligo    Waterford"
 .
 03
 FILLER
 PIC
 X(9)
 VALUE
 "Limerick"
 .
 02
 FILLER
 REDEFINES
 TABLEVALUES
 .
 03
 CITYNAME
 PIC
 X(9)
 OCCURS
 7
 TIMES
 .
 REPORT
 SECTION
 .
 RD
 SALESREPORT
 CONTROLS
 ARE
 FINAL
 CITYCODE
 SALESPERSONNUM
 PAGE
 LIMIT
 IS
 66
 HEADING
 1
 FIRST
 DETAIL
 6
 LAST
 DETAIL
 42
 FOOTING
 52
 .
 01
 TYPE
 IS
 PAGE
 HEADING
 .
 02
 LINE
 1
 .
 03
 COLUMN
 12
 PIC
 X(32)
 VALUE
 "An example COBOL Report Program"
 .
 02
 LINE
 2
 .
 03
 COLUMN
 6
 PIC
 X(17)
 VALUE
 "Bible Salesperson"
 .
 03
 COLUMN
 23
 PIC
 X(26)
 VALUE
 " - Sales and Salary Report"
 .
 02
 LINE
 4
 .
 03
 COLUMN
 2
 PIC
 X(4)
 VALUE
 "City"
 .
 03
 COLUMN
 12
 PIC
 X(11)
 VALUE
 "Salesperson"
 .
 03
 COLUMN
 28
 PIC
 X(4)
 VALUE
 "Sale"
 .
 02
 LINE
 5
 .
 03
 COLUMN
 2
 PIC
 X(4)
 VALUE
 "Name"
 .
 03
 COLUMN
 13
 PIC
 X(6)
 VALUE
 "Number"
 .
 03
 COLUMN
 28
 PIC
 X(5)
 VALUE
 "Value"
 .
 01
 DETAILLINE
 TYPE
 IS
 DETAIL
 .
 02
 LINE
 IS
 PLUS
 1
 .
 03
 COLUMN
 1
 PIC
 X(9)
 SOURCE
 CITYNAME(CITYCODE)
 GROUP
 INDICATE
 .
 03
 COLUMN
 15
 PIC
 9
 SOURCE
 SALESPERSONNUM
 GROUP
 INDICATE
 .
 03
 COLUMN
 25
 PIC
 $$,$$$.99
 SOURCE
 VALUEOFSALE
 .
 01
 SALESPERSONGRP
 TYPE
 IS
 CONTROL
 FOOTING
 SALESPERSONNUM
 NEXT
 GROUP
 PLUS
 2
 .
 02
 LINE
 IS
 PLUS
 1
 .
 03
 COLUMN
 15
 PIC
 X(21)
 VALUE
 "Sales for salesperson"
 .
 03
 COLUMN
 37
 PIC
 9
 SOURCE
 SALESPERSONNUM
 .
 03
 COLUMN
 43
 PIC
 X
 VALUE
 "="
 .
 03
 SMS
 COLUMN
 45
 PIC
 $$$$$,$$$.99
 SUM
 VALUEOFSALE
 .
 01
 CITYGRP
 TYPE
 IS
 CONTROL
 FOOTING
 CITYCODE
 NEXT
 GROUP
 PLUS
 2
 .
 02
 LINE
 IS
 PLUS
 2
 .
 03
 COLUMN
 15
 PIC
 X(9)
 VALUE
 "Sales for"
 .
 03
 COLUMN
 25
 PIC
 X(9)
 SOURCE
 CITYNAME(CITYCODE)
 .
 03
 COLUMN
 43
 PIC
 X
 VALUE
 "="
 .
 03
 CS
 COLUMN
 45
 PIC
 $$$$$,$$$.99
 SUM
 SMS
 .
 01
 TOTALSALESGRP
 TYPE
 IS
 CONTROL
 FOOTING
 FINAL
 .
 02
 LINE
 IS
 PLUS
 4
 .
 03
 COLUMN
 15
 PIC
 X(11)
 VALUE
 "Total sales"
 .
 03
 COLUMN
 43
 PIC
 X
 VALUE
 "="
 .
 03
 COLUMN
 45
 PIC
 $$$$$,$$$.99
 SUM
 CS
 .
 01
 TYPE
 IS
 PAGE
 FOOTING
 .
 02
 LINE
 IS
 53
 .
 03
 COLUMN
 1
 PIC
 X(29)
 VALUE
 "Programmer - Michael Coughlan"
 .
 03
 COLUMN
 45
 PIC
 X(6)
 VALUE
 "Page :"
 .
 03
 COLUMN
 52
 PIC
 Z9
 SOURCE
 PAGE-COUNTER
 .
 PROCEDURE
 DIVISION
 .
 BEGIN
 .
 OPEN
 INPUT
 SALESFILE
 .
 OPEN
 OUTPUT
 PRINTFILE
 .
 READ
 SALESFILE
 AT
 END
 SET
 ENDOFFILE
 TO
 TRUE
 END-READ
 .
 INITIATE
 SALESREPORT
 .
 PERFORM
 PRINTSALARYREPORT
 UNTIL
 ENDOFFILE
 .
 TERMINATE
 SALESREPORT
 .
 CLOSE
 SALESFILE
 PRINTFILE
 .
 STOP
 RUN
 .
 PRINTSALARYREPORT
 .
 GENERATE
 DETAILLINE
 .
 READ
 SALESFILE
 AT
 END
 SET
 ENDOFFILE
 TO
 TRUE
 END-READ
 .

Done.
Pre-processing `test/testsuite/microfocus/www.csis.ul.ie/ReportWriter/RepWriteFull.cbl':
 IDENTIFICATION
 DIVISION
 .
 PROGRAM-ID
 .
 REPORTEXAMPLEFULL
 .
 AUTHOR
 .
 MICHAEL
 COUGHLAN
 .
 ENVIRONMENT
 DIVISION
 .
 INPUT-OUTPUT
 SECTION
 .
 FILE-CONTROL
 .
 SELECT
 SALESFILE
 ASSIGN
 TO
 "GBSALES.DAT"
 ORGANIZATION
 IS
 LINE
 SEQUENTIAL
 .
 SELECT
 PRINTFILE
 ASSIGN
 TO
 "SALESREPORT.LPT"
 .
 DATA
 DIVISION
 .
 FILE
 SECTION
 .
 FD
 SALESFILE
 .
 01
 SALESRECORD
 .
 88
 ENDOFFILE
 VALUE
 HIGH-VALUES
 .
 02
 CITYCODE
 PIC
 9
 .
 02
 SALESPERSONNUM
 PIC
 9
 .
 02
 VALUEOFSALE
 PIC
 9(4)V99
 .
 FD
 PRINTFILE
 REPORT
 IS
 SALESREPORT
 .
 WORKING-STORAGE
 SECTION
 .
 01
 NAMETABLE
 .
 02
 TABLEVALUES
 .
 03
 FILLER
 PIC
 X(18)
 VALUE
 "Dublin   Belfast  "
 .
 03
 FILLER
 PIC
 X(18)
 VALUE
 "Cork     Galway   "
 .
 03
 FILLER
 PIC
 X(18)
 VALUE
 "Sligo    Waterford"
 .
 03
 FILLER
 PIC
 X(9)
 VALUE
 "Limerick"
 .
 02
 FILLER
 REDEFINES
 TABLEVALUES
 .
 03
 CITYNAME
 PIC
 X(9)
 OCCURS
 7
 TIMES
 .
 01
 RATETABLE
 .
 02
 TABLEVALUES
 .
 03
 FILLER
 PIC
 X(35)
 VALUE
 "12300321004350056700123002340034500"
 .
 03
 FILLER
 PIC
 X(35)
 VALUE
 "12300543001230034200111001220013300"
 .
 03
 FILLER
 PIC
 X(35)
 VALUE
 "12000321001760018700133001440015500"
 .
 03
 FILLER
 PIC
 X(35)
 VALUE
 "32100123003210012000166001770018800"
 .
 03
 FILLER
 PIC
 X(35)
 VALUE
 "34500345004560054300111001220013200"
 .
 03
 FILLER
 PIC
 X(35)
 VALUE
 "19000180001780017900444003330022200"
 .
 03
 FILLER
 PIC
 X(35)
 VALUE
 "16700156001450014600222001110021200"
 .
 03
 FILLER
 PIC
 X(35)
 VALUE
 "12000132001230014300121003210043200"
 .
 03
 FILLER
 PIC
 X(35)
 VALUE
 "15400165001640017600111007770033300"
 .
 02
 FILLER
 REDEFINES
 TABLEVALUES
 .
 03
 CITY
 OCCURS
 7
 TIMES
 .
 04
 FIXEDRATE
 PIC
 9(3)V99
 OCCURS
 9
 TIMES
 .
 01
 MISCVARIABLES
 .
 02
 COMMISSION
 PIC
 9(4)V99
 .
 02
 PERCENTAGE
 PIC
 V99
 VALUE
 .05
 .
 02
 SALARY
 PIC
 9(6)V99
 .
 02
 SALESPERSONNOW
 PIC
 9
 .
 02
 CITYNOW
 PIC
 9
 .
 REPORT
 SECTION
 .
 RD
 SALESREPORT
 CONTROLS
 ARE
 FINAL
 CITYCODE
 SALESPERSONNUM
 PAGE
 LIMIT
 IS
 66
 HEADING
 1
 FIRST
 DETAIL
 6
 LAST
 DETAIL
 42
 FOOTING
 52
 .
 01
 TYPE
 IS
 PAGE
 HEADING
 .
 02
 LINE
 1
 .
 03
 COLUMN
 12
 PIC
 X(32)
 VALUE
 "An example COBOL Report Program"
 .
 02
 LINE
 2
 .
 03
 COLUMN
 6
 PIC
 X(17)
 VALUE
 "Bible Salesperson"
 .
 03
 COLUMN
 23
 PIC
 X(26)
 VALUE
 " - Sales and Salary Report"
 .
 02
 LINE
 4
 .
 03
 COLUMN
 2
 PIC
 X(4)
 VALUE
 "City"
 .
 03
 COLUMN
 12
 PIC
 X(11)
 VALUE
 "Salesperson"
 .
 03
 COLUMN
 28
 PIC
 X(4)
 VALUE
 "Sale"
 .
 02
 LINE
 5
 .
 03
 COLUMN
 2
 PIC
 X(4)
 VALUE
 "Name"
 .
 03
 COLUMN
 13
 PIC
 X(6)
 VALUE
 "Number"
 .
 03
 COLUMN
 28
 PIC
 X(5)
 VALUE
 "Value"
 .
 01
 DETAILLINE
 TYPE
 IS
 DETAIL
 .
 02
 LINE
 IS
 PLUS
 1
 .
 03
 COLUMN
 1
 PIC
 X(9)
 SOURCE
 CITYNAME(CITYCODE)
 GROUP
 INDICATE
 .
 03
 COLUMN
 15
 PIC
 9
 SOURCE
 SALESPERSONNUM
 GROUP
 INDICATE
 .
 03
 COLUMN
 25
 PIC
 $$,$$$.99
 SOURCE
 VALUEOFSALE
 .
 01
 SALESPERSONGRP
 TYPE
 IS
 CONTROL
 FOOTING
 SALESPERSONNUM
 NEXT
 GROUP
 PLUS
 2
 .
 02
 LINE
 IS
 PLUS
 1
 .
 03
 COLUMN
 15
 PIC
 X(21)
 VALUE
 "Sales for salesperson"
 .
 03
 COLUMN
 37
 PIC
 9
 SOURCE
 SALESPERSONNUM
 .
 03
 COLUMN
 43
 PIC
 X
 VALUE
 "="
 .
 03
 SMS
 COLUMN
 45
 PIC
 $$$$$,$$$.99
 SUM
 VALUEOFSALE
 .
 02
 LINE
 IS
 PLUS
 1
 .
 03
 COLUMN
 15
 PIC
 X(19)
 VALUE
 "Sales commission is"
 .
 03
 COLUMN
 43
 PIC
 X
 VALUE
 "="
 .
 03
 COLUMN
 45
 PIC
 $$$$$,$$$.99
 SOURCE
 COMMISSION
 .
 02
 LINE
 IS
 PLUS
 1
 .
 03
 COLUMN
 15
 PIC
 X(22)
 VALUE
 "Salesperson salary is"
 .
 03
 COLUMN
 43
 PIC
 X
 VALUE
 "="
 .
 03
 COLUMN
 45
 PIC
 $$$$$,$$$.99
 SOURCE
 SALARY
 .
 02
 LINE
 IS
 PLUS
 1
 .
 03
 COLUMN
 15
 PIC
 X(30)
 VALUE
 "Current  salesperson number = "
 .
 03
 COLUMN
 45
 PIC
 9
 SOURCE
 SALESPERSONNOW
 .
 02
 LINE
 IS
 PLUS
 1
 .
 03
 COLUMN
 15
 PIC
 X(30)
 VALUE
 "Previous salesperson number = "
 .
 03
 COLUMN
 45
 PIC
 9
 SOURCE
 SALESPERSONNUM
 .
 01
 CITYGRP
 TYPE
 IS
 CONTROL
 FOOTING
 CITYCODE
 NEXT
 GROUP
 PLUS
 2
 .
 02
 LINE
 IS
 PLUS
 2
 .
 03
 COLUMN
 15
 PIC
 X(9)
 VALUE
 "Sales for"
 .
 03
 COLUMN
 25
 PIC
 X(9)
 SOURCE
 CITYNAME(CITYCODE)
 .
 03
 COLUMN
 43
 PIC
 X
 VALUE
 "="
 .
 03
 CS
 COLUMN
 45
 PIC
 $$$$$,$$$.99
 SUM
 SMS
 .
 02
 LINE
 IS
 PLUS
 1
 .
 03
 COLUMN
 15
 PIC
 X(12)
 VALUE
 "Current city"
 .
 03
 COLUMN
 43
 PIC
 X
 VALUE
 "="
 .
 03
 COLUMN
 45
 PIC
 9
 SOURCE
 CITYNOW
 .
 02
 LINE
 IS
 PLUS
 1
 .
 03
 COLUMN
 15
 PIC
 X(13)
 VALUE
 "Previous city"
 .
 03
 COLUMN
 43
 PIC
 X
 VALUE
 "="
 .
 03
 COLUMN
 45
 PIC
 9
 SOURCE
 CITYCODE
 .
 01
 TOTALSALESGRP
 TYPE
 IS
 CONTROL
 FOOTING
 FINAL
 .
 02
 LINE
 IS
 PLUS
 4
 .
 03
 COLUMN
 15
 PIC
 X(11)
 VALUE
 "Total sales"
 .
 03
 COLUMN
 43
 PIC
 X
 VALUE
 "="
 .
 03
 COLUMN
 45
 PIC
 $$$$$,$$$.99
 SUM
 CS
 .
 01
 TYPE
 IS
 PAGE
 FOOTING
 .
 02
 LINE
 IS
 53
 .
 03
 COLUMN
 1
 PIC
 X(29)
 VALUE
 "Programmer - Michael Coughlan"
 .
 03
 COLUMN
 45
 PIC
 X(6)
 VALUE
 "Page :"
 .
 03
 COLUMN
 52
 PIC
 Z9
 SOURCE
 PAGE-COUNTER
 .
 PROCEDURE
 DIVISION
 .
 DECLARATIVES
 .
 CALC
 SECTION
 .
 USE
 BEFORE
 REPORTING
 SALESPERSONGRP
 .
 CALCULATE-SALARY
 .
 MULTIPLY
 SMS
 BY
 PERCENTAGE
 GIVING
 COMMISSION
 ROUNDED
 .
 ADD
 COMMISSION
 FIXEDRATE(CITYCODE,SALESPERSONNUM
 )
 GIVING
 SALARY
 .
 END
 DECLARATIVES
 .
 MAIN
 SECTION
 .
 BEGIN
 .
 OPEN
 INPUT
 SALESFILE
 .
 OPEN
 OUTPUT
 PRINTFILE
 .
 READ
 SALESFILE
 AT
 END
 SET
 ENDOFFILE
 TO
 TRUE
 END-READ
 .
 INITIATE
 SALESREPORT
 .
 PERFORM
 PRINTSALARYREPORT
 UNTIL
 ENDOFFILE
 .
 TERMINATE
 SALESREPORT
 .
 CLOSE
 SALESFILE
 PRINTFILE
 .
 STOP
 RUN
 .
 PRINTSALARYREPORT
 .
 MOVE
 CITYCODE
 TO
 CITYNOW
 .
 MOVE
 SALESPERSONNUM
 TO
 SALESPERSONNOW
 .
 GENERATE
 DETAILLINE
 .
 READ
 SALESFILE
 AT
 END
 SET
 ENDOFFILE
 TO
 TRUE
 END-READ
 .

Done.
Pre-processing `test/testsuite/microfocus/www.csis.ul.ie/ReportWriter/RepWriteSumm.cbl':
 IDENTIFICATION
 DIVISION
 .
 PROGRAM-ID
 .
 REPORTEXAMPLESUMMARY
 .
 AUTHOR
 .
 MICHAEL
 COUGHLAN
 .
 ENVIRONMENT
 DIVISION
 .
 INPUT-OUTPUT
 SECTION
 .
 FILE-CONTROL
 .
 SELECT
 SALESFILE
 ASSIGN
 TO
 "GBSALES.DAT"
 ORGANIZATION
 IS
 LINE
 SEQUENTIAL
 .
 SELECT
 PRINTFILE
 ASSIGN
 TO
 "SUMMARYSALESREPORT.LPT"
 .
 DATA
 DIVISION
 .
 FILE
 SECTION
 .
 FD
 SALESFILE
 .
 01
 SALESRECORD
 .
 88
 ENDOFFILE
 VALUE
 HIGH-VALUES
 .
 02
 CITYCODE
 PIC
 9
 .
 02
 SALESPERSONNUM
 PIC
 9
 .
 02
 VALUEOFSALE
 PIC
 9(4)V99
 .
 FD
 PRINTFILE
 REPORT
 IS
 SALESREPORT
 .
 WORKING-STORAGE
 SECTION
 .
 01
 NAMETABLE
 .
 02
 TABLEVALUES
 .
 03
 FILLER
 PIC
 X(18)
 VALUE
 "Dublin   Belfast  "
 .
 03
 FILLER
 PIC
 X(18)
 VALUE
 "Cork     Galway   "
 .
 03
 FILLER
 PIC
 X(18)
 VALUE
 "Sligo    Waterford"
 .
 03
 FILLER
 PIC
 X(9)
 VALUE
 "Limerick"
 .
 02
 FILLER
 REDEFINES
 TABLEVALUES
 .
 03
 CITYNAME
 PIC
 X(9)
 OCCURS
 7
 TIMES
 .
 01
 RATETABLE
 .
 02
 TABLEVALUES
 .
 03
 FILLER
 PIC
 X(35)
 VALUE
 "12300321004350056700123002340034500"
 .
 03
 FILLER
 PIC
 X(35)
 VALUE
 "12300543001230034200111001220013300"
 .
 03
 FILLER
 PIC
 X(35)
 VALUE
 "12000321001760018700133001440015500"
 .
 03
 FILLER
 PIC
 X(35)
 VALUE
 "32100123003210012000166001770018800"
 .
 03
 FILLER
 PIC
 X(35)
 VALUE
 "34500345004560054300111001220013200"
 .
 03
 FILLER
 PIC
 X(35)
 VALUE
 "19000180001780017900444003330022200"
 .
 03
 FILLER
 PIC
 X(35)
 VALUE
 "16700156001450014600222001110021200"
 .
 03
 FILLER
 PIC
 X(35)
 VALUE
 "12000132001230014300121003210043200"
 .
 03
 FILLER
 PIC
 X(35)
 VALUE
 "15400165001640017600111007770033300"
 .
 02
 FILLER
 REDEFINES
 TABLEVALUES
 .
 03
 CITY
 OCCURS
 7
 TIMES
 .
 04
 FIXEDRATE
 PIC
 9(3)V99
 OCCURS
 9
 TIMES
 .
 01
 MISCVARIABLES
 .
 02
 COMMISSION
 PIC
 9(4)V99
 .
 02
 PERCENTAGE
 PIC
 V99
 VALUE
 .05
 .
 02
 SALARY
 PIC
 9(6)V99
 .
 02
 SALESPERSONNOW
 PIC
 9
 .
 02
 CITYNOW
 PIC
 9
 .
 REPORT
 SECTION
 .
 RD
 SALESREPORT
 CONTROLS
 ARE
 FINAL
 CITYCODE
 SALESPERSONNUM
 PAGE
 LIMIT
 IS
 66
 HEADING
 1
 FIRST
 DETAIL
 6
 LAST
 DETAIL
 42
 FOOTING
 52
 .
 01
 TYPE
 IS
 PAGE
 HEADING
 .
 02
 LINE
 1
 .
 03
 COLUMN
 12
 PIC
 X(32)
 VALUE
 "An example COBOL Report Program"
 .
 02
 LINE
 2
 .
 03
 COLUMN
 6
 PIC
 X(17)
 VALUE
 "Bible Salesperson"
 .
 03
 COLUMN
 23
 PIC
 X(26)
 VALUE
 " - Sales and Salary Report"
 .
 02
 LINE
 4
 .
 03
 COLUMN
 2
 PIC
 X(4)
 VALUE
 "City"
 .
 03
 COLUMN
 12
 PIC
 X(11)
 VALUE
 "Salesperson"
 .
 03
 COLUMN
 28
 PIC
 X(4)
 VALUE
 "Sale"
 .
 02
 LINE
 5
 .
 03
 COLUMN
 2
 PIC
 X(4)
 VALUE
 "Name"
 .
 03
 COLUMN
 13
 PIC
 X(6)
 VALUE
 "Number"
 .
 03
 COLUMN
 28
 PIC
 X(5)
 VALUE
 "Value"
 .
 01
 DETAILLINE
 TYPE
 IS
 DETAIL
 .
 02
 LINE
 IS
 PLUS
 1
 .
 03
 COLUMN
 1
 PIC
 X(9)
 SOURCE
 CITYNAME(CITYCODE)
 GROUP
 INDICATE
 .
 03
 COLUMN
 15
 PIC
 9
 SOURCE
 SALESPERSONNUM
 GROUP
 INDICATE
 .
 03
 COLUMN
 25
 PIC
 $$,$$$.99
 SOURCE
 VALUEOFSALE
 .
 01
 SALESPERSONGRP
 TYPE
 IS
 CONTROL
 FOOTING
 SALESPERSONNUM
 NEXT
 GROUP
 PLUS
 2
 .
 02
 LINE
 IS
 PLUS
 1
 .
 03
 COLUMN
 15
 PIC
 X(21)
 VALUE
 "Sales for salesperson"
 .
 03
 COLUMN
 37
 PIC
 9
 SOURCE
 SALESPERSONNUM
 .
 03
 COLUMN
 43
 PIC
 X
 VALUE
 "="
 .
 03
 SMS
 COLUMN
 45
 PIC
 $$$$$,$$$.99
 SUM
 VALUEOFSALE
 .
 02
 LINE
 IS
 PLUS
 1
 .
 03
 COLUMN
 15
 PIC
 X(19)
 VALUE
 "Sales commission is"
 .
 03
 COLUMN
 43
 PIC
 X
 VALUE
 "="
 .
 03
 COLUMN
 45
 PIC
 $$$$$,$$$.99
 SOURCE
 COMMISSION
 .
 02
 LINE
 IS
 PLUS
 1
 .
 03
 COLUMN
 15
 PIC
 X(22)
 VALUE
 "Salesperson salary is"
 .
 03
 COLUMN
 43
 PIC
 X
 VALUE
 "="
 .
 03
 COLUMN
 45
 PIC
 $$$$$,$$$.99
 SOURCE
 SALARY
 .
 02
 LINE
 IS
 PLUS
 1
 .
 03
 COLUMN
 15
 PIC
 X(30)
 VALUE
 "Current  salesperson number = "
 .
 03
 COLUMN
 45
 PIC
 9
 SOURCE
 SALESPERSONNOW
 .
 02
 LINE
 IS
 PLUS
 1
 .
 03
 COLUMN
 15
 PIC
 X(30)
 VALUE
 "Previous salesperson number = "
 .
 03
 COLUMN
 45
 PIC
 9
 SOURCE
 SALESPERSONNUM
 .
 01
 CITYGRP
 TYPE
 IS
 CONTROL
 FOOTING
 CITYCODE
 NEXT
 GROUP
 PLUS
 2
 .
 02
 LINE
 IS
 PLUS
 2
 .
 03
 COLUMN
 15
 PIC
 X(9)
 VALUE
 "Sales for"
 .
 03
 COLUMN
 25
 PIC
 X(9)
 SOURCE
 CITYNAME(CITYCODE)
 .
 03
 COLUMN
 43
 PIC
 X
 VALUE
 "="
 .
 03
 CS
 COLUMN
 45
 PIC
 $$$$$,$$$.99
 SUM
 SMS
 .
 02
 LINE
 IS
 PLUS
 1
 .
 03
 COLUMN
 15
 PIC
 X(12)
 VALUE
 "Current city"
 .
 03
 COLUMN
 43
 PIC
 X
 VALUE
 "="
 .
 03
 COLUMN
 45
 PIC
 9
 SOURCE
 CITYNOW
 .
 02
 LINE
 IS
 PLUS
 1
 .
 03
 COLUMN
 15
 PIC
 X(13)
 VALUE
 "Previous city"
 .
 03
 COLUMN
 43
 PIC
 X
 VALUE
 "="
 .
 03
 COLUMN
 45
 PIC
 9
 SOURCE
 CITYCODE
 .
 01
 TOTALSALESGRP
 TYPE
 IS
 CONTROL
 FOOTING
 FINAL
 .
 02
 LINE
 IS
 PLUS
 4
 .
 03
 COLUMN
 15
 PIC
 X(11)
 VALUE
 "Total sales"
 .
 03
 COLUMN
 43
 PIC
 X
 VALUE
 "="
 .
 03
 COLUMN
 45
 PIC
 $$$$$,$$$.99
 SUM
 CS
 .
 01
 TYPE
 IS
 PAGE
 FOOTING
 .
 02
 LINE
 IS
 53
 .
 03
 COLUMN
 1
 PIC
 X(29)
 VALUE
 "Programmer - Michael Coughlan"
 .
 03
 COLUMN
 45
 PIC
 X(6)
 VALUE
 "Page :"
 .
 03
 COLUMN
 52
 PIC
 Z9
 SOURCE
 PAGE-COUNTER
 .
 PROCEDURE
 DIVISION
 .
 DECLARATIVES
 .
 CALC
 SECTION
 .
 USE
 BEFORE
 REPORTING
 SALESPERSONGRP
 .
 CALCULATE-SALARY
 .
 MULTIPLY
 SMS
 BY
 PERCENTAGE
 GIVING
 COMMISSION
 ROUNDED
 .
 ADD
 COMMISSION
 FIXEDRATE(CITYCODE,SALESPERSONNUM
 )
 GIVING
 SALARY
 .
 END
 DECLARATIVES
 .
 MAIN
 SECTION
 .
 BEGIN
 .
 OPEN
 INPUT
 SALESFILE
 .
 OPEN
 OUTPUT
 PRINTFILE
 .
 READ
 SALESFILE
 AT
 END
 SET
 ENDOFFILE
 TO
 TRUE
 END-READ
 .
 INITIATE
 SALESREPORT
 .
 PERFORM
 PRINTSALARYREPORT
 UNTIL
 ENDOFFILE
 .
 TERMINATE
 SALESREPORT
 .
 CLOSE
 SALESFILE
 PRINTFILE
 .
 STOP
 RUN
 .
 PRINTSALARYREPORT
 .
 MOVE
 CITYCODE
 TO
 CITYNOW
 .
 MOVE
 SALESPERSONNUM
 TO
 SALESPERSONNOW
 .
 GENERATE
 SALESREPORT
 .
 READ
 SALESFILE
 AT
 END
 SET
 ENDOFFILE
 TO
 TRUE
 END-READ
 .

Done.
Pre-processing `test/testsuite/microfocus/www.csis.ul.ie/SeqIns/seqinsert.CBL':
 IDENTIFICATION
 DIVISION
 .
 PROGRAM-ID
 .
 INSERTRECORDS
 .
 AUTHOR
 .
 MICHAEL
 COUGHLAN
 .
 ENVIRONMENT
 DIVISION
 .
 INPUT-OUTPUT
 SECTION
 .
 FILE-CONTROL
 .
 SELECT
 STUDENTRECORDS
 ASSIGN
 "STUDENTS.DAT"
 ORGANIZATION
 IS
 LINE
 SEQUENTIAL
 ACCESS
 MODE
 IS
 SEQUENTIAL
 .
 SELECT
 TRANSRECORDS
 ASSIGN
 "TRANSINS.DAT"
 ORGANIZATION
 IS
 LINE
 SEQUENTIAL
 ACCESS
 MODE
 IS
 SEQUENTIAL
 .
 SELECT
 NEWSTUDENTRECORDS
 ASSIGN
 "STUDENTS.NEW"
 ORGANIZATION
 IS
 LINE
 SEQUENTIAL
 ACCESS
 MODE
 IS
 SEQUENTIAL
 .
 DATA
 DIVISION
 .
 FILE
 SECTION
 .
 FD
 STUDENTRECORDS
 .
 01
 STUDENTRECORD
 .
 88
 ENDOFSTUDENTFILE
 VALUE
 HIGH-VALUES
 .
 02
 STUDENTID
 PIC
 X(7)
 .
 02
 FILLER
 PIC
 X(23)
 .
 FD
 TRANSRECORDS
 .
 01
 TRANSRECORD
 .
 88
 ENDOFTRANSFILE
 VALUE
 HIGH-VALUES
 .
 02
 TRANSSTUDENTID
 PIC
 X(7)
 .
 02
 FILLER
 PIC
 X(23)
 .
 FD
 NEWSTUDENTRECORDS
 .
 01
 NEWSTUDENTRECORD
 PIC
 X(30)
 .
 PROCEDURE
 DIVISION
 .
 BEGIN
 .
 OPEN
 INPUT
 STUDENTRECORDS
 OPEN
 INPUT
 TRANSRECORDS
 OPEN
 OUTPUT
 NEWSTUDENTRECORDS
 READ
 STUDENTRECORDS
 AT
 END
 SET
 ENDOFSTUDENTFILE
 TO
 TRUE
 END-READ
 READ
 TRANSRECORDS
 AT
 END
 SET
 ENDOFTRANSFILE
 TO
 TRUE
 END-READ
 PERFORM
 UNTIL
 (ENDOFSTUDENTFILE)
 AND
 (ENDOFTRANSFILE)
 EVALUATE
 TRUE
 WHEN
 (STUDENTID
 <
 TRANSSTUDENTID)
 WRITE
 NEWSTUDENTRECORD
 FROM
 STUDENTRECORD
 READ
 STUDENTRECORDS
 AT
 END
 SET
 ENDOFSTUDENTFILE
 TO
 TRUE
 END-READ
 WHEN
 (STUDENTID
 >
 TRANSSTUDENTID)
 WRITE
 NEWSTUDENTRECORD
 FROM
 TRANSRECORD
 READ
 TRANSRECORDS
 AT
 END
 SET
 ENDOFTRANSFILE
 TO
 TRUE
 END-READ
 WHEN
 (STUDENTID
 =
 TRANSSTUDENTID)
 DISPLAY
 "Error - "
 TRANSSTUDENTID
 " already exists in file"
 READ
 TRANSRECORDS
 AT
 END
 SET
 ENDOFTRANSFILE
 TO
 TRUE
 END-READ
 END-EVALUATE
 END-PERFORM
 CLOSE
 STUDENTRECORDS
 CLOSE
 TRANSRECORDS
 CLOSE
 NEWSTUDENTRECORDS
 STOP
 RUN
 .

Done.
Pre-processing `test/testsuite/microfocus/www.csis.ul.ie/SeqRead/Seqread.cbl':
 IDENTIFICATION
 DIVISION
 .
 PROGRAM-ID
 .
 SEQREAD
 .
 AUTHOR
 .
 MICHAEL
 COUGHLAN
 .
 ENVIRONMENT
 DIVISION
 .
 INPUT-OUTPUT
 SECTION
 .
 FILE-CONTROL
 .
 SELECT
 STUDENTFILE
 ASSIGN
 TO
 "STUDENTS.DAT"
 ORGANIZATION
 IS
 LINE
 SEQUENTIAL
 .
 DATA
 DIVISION
 .
 FILE
 SECTION
 .
 FD
 STUDENTFILE
 .
 01
 STUDENTDETAILS
 .
 88
 ENDOFSTUDENTFILE
 VALUE
 HIGH-VALUES
 .
 02
 STUDENTID
 PIC
 9(7)
 .
 02
 STUDENTNAME
 .
 03
 SURNAME
 PIC
 X(8)
 .
 03
 INITIALS
 PIC
 XX
 .
 02
 DATEOFBIRTH
 .
 03
 YOBIRTH
 PIC
 9(4)
 .
 03
 MOBIRTH
 PIC
 9(2)
 .
 03
 DOBIRTH
 PIC
 9(2)
 .
 02
 COURSECODE
 PIC
 X(4)
 .
 02
 GENDER
 PIC
 X
 .
 PROCEDURE
 DIVISION
 .
 BEGIN
 .
 OPEN
 INPUT
 STUDENTFILE
 READ
 STUDENTFILE
 AT
 END
 SET
 ENDOFSTUDENTFILE
 TO
 TRUE
 END-READ
 PERFORM
 UNTIL
 ENDOFSTUDENTFILE
 DISPLAY
 STUDENTID
 SPACE
 STUDENTNAME
 SPACE
 COURSECODE
 SPACE
 YOBIRTH
 READ
 STUDENTFILE
 AT
 END
 SET
 ENDOFSTUDENTFILE
 TO
 TRUE
 END-READ
 END-PERFORM
 CLOSE
 STUDENTFILE
 STOP
 RUN
 .

Done.
Pre-processing `test/testsuite/microfocus/www.csis.ul.ie/SeqRead/SeqreadNo88.cbl':
 IDENTIFICATION
 DIVISION
 .
 PROGRAM-ID
 .
 SEQREADNO88
 .
 AUTHOR
 .
 MICHAEL
 COUGHLAN
 .
 ENVIRONMENT
 DIVISION
 .
 INPUT-OUTPUT
 SECTION
 .
 FILE-CONTROL
 .
 SELECT
 STUDENTFILE
 ASSIGN
 TO
 "STUDENTS.DAT"
 ORGANIZATION
 IS
 LINE
 SEQUENTIAL
 .
 DATA
 DIVISION
 .
 FILE
 SECTION
 .
 FD
 STUDENTFILE
 .
 01
 STUDENTDETAILS
 .
 02
 STUDENTID
 PIC
 9(7)
 .
 02
 STUDENTNAME
 .
 03
 SURNAME
 PIC
 X(8)
 .
 03
 INITIALS
 PIC
 XX
 .
 02
 DATEOFBIRTH
 .
 03
 YOBIRTH
 PIC
 9(4)
 .
 03
 MOBIRTH
 PIC
 9(2)
 .
 03
 DOBIRTH
 PIC
 9(2)
 .
 02
 COURSECODE
 PIC
 X(4)
 .
 02
 GENDER
 PIC
 X
 .
 PROCEDURE
 DIVISION
 .
 BEGIN
 .
 OPEN
 INPUT
 STUDENTFILE
 READ
 STUDENTFILE
 AT
 END
 MOVE
 HIGH-VALUES
 TO
 STUDENTDETAILS
 END-READ
 PERFORM
 UNTIL
 STUDENTDETAILS
 =
 HIGH-VALUES
 DISPLAY
 STUDENTID
 SPACE
 STUDENTNAME
 SPACE
 COURSECODE
 SPACE
 YOBIRTH
 READ
 STUDENTFILE
 AT
 END
 MOVE
 HIGH-VALUES
 TO
 STUDENTDETAILS
 END-READ
 END-PERFORM
 CLOSE
 STUDENTFILE
 STOP
 RUN
 .

Done.
Pre-processing `test/testsuite/microfocus/www.csis.ul.ie/SeqRpt/SeqRpt.CBL':
 IDENTIFICATION
 DIVISION
 .
 PROGRAM-ID
 .
 STUDENTNUMBERSREPORT
 .
 AUTHOR
 .
 MICHAEL
 COUGHLAN
 .
 ENVIRONMENT
 DIVISION
 .
 INPUT-OUTPUT
 SECTION
 .
 FILE-CONTROL
 .
 SELECT
 STUDENTFILE
 ASSIGN
 TO
 "STUDENTS.DAT"
 ORGANIZATION
 IS
 LINE
 SEQUENTIAL
 .
 SELECT
 REPORTFILE
 ASSIGN
 TO
 "STUDENTS.RPT"
 ORGANIZATION
 IS
 LINE
 SEQUENTIAL
 .
 DATA
 DIVISION
 .
 FILE
 SECTION
 .
 FD
 STUDENTFILE
 .
 01
 STUDENTDETAILS
 .
 88
 ENDOFSTUDENTFILE
 VALUE
 HIGH-VALUES
 .
 02
 STUDENTID
 PIC
 9(7)
 .
 02
 STUDENTNAME
 .
 03
 SURNAME
 PIC
 X(8)
 .
 03
 INITIALS
 PIC
 XX
 .
 02
 DATEOFBIRTH
 .
 03
 YOBIRTH
 PIC
 9(4)
 .
 03
 MOBIRTH
 PIC
 9(2)
 .
 03
 DOBIRTH
 PIC
 9(2)
 .
 02
 COURSECODE
 PIC
 X(4)
 .
 02
 GENDER
 PIC
 X
 .
 88
 MALE
 VALUE
 "M"
 "m"
 .
 FD
 REPORTFILE
 .
 01
 PRINTLINE
 PIC
 X(40)
 .
 WORKING-STORAGE
 SECTION
 .
 01
 HEADINGLINE
 PIC
 X(21)
 VALUE
 "  Record Count Report"
 .
 01
 STUDENTTOTALLINE
 .
 02
 FILLER
 PIC
 X(17)
 VALUE
 "Total Students = "
 .
 02
 PRNSTUDENTCOUNT
 PIC
 Z,ZZ9
 .
 01
 MALETOTALLINE
 .
 02
 FILLER
 PIC
 X(17)
 VALUE
 "Total Males    = "
 .
 02
 PRNMALECOUNT
 PIC
 Z,ZZ9
 .
 01
 FEMALETOTALLINE
 .
 02
 FILLER
 PIC
 X(17)
 VALUE
 "Total Females  = "
 .
 02
 PRNFEMALECOUNT
 PIC
 Z,ZZ9
 .
 01
 WORKTOTALS
 .
 02
 STUDENTCOUNT
 PIC
 9(4)
 VALUE
 ZERO
 .
 02
 MALECOUNT
 PIC
 9(4)
 VALUE
 ZERO
 .
 02
 FEMALECOUNT
 PIC
 9(4)
 VALUE
 ZERO
 .
 PROCEDURE
 DIVISION
 .
 BEGIN
 .
 OPEN
 INPUT
 STUDENTFILE
 OPEN
 OUTPUT
 REPORTFILE
 READ
 STUDENTFILE
 AT
 END
 SET
 ENDOFSTUDENTFILE
 TO
 TRUE
 END-READ
 PERFORM
 UNTIL
 ENDOFSTUDENTFILE
 ADD
 1
 TO
 STUDENTCOUNT
 IF
 MALE
 ADD
 1
 TO
 MALECOUNT
 ELSE
 ADD
 1
 TO
 FEMALECOUNT
 END-IF
 READ
 STUDENTFILE
 AT
 END
 SET
 ENDOFSTUDENTFILE
 TO
 TRUE
 END-READ
 END-PERFORM
 PERFORM
 PRINTREPORTLINES
 CLOSE
 STUDENTFILE
 REPORTFILE
 STOP
 RUN
 .
 PRINTREPORTLINES
 .
 MOVE
 STUDENTCOUNT
 TO
 PRNSTUDENTCOUNT
 MOVE
 MALECOUNT
 TO
 PRNMALECOUNT
 MOVE
 FEMALECOUNT
 TO
 PRNFEMALECOUNT
 WRITE
 PRINTLINE
 FROM
 HEADINGLINE
 AFTER
 ADVANCING
 PAGE
 WRITE
 PRINTLINE
 FROM
 STUDENTTOTALLINE
 AFTER
 ADVANCING
 2
 LINES
 WRITE
 PRINTLINE
 FROM
 MALETOTALLINE
 AFTER
 ADVANCING
 2
 LINES
 WRITE
 PRINTLINE
 FROM
 FEMALETOTALLINE
 AFTER
 ADVANCING
 2
 LINES
 .

Done.
Pre-processing `test/testsuite/microfocus/www.csis.ul.ie/SeqWrite/SEQWRITE.CBL':
 IDENTIFICATION
 DIVISION
 .
 PROGRAM-ID
 .
 SEQWRITE
 .
 AUTHOR
 .
 MICHAEL
 COUGHLAN
 .
 ENVIRONMENT
 DIVISION
 .
 INPUT-OUTPUT
 SECTION
 .
 FILE-CONTROL
 .
 SELECT
 STUDENTFILE
 ASSIGN
 TO
 "STUDENTS.DAT"
 ORGANIZATION
 IS
 LINE
 SEQUENTIAL
 .
 DATA
 DIVISION
 .
 FILE
 SECTION
 .
 FD
 STUDENTFILE
 .
 01
 STUDENTDETAILS
 .
 02
 STUDENTID
 PIC
 9(7)
 .
 02
 STUDENTNAME
 .
 03
 SURNAME
 PIC
 X(8)
 .
 03
 INITIALS
 PIC
 XX
 .
 02
 DATEOFBIRTH
 .
 03
 YOBIRTH
 PIC
 9(4)
 .
 03
 MOBIRTH
 PIC
 9(2)
 .
 03
 DOBIRTH
 PIC
 9(2)
 .
 02
 COURSECODE
 PIC
 X(4)
 .
 02
 GENDER
 PIC
 X
 .
 PROCEDURE
 DIVISION
 .
 BEGIN
 .
 OPEN
 OUTPUT
 STUDENTFILE
 DISPLAY
 "Enter student details using template below.  Enter no data to end."
 PERFORM
 GETSTUDENTDETAILS
 PERFORM
 UNTIL
 STUDENTDETAILS
 =
 SPACES
 WRITE
 STUDENTDETAILS
 PERFORM
 GETSTUDENTDETAILS
 END-PERFORM
 CLOSE
 STUDENTFILE
 STOP
 RUN
 .
 GETSTUDENTDETAILS
 .
 DISPLAY
 "Enter - StudId, Surname, Initials, YOB, MOB, DOB, Course, Gender"
 DISPLAY
 "NNNNNNNSSSSSSSSIIYYYYMMDDCCCCG"
 ACCEPT
 STUDENTDETAILS
 .

Done.
Pre-processing `test/testsuite/microfocus/www.csis.ul.ie/Sort/InputSORT.CBL':
 IDENTIFICATION
 DIVISION
 .
 PROGRAM-ID
 .
 INPUTSORT
 .
 AUTHOR
 .
 MICHAEL
 COUGHLAN
 .
 ENVIRONMENT
 DIVISION
 .
 INPUT-OUTPUT
 SECTION
 .
 FILE-CONTROL
 .
 SELECT
 STUDENTFILE
 ASSIGN
 TO
 "SORTSTUD.DAT"
 ORGANIZATION
 IS
 LINE
 SEQUENTIAL
 .
 SELECT
 WORKFILE
 ASSIGN
 TO
 "WORK.TMP"
 .
 DATA
 DIVISION
 .
 FILE
 SECTION
 .
 FD
 STUDENTFILE
 .
 01
 STUDENTDETAILS
 PIC
 X(30)
 .
 SD
 WORKFILE
 .
 01
 WORKREC
 .
 02
 WSTUDENTID
 PIC
 9(7)
 .
 02
 FILLER
 PIC
 X(23)
 .
 PROCEDURE
 DIVISION
 .
 BEGIN
 .
 SORT
 WORKFILE
 ON
 ASCENDING
 KEY
 WSTUDENTID
 INPUT
 PROCEDURE
 IS
 GETSTUDENTDETAILS
 GIVING
 STUDENTFILE
 .
 STOP
 RUN
 .
 GETSTUDENTDETAILS
 .
 DISPLAY
 "Enter student details using template below."
 DISPLAY
 "Enter no data to end."
 .
 DISPLAY
 "Enter - StudId, Surname, Initials, YOB, MOB, DOB, Course, Gender"
 DISPLAY
 "NNNNNNNSSSSSSSSIIYYYYMMDDCCCCG"
 ACCEPT
 WORKREC
 .
 PERFORM
 UNTIL
 WORKREC
 =
 SPACES
 RELEASE
 WORKREC
 ACCEPT
 WORKREC
 END-PERFORM
 .

Done.
Pre-processing `test/testsuite/microfocus/www.csis.ul.ie/Sort/MaleSORT.cbl':
 IDENTIFICATION
 DIVISION
 .
 PROGRAM-ID
 .
 MALESORT
 .
 AUTHOR
 .
 MICHAEL
 COUGHLAN
 .
 ENVIRONMENT
 DIVISION
 .
 INPUT-OUTPUT
 SECTION
 .
 FILE-CONTROL
 .
 SELECT
 STUDENTFILE
 ASSIGN
 TO
 "STUDENTS.DAT"
 ORGANIZATION
 IS
 LINE
 SEQUENTIAL
 .
 SELECT
 MALESTUDENTFILE
 ASSIGN
 TO
 "MALESTUDS.DAT"
 ORGANIZATION
 IS
 LINE
 SEQUENTIAL
 .
 SELECT
 WORKFILE
 ASSIGN
 TO
 "WORK.TMP"
 .
 DATA
 DIVISION
 .
 FILE
 SECTION
 .
 FD
 STUDENTFILE
 .
 01
 STUDENTREC
 PIC
 X(30)
 .
 88
 ENDOFFILE
 VALUE
 HIGH-VALUES
 .
 FD
 MALESTUDENTFILE
 .
 01
 MALESTUDENTREC
 PIC
 X(30)
 .
 SD
 WORKFILE
 .
 01
 WORKREC
 .
 02
 FILLER
 PIC
 9(7)
 .
 02
 WSTUDENTNAME
 PIC
 X(10)
 .
 02
 FILLER
 PIC
 X(12)
 .
 02
 WGENDER
 PIC
 X
 .
 88
 MALESTUDENT
 VALUE
 "M"
 .
 PROCEDURE
 DIVISION
 .
 BEGIN
 .
 SORT
 WORKFILE
 ON
 ASCENDING
 KEY
 WSTUDENTNAME
 INPUT
 PROCEDURE
 IS
 GETMALESTUDENTS
 GIVING
 MALESTUDENTFILE
 .
 STOP
 RUN
 .
 GETMALESTUDENTS
 .
 OPEN
 INPUT
 STUDENTFILE
 READ
 STUDENTFILE
 AT
 END
 SET
 ENDOFFILE
 TO
 TRUE
 END-READ
 PERFORM
 UNTIL
 ENDOFFILE
 MOVE
 STUDENTREC
 TO
 WORKREC
 IF
 MALESTUDENT
 RELEASE
 WORKREC
 END-IF
 READ
 STUDENTFILE
 AT
 END
 SET
 ENDOFFILE
 TO
 TRUE
 END-READ
 END-PERFORM
 CLOSE
 STUDENTFILE
 .

Done.
Pre-processing `test/testsuite/microfocus/www.csis.ul.ie/Strings/RefMod.cbl':
 IDENTIFICATION
 DIVISION
 .
 PROGRAM-ID
 .
 REFMODIFICATION
 .
 AUTHOR
 .
 MICHAEL
 COUGHLAN
 .
 DATA
 DIVISION
 .
 WORKING-STORAGE
 SECTION
 .
 01
 XSTR
 PIC
 X(50)
 VALUE
 "   This is the first source string"
 .
 01
 XSTR2
 PIC
 X(32)
 VALUE
 "This is the second source string"
 .
 01
 STRSIZE
 PIC
 99
 VALUE
 32
 .
 01
 CHARCOUNT
 PIC
 99
 VALUE
 ZEROS
 .
 01
 ENDCOUNT
 PIC
 99
 VALUE
 ZEROS
 .
 01
 YSTR
 PIC
 X(4)
 VALUE
 SPACES
 .
 01
 CHARPOS
 PIC
 99
 VALUE
 ZEROS
 .
 01
 STRLENGTH
 PIC
 99
 VALUE
 ZEROS
 .
 PROCEDURE
 DIVISION
 .
 BEGIN
 .
 DISPLAY
 "Task1 = "
 XSTR(9:3)
 DISPLAY
 "Task2 = "
 XSTR(1:7)
 MOVE
 13
 TO
 STRLENGTH
 DISPLAY
 "Task3 = "
 XSTR2((STRSIZE
 -
 STRLENGTH)
 +
 1:STRLENGTH)
 DISPLAY
 "Task4 Before = "
 XSTR
 "<<<<<<"
 MOVE
 0
 TO
 CHARCOUNT
 INSPECT
 FUNCTION
 REVERSE(XSTR)
 TALLYING
 CHARCOUNT
 FOR
 LEADING
 SPACES
 DISPLAY
 "Task4 After = "
 XSTR(1:50
 -
 CHARCOUNT)
 "<<<<<<<"
 .
 PERFORM
 VARYING
 CHARCOUNT
 FROM
 50
 BY
 -1
 UNTIL
 XSTR(CHARCOUNT:1)
 NOT
 =
 SPACE
 END-PERFORM
 DISPLAY
 "Task4 After = "
 XSTR(1:CHARCOUNT)
 "<<<<<<<"
 .
 MOVE
 1
 TO
 CHARCOUNT
 .
 INSPECT
 XSTR
 TALLYING
 CHARCOUNT
 FOR
 LEADING
 SPACES
 DISPLAY
 "Task5 ="
 XSTR(CHARCOUNT:
 50
 -
 CHARCOUNT)
 MOVE
 1
 TO
 CHARCOUNT
 INSPECT
 XSTR
 TALLYING
 CHARCOUNT
 FOR
 CHARACTERS
 BEFORE
 INITIAL
 "source"
 .
 DISPLAY
 "Task6 First occurrence is in char position "
 CHARCOUNT
 MOVE
 "fred"
 TO
 YSTR
 MOVE
 51
 TO
 ENDCOUNT
 PERFORM
 VARYING
 CHARPOS
 FROM
 1
 BY
 1
 UNTIL
 CHARPOS
 >
 4
 MOVE
 1
 TO
 CHARCOUNT
 INSPECT
 XSTR
 TALLYING
 CHARCOUNT
 FOR
 CHARACTERS
 BEFORE
 INITIAL
 YSTR(CHARPOS:1)
 IF
 CHARCOUNT
 <
 ENDCOUNT
 MOVE
 CHARCOUNT
 TO
 ENDCOUNT
 END-IF
 END-PERFORM
 DISPLAY
 "Task7 First occurrence is in char position "
 ENDCOUNT
 DISPLAY
 "The character is "
 XSTR(ENDCOUNT:1)
 STOP
 RUN
 .

Done.
Pre-processing `test/testsuite/microfocus/www.csis.ul.ie/Strings/UnstringFileEg.cbl':
 IDENTIFICATION
 DIVISION
 .
 PROGRAM-ID
 .
 UNSTRINGFILEEG
 .
 AUTHOR
 .
 MICHAEL
 COUGHLAN
 .
 ENVIRONMENT
 DIVISION
 .
 INPUT-OUTPUT
 SECTION
 .
 FILE-CONTROL
 .
 SELECT
 VARLENGTHRECFILE
 ASSIGN
 TO
 "VarLen.DAT"
 ORGANIZATION
 IS
 LINE
 SEQUENTIAL
 .
 DATA
 DIVISION
 .
 FILE
 SECTION
 .
 FD
 VARLENGTHRECFILE
 .
 01
 VARLENREC
 .
 88
 ENDOFFILE
 VALUE
 HIGH-VALUES
 .
 02
 TYPECODE
 PIC
 XX
 .
 88
 DELETESUPPLIER
 VALUE
 "1,"
 .
 88
 DELETEVIDEO
 VALUE
 "2,"
 .
 88
 INSERTVIDEO
 VALUE
 "3,"
 .
 88
 INSERTSUPPLIER
 VALUE
 "4,"
 .
 88
 VALIDTYPECODE
 VALUE
 "1,"
 "2,"
 "3,"
 "4,"
 .
 02
 REMAININGREC
 PIC
 X(78)
 .
 WORKING-STORAGE
 SECTION
 .
 01
 INSERTSUPPLIERREC
 .
 02
 TRANSTYPE
 PIC
 9
 .
 02
 TRANSDATE
 PIC
 X(8)
 .
 02
 SUPPLIER-CODE
 PIC
 XX
 .
 02
 SUPPLIER-NAME
 PIC
 X(20)
 .
 02
 SUPPLIER-ADDRESS
 PIC
 X(50)
 .
 01
 INSERTSUPPLIERCOUNTS
 .
 02
 DATECOUNT
 PIC
 99
 .
 88
 VALIDDATE
 VALUE
 8
 .
 02
 SUPPCODECOUNT
 PIC
 99
 .
 88
 VALIDSUPPCODE
 VALUE
 1
 THRU
 2
 .
 02
 SUPPNAMECOUNT
 PIC
 99
 .
 88
 VALIDSUPPNAME
 VALUE
 1
 THRU
 20
 .
 02
 SUPPADRCOUNT
 PIC
 99
 .
 88
 VALIDSUPPADR
 VALUE
 1
 THRU
 50
 .
 01
 STRINGEND
 PIC
 99
 .
 PROCEDURE
 DIVISION
 .
 BEGIN
 .
 OPEN
 INPUT
 VARLENGTHRECFILE
 READ
 VARLENGTHRECFILE
 AT
 END
 SET
 ENDOFFILE
 TO
 TRUE
 END-READ
 PERFORM
 UNTIL
 ENDOFFILE
 MOVE
 ZEROS
 TO
 INSERTSUPPLIERCOUNTS
 PERFORM
 VARYING
 STRINGEND
 FROM
 78
 BY
 -1
 UNTIL
 REMAININGREC(STRINGEND:1)
 NOT
 =
 SPACE
 END-PERFORM
 IF
 INSERTSUPPLIER
 UNSTRING
 REMAININGREC(1:STRINGEND)
 DELIMITED
 BY
 ","
 INTO
 TRANSDATE
 COUNT
 IN
 DATECOUNT
 SUPPLIER-CODE
 COUNT
 IN
 SUPPCODECOUNT
 SUPPLIER-NAME
 COUNT
 IN
 SUPPNAMECOUNT
 SUPPLIER-ADDRESS
 COUNT
 IN
 SUPPADRCOUNT
 END-UNSTRING
 PERFORM
 CHECKFORERRORS
 ELSE
 IF
 NOT
 VALIDTYPECODE
 DISPLAY
 SPACE
 DISPLAY
 "Record = "
 VARLENREC(1:70)
 DISPLAY
 "Type code is not valid"
 END-IF
 END-IF
 READ
 VARLENGTHRECFILE
 AT
 END
 SET
 ENDOFFILE
 TO
 TRUE
 END-READ
 END-PERFORM
 CLOSE
 VARLENGTHRECFILE
 STOP
 RUN
 .
 CHECKFORERRORS
 .
 DISPLAY
 SPACE
 DISPLAY
 "Record = "
 VARLENREC(1:70)
 IF
 NOT
 VALIDDATE
 DISPLAY
 "Date Size Error"
 END-IF
 IF
 NOT
 VALIDSUPPCODE
 DISPLAY
 "Supplier Code Error"
 END-IF
 IF
 NOT
 VALIDSUPPNAME
 DISPLAY
 "Supplier name Error"
 END-IF
 IF
 NOT
 VALIDSUPPADR
 DISPLAY
 "Supplier address Error"
 END-IF
 .

Done.
Pre-processing `test/testsuite/microfocus/www.csis.ul.ie/SubProg/DateValid/DateDriver.cbl':
 IDENTIFICATION
 DIVISION
 .
 PROGRAM-ID
 .
 DATEDRIVER
 .
 AUTHOR
 .
 MICHAEL
 COUGHLAN
 .
 DATA
 DIVISION
 .
 WORKING-STORAGE
 SECTION
 .
 01
 FILLER
 PIC
 9
 VALUE
 0
 .
 88
 ENDOFINPUT
 VALUE
 1
 .
 01
 INPUTDATEIN
 PIC
 9(8)
 .
 01
 VALIDATIONRESULT
 PIC
 9
 .
 88
 DATEISVALID
 VALUE
 0
 .
 88
 DATENOTNUMERIC
 VALUE
 1
 .
 88
 YEARCONTAINSZEROS
 VALUE
 2
 .
 88
 MONTHCONTAINSZEROS
 VALUE
 3
 .
 88
 DAYCONTAINSZEROS
 VALUE
 4
 .
 88
 MONTHGREATERTHAN12
 VALUE
 5
 .
 88
 DAYTOOGREATFORMONTH
 VALUE
 6
 .
 PROCEDURE
 DIVISION
 .
 BEGIN
 .
 DISPLAY
 "Input Date as DDMMYYYY > "
 WITH
 NO
 ADVANCING
 ACCEPT
 INPUTDATEIN
 CALL
 "Validate"
 USING
 INPUTDATEIN
 VALIDATIONRESULT
 .
 DISPLAY
 "RESULT = "
 VALIDATIONRESULT
 DISPLAY
 "DATE IS NOW = "
 INPUTDATEIN
 EVALUATE
 TRUE
 WHEN
 DATEISVALID
 DISPLAY
 "Date is valid."
 WHEN
 DATENOTNUMERIC
 DISPLAY
 "Date is not numeric."
 WHEN
 YEARCONTAINSZEROS
 DISPLAY
 "Year contains all zeros."
 WHEN
 MONTHCONTAINSZEROS
 DISPLAY
 "Month contains all zeros."
 WHEN
 DAYCONTAINSZEROS
 DISPLAY
 "Day contains all zeros."
 WHEN
 MONTHGREATERTHAN12
 DISPLAY
 "Month too great."
 WHEN
 DAYTOOGREATFORMONTH
 DISPLAY
 "Day too great for month."
 END-EVALUATE
 .
 STOP
 RUN
 .

Done.
Pre-processing `test/testsuite/microfocus/www.csis.ul.ie/SubProg/DateValid/ValiDate.cbl':
 IDENTIFICATION
 DIVISION
 .
 PROGRAM-ID
 .
 VALIDATE
 IS
 INITIAL
 .
 AUTHOR
 .
 MICHAEL
 COUGHLAN
 .
 DATA
 DIVISION
 .
 WORKING-STORAGE
 SECTION
 .
 01
 MONTHDAYTABLE
 .
 02
 TABLEVALUES
 PIC
 X(24)
 VALUE
 "312831303130313130313031"
 .
 02
 FILLER
 REDEFINES
 TABLEVALUES
 .
 03
 DAYSINMONTH
 OCCURS
 12
 TIMES
 PIC
 99
 .
 01
 CURRUPTDATE
 PIC
 9(8)
 .
 01
 LEAPQUOT
 PIC
 9(4)
 .
 01
 LEAPREMAIN
 PIC
 9(4)
 .
 01
 FILLER
 PIC
 9
 VALUE
 ZERO
 .
 88
 LEAPYEAR
 VALUE
 1
 .
 LINKAGE
 SECTION
 .
 01
 INPUTDATELA
 .
 02
 DAYLA
 PIC
 99
 .
 02
 MONTHLA
 PIC
 99
 .
 88
 MONTHINVALID
 VALUE
 13
 THRU
 99
 .
 88
 MONTHISFEBRUARY
 VALUE
 2
 .
 02
 YEARLA
 PIC
 9(4)
 .
 01
 VALIDATIONRESULTLB
 PIC
 9
 .
 88
 DATEISVALID
 VALUE
 0
 .
 88
 DATENOTNUMERIC
 VALUE
 1
 .
 88
 YEARCONTAINSZEROS
 VALUE
 2
 .
 88
 MONTHCONTAINSZEROS
 VALUE
 3
 .
 88
 DAYCONTAINSZEROS
 VALUE
 4
 .
 88
 MONTHGREATERTHAN12
 VALUE
 5
 .
 88
 DAYTOOGREATFORMONTH
 VALUE
 6
 .
 PROCEDURE
 DIVISION
 USING
 INPUTDATELA
 VALIDATIONRESULTLB
 .
 BEGIN
 .
 EVALUATE
 TRUE
 WHEN
 INPUTDATELA
 NOT
 NUMERIC
 SET
 DATENOTNUMERIC
 TO
 TRUE
 WHEN
 YEARLA
 EQUAL
 TO
 ZEROS
 SET
 YEARCONTAINSZEROS
 TO
 TRUE
 WHEN
 MONTHLA
 EQUAL
 TO
 ZEROS
 SET
 MONTHCONTAINSZEROS
 TO
 TRUE
 WHEN
 DAYLA
 EQUAL
 TO
 ZEROS
 SET
 DAYCONTAINSZEROS
 TO
 TRUE
 WHEN
 MONTHINVALID
 SET
 MONTHGREATERTHAN12
 TO
 TRUE
 WHEN
 OTHER
 PERFORM
 CHECKFORVALIDDAY
 END-EVALUATE
 EXIT
 PROGRAM
 .
 CHECKFORVALIDDAY
 .
 DIVIDE
 YEARLA
 BY
 400
 GIVING
 LEAPQUOT
 REMAINDER
 LEAPREMAIN
 .
 IF
 LEAPREMAIN
 =
 0
 SET
 LEAPYEAR
 TO
 TRUE
 ELSE
 DIVIDE
 YEARLA
 BY
 100
 GIVING
 LEAPQUOT
 REMAINDER
 LEAPREMAIN
 IF
 LEAPREMAIN
 NOT
 =
 0
 DIVIDE
 YEARLA
 BY
 4
 GIVING
 LEAPQUOT
 REMAINDER
 LEAPREMAIN
 IF
 LEAPREMAIN
 =
 0
 SET
 LEAPYEAR
 TO
 TRUE
 END-IF
 END-IF
 END-IF
 IF
 LEAPYEAR
 AND
 MONTHISFEBRUARY
 MOVE
 29
 TO
 DAYSINMONTH(2)
 END-IF
 IF
 DAYLA
 GREATER
 THAN
 DAYSINMONTH(MONTHLA)
 SET
 DAYTOOGREATFORMONTH
 TO
 TRUE
 ELSE
 SET
 DATEISVALID
 TO
 TRUE
 END-IF
 .

Done.
Pre-processing `test/testsuite/microfocus/www.csis.ul.ie/SubProg/DayDiff/DayDiffDriver.cbl':
 IDENTIFICATION
 DIVISION
 .
 PROGRAM-ID
 .
 DAYDIFFDRIVER
 .
 AUTHOR
 .
 MICHAEL
 COUGHLAN
 .
 ENVIRONMENT
 DIVISION
 .
 DATA
 DIVISION
 .
 WORKING-STORAGE
 SECTION
 .
 01
 DATES
 .
 02
 FIRSTDATE
 PIC
 X(8)
 .
 02
 SECONDDATE
 PIC
 X(8)
 .
 02
 FIRSTDATEPRN
 PIC
 XX/XX/XXXX
 .
 02
 SECONDDATEPRN
 PIC
 XX/XX/XXXX
 .
 01
 DAYDIFFS
 .
 02
 DAYDIFFERENCE
 PIC
 S9(7)
 .
 02
 DAYDIFFERENCEPRN
 PIC
 ----,--9
 .
 01
 VALIDATIONRESULT
 PIC
 9
 .
 88
 DATEISVALID
 VALUE
 0
 .
 88
 DATEISNOTVALID
 VALUE
 1
 THRU
 6
 .
 88
 DATENOTNUMERIC
 VALUE
 1
 .
 88
 YEARCONTAINSZEROS
 VALUE
 2
 .
 88
 MONTHCONTAINSZEROS
 VALUE
 3
 .
 88
 DAYCONTAINSZEROS
 VALUE
 4
 .
 88
 MONTHGREATERTHAN12
 VALUE
 5
 .
 88
 DAYTOOGREATFORMONTH
 VALUE
 6
 .
 PROCEDURE
 DIVISION
 .
 BEGIN
 .
 SET
 DATEISNOTVALID
 TO
 TRUE
 .
 PERFORM
 GETVALIDFIRSTDATE
 UNTIL
 DATEISVALID
 .
 SET
 DATEISNOTVALID
 TO
 TRUE
 .
 PERFORM
 GETVALIDSECONDDATE
 UNTIL
 DATEISVALID
 .
 CALL
 "EuroDateToSortDate"
 USING
 FIRSTDATE
 FIRSTDATE
 .
 CALL
 "EuroDateToSortDate"
 USING
 SECONDDATE
 SECONDDATE
 .
 CALL
 "GetDayDiff"
 USING
 BY
 CONTENT
 FIRSTDATE
 SECONDDATE
 BY
 REFERENCE
 DAYDIFFERENCE
 .
 CALL
 "SortDateToEuroDate"
 USING
 FIRSTDATE
 FIRSTDATE
 .
 CALL
 "SortDateToEuroDate"
 USING
 SECONDDATE
 SECONDDATE
 .
 MOVE
 DAYDIFFERENCE
 TO
 DAYDIFFERENCEPRN
 .
 MOVE
 FIRSTDATE
 TO
 FIRSTDATEPRN
 .
 MOVE
 SECONDDATE
 TO
 SECONDDATEPRN
 .
 DISPLAY
 SPACES
 .
 DISPLAY
 "The difference between "
 FIRSTDATEPRN
 " and "
 SECONDDATEPRN
 " is "
 DAYDIFFERENCEPRN
 " days."
 .
 STOP
 RUN
 .
 GETVALIDFIRSTDATE
 .
 DISPLAY
 SPACES
 DISPLAY
 "Enter the first  date in DDMMYYYY format "
 WITH
 NO
 ADVANCING
 .
 ACCEPT
 FIRSTDATE
 .
 CALL
 "Validate"
 USING
 BY
 CONTENT
 FIRSTDATE
 BY
 REFERENCE
 VALIDATIONRESULT
 .
 IF
 DATEISNOTVALID
 PERFORM
 DISPLAYERRORMESSAGE
 END-IF
 .
 GETVALIDSECONDDATE
 .
 DISPLAY
 SPACES
 DISPLAY
 "Enter the second date in DDMMYYYY format "
 WITH
 NO
 ADVANCING
 .
 ACCEPT
 SECONDDATE
 .
 CALL
 "Validate"
 USING
 BY
 CONTENT
 SECONDDATE
 BY
 REFERENCE
 VALIDATIONRESULT
 .
 IF
 DATEISNOTVALID
 PERFORM
 DISPLAYERRORMESSAGE
 END-IF
 .
 DISPLAYERRORMESSAGE
 .
 DISPLAY
 "Invalid date . Return code  = "
 VALIDATIONRESULT
 EVALUATE
 TRUE
 WHEN
 DATENOTNUMERIC
 DISPLAY
 "Date is not numeric."
 WHEN
 YEARCONTAINSZEROS
 DISPLAY
 "Year contains all zeros."
 WHEN
 MONTHCONTAINSZEROS
 DISPLAY
 "Month contains all zeros."
 WHEN
 DAYCONTAINSZEROS
 DISPLAY
 "Day contains all zeros."
 WHEN
 MONTHGREATERTHAN12
 DISPLAY
 "Month to great."
 WHEN
 DAYTOOGREATFORMONTH
 DISPLAY
 "Day to great for month."
 END-EVALUATE
 .
 IDENTIFICATION
 DIVISION
 .
 PROGRAM-ID
 .
 EURODATETOSORTDATE
 .
 AUTHOR
 .
 MICHAEL
 COUGHLAN
 .
 ENVIRONMENT
 DIVISION
 .
 DATA
 DIVISION
 .
 WORKING-STORAGE
 SECTION
 .
 01
 YYYYDDMMTEMP
 .
 02
 YYYYYEAR
 PIC
 XXXX
 .
 02
 YYYYMONTH
 PIC
 XX
 .
 02
 YYYYDAY
 PIC
 XX
 .
 LINKAGE
 SECTION
 .
 01
 DDMMYYYYDATE
 .
 02
 DDMMDAY
 PIC
 XX
 .
 02
 DDMMMONTH
 PIC
 XX
 .
 02
 DDMMYEAR
 PIC
 XXXX
 .
 01
 YYYYDDMMDATE
 PIC
 X(8)
 .
 PROCEDURE
 DIVISION
 USING
 DDMMYYYYDATE
 YYYYDDMMDATE
 .
 BEGIN
 .
 MOVE
 DDMMDAY
 TO
 YYYYDAY
 .
 MOVE
 DDMMMONTH
 TO
 YYYYMONTH
 .
 MOVE
 DDMMYEAR
 TO
 YYYYYEAR
 .
 MOVE
 YYYYDDMMTEMP
 TO
 YYYYDDMMDATE
 .
 EXIT
 PROGRAM
 .
 END
 PROGRAM
 EURODATETOSORTDATE
 .
 IDENTIFICATION
 DIVISION
 .
 PROGRAM-ID
 .
 SORTDATETOEURODATE
 .
 AUTHOR
 .
 MICHAEL
 COUGHLAN
 .
 ENVIRONMENT
 DIVISION
 .
 DATA
 DIVISION
 .
 WORKING-STORAGE
 SECTION
 .
 01
 DDMMYYYYTEMP
 .
 02
 DDMMDAY
 PIC
 XX
 .
 02
 DDMMMONTH
 PIC
 XX
 .
 02
 DDMMYEAR
 PIC
 XXXX
 .
 LINKAGE
 SECTION
 .
 01
 YYYYDDMMDATE
 .
 02
 YYYYYEAR
 PIC
 XXXX
 .
 02
 YYYYMONTH
 PIC
 XX
 .
 02
 YYYYDAY
 PIC
 XX
 .
 01
 DDMMYYYYDATE
 PIC
 X(8)
 .
 PROCEDURE
 DIVISION
 USING
 YYYYDDMMDATE
 DDMMYYYYDATE
 .
 BEGIN
 .
 MOVE
 YYYYDAY
 TO
 DDMMDAY
 .
 MOVE
 YYYYMONTH
 TO
 DDMMMONTH
 .
 MOVE
 YYYYYEAR
 TO
 DDMMYEAR
 .
 MOVE
 DDMMYYYYTEMP
 TO
 DDMMYYYYDATE
 .
 EXIT
 PROGRAM
 .
 END
 PROGRAM
 SORTDATETOEURODATE
 .
 IDENTIFICATION
 DIVISION
 .
 PROGRAM-ID
 .
 GETDAYDIFF
 .
 AUTHOR
 .
 MICHAEL
 COUGHLAN
 .
 ENVIRONMENT
 DIVISION
 .
 DATA
 DIVISION
 .
 LINKAGE
 SECTION
 .
 01
 DATE1
 PIC
 9(8)
 .
 01
 DATE2
 PIC
 9(8)
 .
 01
 DIFFERENCE
 PIC
 S9(7)
 .
 PROCEDURE
 DIVISION
 USING
 DATE1
 DATE2
 DIFFERENCE
 .
 BEGIN
 .
 COMPUTE
 DIFFERENCE
 =
 FUNCTION
 INTEGER-OF-DATE(DATE2)-
 FUNCTION
 INTEGER-OF-DATE(DATE1)
 EXIT
 PROGRAM
 .
 END
 PROGRAM
 GETDAYDIFF
 .
 END
 PROGRAM
 DAYDRIVER
 .

Done.
Pre-processing `test/testsuite/microfocus/www.csis.ul.ie/SubProg/Multiply/DriverProg.cbl':
 IDENTIFICATION
 DIVISION
 .
 PROGRAM-ID
 .
 DRIVERPROG
 .
 AUTHOR
 .
 MICHAEL
 COUGHLAN
 .
 ENVIRONMENT
 DIVISION
 .
 DATA
 DIVISION
 .
 WORKING-STORAGE
 SECTION
 .
 01
 USERNUMBER
 PIC
 99
 .
 01
 PRNRESULT
 PIC
 9(6)
 .
 01
 PARAMETERS
 .
 02
 NUMBER1
 PIC
 9(3)
 .
 02
 NUMBER2
 PIC
 9(3)
 .
 02
 FIRSTSTRING
 PIC
 X(19)
 VALUE
 "First parameter  = "
 .
 02
 SECONDSTRING
 PIC
 X(19)
 VALUE
 "Second parameter = "
 .
 02
 RESULT
 PIC
 9(6)
 COMP
 .
 PROCEDURE
 DIVISION
 .
 BEGIN
 .
 PERFORM
 CALLMULTIPLYNUMS
 .
 PERFORM
 CALLFICKLE
 PERFORM
 CALLSTEADFAST
 PERFORM
 MAKEFICKLESTEADFAST
 .
 STOP
 RUN
 .
 CALLMULTIPLYNUMS
 .
 DISPLAY
 "Input 2 numbers (3 digits each)  to be multiplied"
 DISPLAY
 "First number -  "
 WITH
 NO
 ADVANCING
 ACCEPT
 NUMBER1
 DISPLAY
 "Second number - "
 WITH
 NO
 ADVANCING
 ACCEPT
 NUMBER2
 .
 DISPLAY
 "The first string  is "
 FIRSTSTRING
 .
 DISPLAY
 "The second string is "
 SECONDSTRING
 .
 DISPLAY
 ">>>>>>>>> Calling the sub-program now"
 .
 CALL
 "MultiplyNums"
 USING
 BY
 CONTENT
 NUMBER1
 NUMBER2
 FIRSTSTRING
 BY
 REFERENCE
 SECONDSTRING
 RESULT
 .
 DISPLAY
 "Back in the main program now <<<<<<<<<<<"
 .
 MOVE
 RESULT
 TO
 PRNRESULT
 .
 DISPLAY
 NUMBER1
 " multiplied by "
 NUMBER2
 " is = "
 PRNRESULT
 .
 DISPLAY
 "The first string is  "
 FIRSTSTRING
 .
 DISPLAY
 "The second string is "
 SECONDSTRING
 .
 CALLFICKLE
 .
 DISPLAY
 SPACE
 DISPLAY
 "------------------- Calling Fickle ---------"
 MOVE
 10
 TO
 USERNUMBER
 CALL
 "Fickle"
 USING
 BY
 CONTENT
 USERNUMBER
 MOVE
 10
 TO
 USERNUMBER
 CALL
 "Fickle"
 USING
 BY
 CONTENT
 USERNUMBER
 MOVE
 10
 TO
 USERNUMBER
 CALL
 "Fickle"
 USING
 BY
 CONTENT
 USERNUMBER
 .
 CALLSTEADFAST
 .
 DISPLAY
 SPACE
 DISPLAY
 "------------------- Calling Steadfast ---------"
 MOVE
 10
 TO
 USERNUMBER
 CALL
 "Steadfast"
 USING
 BY
 CONTENT
 USERNUMBER
 MOVE
 10
 TO
 USERNUMBER
 CALL
 "Steadfast"
 USING
 BY
 CONTENT
 USERNUMBER
 MOVE
 10
 TO
 USERNUMBER
 CALL
 "Steadfast"
 USING
 BY
 CONTENT
 USERNUMBER
 .
 MAKEFICKLESTEADFAST
 .
 DISPLAY
 SPACE
 DISPLAY
 "----- Making fickle act like Steadfast -------"
 CANCEL
 "Fickle"
 MOVE
 10
 TO
 USERNUMBER
 CALL
 "Fickle"
 USING
 BY
 CONTENT
 USERNUMBER
 CANCEL
 "Fickle"
 MOVE
 10
 TO
 USERNUMBER
 CALL
 "Fickle"
 USING
 BY
 CONTENT
 USERNUMBER
 CANCEL
 "Fickle"
 MOVE
 10
 TO
 USERNUMBER
 CALL
 "Fickle"
 USING
 BY
 CONTENT
 USERNUMBER
 .

Done.
Pre-processing `test/testsuite/microfocus/www.csis.ul.ie/SubProg/Multiply/Fickle.cbl':
 IDENTIFICATION
 DIVISION
 .
 PROGRAM-ID
 .
 FICKLE
 .
 AUTHOR
 .
 MICHAEL
 COUGHLAN
 .
 ENVIRONMENT
 DIVISION
 .
 DATA
 DIVISION
 .
 WORKING-STORAGE
 SECTION
 .
 01
 RUNNINGTOTAL
 PIC
 9(4)
 VALUE
 150
 .
 LINKAGE
 SECTION
 .
 01
 PARAM1
 PIC
 99
 .
 PROCEDURE
 DIVISION
 USING
 PARAM1
 .
 BEGIN
 .
 ADD
 PARAM1
 TO
 RUNNINGTOTAL
 .
 DISPLAY
 "The total so far is "
 RUNNINGTOTAL
 EXIT
 PROGRAM
 .

Done.
Pre-processing `test/testsuite/microfocus/www.csis.ul.ie/SubProg/Multiply/MultiplyNums.cbl':
 IDENTIFICATION
 DIVISION
 .
 PROGRAM-ID
 .
 MULTIPLYNUMS
 .
 AUTHOR
 .
 MICHAEL
 COUGHLAN
 .
 ENVIRONMENT
 DIVISION
 .
 DATA
 DIVISION
 .
 LINKAGE
 SECTION
 .
 01
 PARAM1
 PIC
 9(3)
 .
 01
 PARAM2
 PIC
 9(3)
 .
 01
 ANSWER
 PIC
 9(6)
 COMP
 .
 01
 STRA
 PIC
 X(20)
 .
 01
 STRB
 PIC
 X(20)
 .
 PROCEDURE
 DIVISION
 USING
 PARAM1
 PARAM2
 STRA
 STRB
 ANSWER
 .
 BEGIN
 .
 DISPLAY
 ">>>>>>>>>>>>>>>>> In the sub-program"
 DISPLAY
 STRA
 PARAM1
 DISPLAY
 STRB
 PARAM2
 MULTIPLY
 PARAM1
 BY
 PARAM2
 GIVING
 ANSWER
 .
 MOVE
 "VALUE OVERWRITTEN"
 TO
 STRA
 MOVE
 "VALUE OVERWRITTEN"
 TO
 STRB
 DISPLAY
 "<<<<<<<<<<<<<< Leaving sub-program now"
 .
 EXIT
 PROGRAM
 .

Done.
Pre-processing `test/testsuite/microfocus/www.csis.ul.ie/SubProg/Multiply/Steadfast.cbl':
 IDENTIFICATION
 DIVISION
 .
 PROGRAM-ID
 .
 STEADFAST
 IS
 INITIAL
 .
 AUTHOR
 .
 MICHAEL
 COUGHLAN
 .
 ENVIRONMENT
 DIVISION
 .
 DATA
 DIVISION
 .
 WORKING-STORAGE
 SECTION
 .
 01
 RUNNINGTOTAL
 PIC
 9(4)
 VALUE
 150
 .
 LINKAGE
 SECTION
 .
 01
 PARAM1
 PIC
 99
 .
 PROCEDURE
 DIVISION
 USING
 PARAM1
 .
 BEGIN
 .
 ADD
 PARAM1
 TO
 RUNNINGTOTAL
 .
 DISPLAY
 "The total so far is "
 RUNNINGTOTAL
 EXIT
 PROGRAM
 .

Done.
Pre-processing `test/testsuite/ibm/ibmmainframes.com/cob1.cbl':
 IDENTIFICATION
 DIVISION
 .
 PROGRAM-ID
 .
 MAA
 .
 DATA
 DIVISION
 .
 WORKING-STORAGE
 SECTION
 .
 01
 YY
 PIC
 99
 .
 01
 YYYY
 .
 05
 Y1
 PIC
 99
 VALUE
 19
 .
 05
 Y2
 PIC
 99
 VALUE
 00
 .
 PROCEDURE
 DIVISION
 .
 0001
 .
 ACCEPT
 YY
 .
 MOVE
 YY
 TO
 Y2
 .
 IF
 YY
 <
 03
 MOVE
 20
 TO
 Y1
 .
 DISPLAY
 YYYY
 .
 STOP
 RUN
 .

Done.
Pre-processing `test/testsuite/ibm/ibmmainframes.com/cob10.cbl':
 IDENTIFICATION
 DIVISION
 .
 PROGRAM-ID
 .
 MAC
 .
 DATA
 DIVISION
 .
 WORKING-STORAGE
 SECTION
 .
 01
 A
 .
 05
 AA
 PIC
 X(5)
 OCCURS
 100
 TIMES
 INDEXED
 BY
 I
 D
 .
 01
 B
 PIC
 X(5)
 .
 01
 C
 PIC
 9
 .
 PROCEDURE
 DIVISION
 .
 0001
 .
 SET
 I
 TO
 0
 .
 SET
 D
 TO
 1
 .
 00A
 .
 DISPLAY
 "MENU"
 .
 DISPLAY
 "1.INSERT"
 .
 DISPLAY
 "2.RETRIVE"
 .
 DISPLAY
 "3.EXIT"
 .
 ACCEPT
 C
 .
 IF
 C
 =
 1
 PERFORM
 0002
 DISPLAY
 "ITEM INSERTED"
 ELSE
 IF
 C
 =
 2
 GO
 0003
 ELSE
 STOP
 RUN
 .
 GO
 00A
 .
 0002
 .
 IF
 I
 >
 100
 SET
 I
 TO
 1
 DISPLAY
 "QUEUE CIRCULARED"
 .
 DISPLAY
 "ENTER VALUE "
 .
 ACCEPT
 B
 .
 SET
 I
 UP
 BY
 1
 .
 MOVE
 B
 TO
 AA
 (
 I
 )
 .
 0003
 .
 IF
 D
 >
 I
 DISPLAY
 "QUEUE EMPTY"
 GO
 00A
 .
 MOVE
 AA
 (
 D
 )
 TO
 B
 .
 DISPLAY
 "ITEM RECEIVED:"
 B
 .
 SET
 D
 UP
 BY
 1
 .
 IF
 D
 >
 100
 SET
 D
 TO
 1
 .
 GO
 00A
 .

Done.
Pre-processing `test/testsuite/ibm/ibmmainframes.com/cob11.cbl':
 IDENTIFICATION
 DIVISION
 .
 PROGRAM-ID
 .
 MAC
 .
 DATA
 DIVISION
 .
 WORKING-STORAGE
 SECTION
 .
 01
 A
 .
 05
 AA
 PIC
 X(5)
 OCCURS
 100
 TIMES
 INDEXED
 BY
 I
 .
 01
 B
 PIC
 X(5)
 .
 01
 C
 PIC
 9
 .
 PROCEDURE
 DIVISION
 .
 0001
 .
 SET
 I
 TO
 0
 .
 00A
 .
 DISPLAY
 "MENU"
 .
 DISPLAY
 "1.PUSH"
 .
 DISPLAY
 "2.POP"
 .
 DISPLAY
 "3.POP ALL"
 DISPLAY
 "4.EXIT"
 .
 ACCEPT
 C
 .
 IF
 C
 =
 1
 PERFORM
 0002
 DISPLAY
 "ITEM PUSHED"
 ELSE
 IF
 C
 =
 2
 PERFORM
 0003
 ELSE
 IF
 C
 =
 3
 PERFORM
 0003
 UNTIL
 I
 =
 0
 ELSE
 STOP
 RUN
 .
 GO
 00A
 .
 0002
 .
 SET
 I
 UP
 BY
 1
 .
 IF
 I
 >
 100
 DISPLAY
 "STACK FULL"
 .
 DISPLAY
 "ENTER VALUE "
 .
 ACCEPT
 B
 .
 MOVE
 B
 TO
 AA
 (
 I
 )
 .
 0003
 .
 MOVE
 AA
 (
 I
 )
 TO
 B
 .
 DISPLAY
 "ITEM POPPED:"
 B
 .
 SET
 I
 DOWN
 BY
 1
 .
 IF
 I
 =
 0
 OR
 I
 <
 0
 DISPLAY
 "EMPTY STACK"
 .

Done.
Pre-processing `test/testsuite/ibm/ibmmainframes.com/cob12.cbl':
 IDENTIFICATION
 DIVISION
 .
 PROGRAM-ID
 .
 PRIME
 .
 DATA
 DIVISION
 .
 WORKING-STORAGE
 SECTION
 .
 01
 A
 .
 05
 AA
 PIC
 99
 OCCURS
 10
 TIMES
 .
 01
 I
 PIC
 99
 VALUE
 1
 .
 01
 N
 PIC
 9(10)
 VALUE
 1
 .
 01
 D
 PIC
 9(10)
 VALUE
 2
 .
 01
 V
 PIC
 9(10)
 VALUE
 1
 .
 01
 T1
 PIC
 99
 .
 01
 T2
 PIC
 99
 .
 PROCEDURE
 DIVISION
 .
 0001
 .
 DISPLAY
 "ENTER NO"
 .
 ACCEPT
 N
 .
 DISPLAY
 "PRIME FACTORS ARE: "
 .
 COMPUTE
 V
 =
 N
 /
 2
 .
 PERFORM
 0002
 .
 COMPUTE
 I
 =
 1
 .
 PERFORM
 0003
 UNTIL
 I
 >
 10
 .
 STOP
 RUN
 .
 0002
 .
 DIVIDE
 N
 BY
 D
 GIVING
 T1
 REMAINDER
 T2
 .
 IF
 T2
 =
 0
 COMPUTE
 AA
 (
 I
 )
 =
 D
 ADD
 1
 TO
 I
 COMPUTE
 N
 =
 N
 /
 D
 ELSE
 ADD
 1
 TO
 D
 .
 IF
 D
 <
 N
 OR
 =
 N
 GO
 0002
 .
 0003
 .
 DISPLAY
 AA
 (
 I
 )
 .
 ADD
 1
 TO
 I
 .

Done.
Pre-processing `test/testsuite/ibm/ibmmainframes.com/cob13.cbl':
 IDENTIFICATION
 DIVISION
 .
 PROGRAM-ID
 .
 MAC
 .
 DATA
 DIVISION
 .
 WORKING-STORAGE
 SECTION
 .
 01
 X
 PIC
 9(4)
 VALUE
 8048
 .
 01
 Y
 PIC
 9(4)
 VALUE
 21
 .
 01
 Z
 PIC
 9(4)
 VALUE
 31
 .
 01
 I
 PIC
 9(5)
 VALUE
 0
 .
 01
 A
 PIC
 9(4)
 .
 01
 B
 PIC
 9(4)
 .
 01
 N
 PIC
 9(2)
 VALUE
 1
 .
 PROCEDURE
 DIVISION
 .
 0001
 .
 DISPLAY
 "ENTER LIMIT:"
 .
 ACCEPT
 N
 .
 DISPLAY
 "RANDOM SERIES:"
 .
 PERFORM
 0002
 N
 TIMES
 .
 STOP
 RUN
 .
 0002
 .
 COMPUTE
 A
 =
 Y
 *
 I
 +
 Z
 .
 DIVIDE
 X
 INTO
 A
 GIVING
 B
 REMAINDER
 I
 .
 DISPLAY
 I
 .
 ADD
 1
 TO
 I
 .

Done.
Pre-processing `test/testsuite/ibm/ibmmainframes.com/cob14.cbl':
 IDENTIFICATION
 DIVISION
 .
 PROGRAM-ID
 .
 MACSEQ
 .
 ENVIRONMENT
 DIVISION
 .
 INPUT-OUTPUT
 SECTION
 .
 FILE-CONTROL
 .
 SELECT
 MAC
 ASSIGN
 TO
 QSAMFILE
 .
 DATA
 DIVISION
 .
 FILE
 SECTION
 .
 FD
 MAC
 BLOCK
 CONTAINS
 0
 RECORDS
 RECORDING
 MODE
 F
 .
 01
 MREC
 .
 05
 MNO
 PIC
 9(5)
 .
 05
 MNAME
 PIC
 X(10)
 .
 WORKING-STORAGE
 SECTION
 .
 01
 A
 PIC
 99
 VALUE
 ZERO
 .
 01
 B
 PIC
 9(5)
 VALUE
 ZERO
 .
 PROCEDURE
 DIVISION
 .
 0001
 .
 DISPLAY
 "ENTER 1.SEARCH/2.INSERT/3.REWRITE/4.DEL/5.DEL ALL 6.DISP"
 .
 ACCEPT
 A
 .
 IF
 A
 =
 1
 GO
 1SEARCH
 ELSE
 IF
 A
 =
 2
 GO
 2WRITE
 ELSE
 IF
 A
 =
 3
 GO
 3REWRITE
 ELSE
 IF
 A
 =
 4
 GO
 4DELETE
 ELSE
 IF
 A
 =
 5
 GO
 5DELALL
 ELSE
 IF
 A
 =
 6
 GO
 6DISPLAY
 ELSE
 DISPLAY
 "INVALID INPUT"
 GO
 0001
 .
 STOP
 RUN
 .
 1SEARCH
 .
 OPEN
 INPUT
 MAC
 .
 DISPLAY
 "ENTER RECORD NO TO BE SEARCHED"
 .
 ACCEPT
 B
 .
 0002
 .
 READ
 MAC
 AT
 END
 DISPLAY
 B
 "NOT FOUND"
 GO
 000X
 .
 IF
 B
 =
 MNO
 DISPLAY
 "FOUND "
 MNO
 ":"
 DISPLAY
 " AT POS:"
 A
 " FOR NAME: "
 MNAME
 GO
 000X
 .
 ADD
 1
 TO
 A
 .
 GO
 TO
 0002
 .
 2WRITE
 .
 OPEN
 EXTEND
 MAC
 .
 ACCEPT
 MNO
 .
 ACCEPT
 MNAME
 .
 WRITE
 MREC
 .
 GO
 000X
 .
 3REWRITE
 .
 OPEN
 I-O
 MAC
 .
 DISPLAY
 "ENTER RECORD NO TO BE REWRITED"
 .
 ACCEPT
 B
 .
 0003
 .
 READ
 MAC
 AT
 END
 DISPLAY
 "MNO NOT FOUND"
 GO
 000X
 .
 IF
 MNO
 NOT
 =
 B
 GO
 0003
 .
 ACCEPT
 MNO
 .
 ACCEPT
 MNAME
 .
 REWRITE
 MREC
 .
 GO
 000X
 .
 4DELETE
 .
 OPEN
 I-O
 MAC
 .
 DISPLAY
 "ENTER RECORD NO TO BE DELETED"
 .
 ACCEPT
 B
 .
 0004
 .
 READ
 MAC
 AT
 END
 DISPLAY
 "MNO NOT FOUND"
 GO
 000X
 .
 IF
 MNO
 NOT
 =
 B
 GO
 0003
 .
 MOVE
 SPACES
 TO
 MREC
 .
 REWRITE
 MREC
 .
 GO
 000X
 .
 5DELALL
 .
 DISPLAY
 "SEQ FILE!SO ALL RECORDS ARE DELETED"
 .
 DISPLAY
 "ARE YOU SURE(1/0)"
 .
 ACCEPT
 A
 .
 IF
 A
 =
 1
 OPEN
 OUTPUT
 MAC
 DISPLAY
 "RECORDS DELETED"
 GO
 000X
 ELSE
 GO
 000X
 .
 6DISPLAY
 .
 OPEN
 INPUT
 MAC
 .
 0005
 .
 READ
 MAC
 AT
 END
 GO
 000X
 .
 DISPLAY
 MNO
 " "
 MNAME
 .
 GO
 0005
 .
 000X
 .
 CLOSE
 MAC
 .
 DISPLAY
 "CONTINUE?1/0"
 .
 ACCEPT
 A
 .
 IF
 A
 =
 0
 STOP
 RUN
 ELSE
 GO
 0001
 .

Done.
Pre-processing `test/testsuite/ibm/ibmmainframes.com/cob15.cbl':
 IDENTIFICATION
 DIVISION
 .
 PROGRAM-ID
 .
 MACESDS
 .
 ENVIRONMENT
 DIVISION
 .
 INPUT-OUTPUT
 SECTION
 .
 FILE-CONTROL
 .
 SELECT
 MAC
 ASSIGN
 TO
 AS-ESDSFILE
 .
 DATA
 DIVISION
 .
 FILE
 SECTION
 .
 FD
 MAC
 .
 01
 MREC
 .
 05
 MNO
 PIC
 9(5)
 .
 05
 MNAME
 PIC
 X(10)
 .
 WORKING-STORAGE
 SECTION
 .
 01
 A
 PIC
 99
 VALUE
 ZERO
 .
 01
 B
 PIC
 9(5)
 VALUE
 ZERO
 .
 PROCEDURE
 DIVISION
 .
 0001
 .
 DISPLAY
 "ENTER 1.SEARCH/2.INSERT/3.REWRITE/4.DEL/5.DEL ALL 6.DISP"
 .
 ACCEPT
 A
 .
 IF
 A
 =
 1
 GO
 1SEARCH
 ELSE
 IF
 A
 =
 2
 GO
 2WRITE
 ELSE
 IF
 A
 =
 3
 GO
 3REWRITE
 ELSE
 IF
 A
 =
 4
 GO
 4DELETE
 ELSE
 IF
 A
 =
 5
 GO
 5DELALL
 ELSE
 IF
 A
 =
 6
 GO
 6DISPLAY
 ELSE
 DISPLAY
 "INVALID INPUT"
 GO
 0001
 .
 STOP
 RUN
 .
 1SEARCH
 .
 OPEN
 INPUT
 MAC
 .
 DISPLAY
 "ENTER RECORD NO TO BE SEARCHED"
 .
 ACCEPT
 B
 .
 0002
 .
 READ
 MAC
 AT
 END
 DISPLAY
 B
 "NOT FOUND"
 GO
 000X
 .
 IF
 B
 =
 MNO
 DISPLAY
 "FOUND "
 MNO
 ":"
 DISPLAY
 " AT POS:"
 A
 " FOR NAME: "
 MNAME
 GO
 000X
 .
 ADD
 1
 TO
 A
 .
 GO
 TO
 0002
 .
 2WRITE
 .
 OPEN
 EXTEND
 MAC
 .
 ACCEPT
 MNO
 .
 ACCEPT
 MNAME
 .
 WRITE
 MREC
 .
 GO
 000X
 .
 3REWRITE
 .
 OPEN
 I-O
 MAC
 .
 DISPLAY
 "ENTER RECORD NO TO BE REWRITED"
 .
 ACCEPT
 B
 .
 0003
 .
 READ
 MAC
 AT
 END
 DISPLAY
 "MNO NOT FOUND"
 GO
 000X
 .
 IF
 MNO
 NOT
 =
 B
 GO
 0003
 .
 ACCEPT
 MNO
 .
 ACCEPT
 MNAME
 .
 REWRITE
 MREC
 .
 GO
 000X
 .
 4DELETE
 .
 OPEN
 I-O
 MAC
 .
 DISPLAY
 "ENTER RECORD NO TO BE DELETED"
 .
 ACCEPT
 B
 .
 0004
 .
 READ
 MAC
 AT
 END
 DISPLAY
 "MNO NOT FOUND"
 GO
 000X
 .
 IF
 MNO
 NOT
 =
 B
 GO
 0003
 .
 MOVE
 SPACES
 TO
 MREC
 .
 REWRITE
 MREC
 .
 GO
 000X
 .
 5DELALL
 .
 DISPLAY
 "SEQ FILE!SO ALL RECORDS ARE DELETED"
 .
 DISPLAY
 "ARE YOU SURE(1/0)"
 .
 ACCEPT
 A
 .
 IF
 A
 =
 1
 OPEN
 OUTPUT
 MAC
 DISPLAY
 "RECORDS DELETED"
 GO
 000X
 ELSE
 GO
 000X
 .
 6DISPLAY
 .
 OPEN
 INPUT
 MAC
 .
 0005
 .
 READ
 MAC
 AT
 END
 GO
 000X
 .
 DISPLAY
 MNO
 " "
 MNAME
 .
 GO
 0005
 .
 000X
 .
 CLOSE
 MAC
 .
 DISPLAY
 "CONTINUE?1/0"
 .
 ACCEPT
 A
 .
 IF
 A
 =
 0
 STOP
 RUN
 ELSE
 GO
 0001
 .

Done.
Pre-processing `test/testsuite/ibm/ibmmainframes.com/cob16.cbl':
 IDENTIFICATION
 DIVISION
 .
 PROGRAM-ID
 .
 MACESDS
 .
 ENVIRONMENT
 DIVISION
 .
 INPUT-OUTPUT
 SECTION
 .
 FILE-CONTROL
 .
 SELECT
 MACC
 ASSIGN
 TO
 RRDSFILE
 ORGANIZATION
 RELATIVE
 ACCESS
 MODE
 DYNAMIC
 RELATIVE
 KEY
 RK
 FILE
 STATUS
 FS
 .
 DATA
 DIVISION
 .
 FILE
 SECTION
 .
 FD
 MACC
 .
 01
 MREC
 .
 05
 MNO
 PIC
 9(5)
 .
 05
 MNAME
 PIC
 X(10)
 .
 WORKING-STORAGE
 SECTION
 .
 01
 FS
 PIC
 X(2)
 .
 01
 A
 PIC
 99
 VALUE
 00
 .
 01
 B
 PIC
 9(5)
 VALUE
 ZERO
 .
 01
 IREC
 .
 05
 INO
 PIC
 9(5)
 .
 05
 INAME
 PIC
 X(10)
 .
 01
 RK
 PIC
 9(02)
 VALUE
 01
 .
 PROCEDURE
 DIVISION
 .
 0001
 .
 DISPLAY
 "ENTER 1.SEAR/2.WRITE/3.REWR/4.DEL/5.DELALL/6.DISP"
 .
 ACCEPT
 A
 .
 IF
 A
 =
 1
 GO
 1SEARCH
 ELSE
 IF
 A
 =
 2
 GO
 2WRITE
 ELSE
 IF
 A
 =
 3
 GO
 3REWRITE
 ELSE
 IF
 A
 =
 4
 GO
 4DELETE
 ELSE
 IF
 A
 =
 5
 GO
 5DELALL
 ELSE
 IF
 A
 =
 6
 GO
 6DISPLAY
 ELSE
 DISPLAY
 "INVALID INPUT"
 GO
 0001
 .
 STOP
 RUN
 .
 1SEARCH
 .
 OPEN
 INPUT
 MACC
 .
 ACCEPT
 B
 .
 0002
 .
 READ
 MACC
 NEXT
 AT
 END
 DISPLAY
 B
 "NOT FOUND"
 GO
 000X
 .
 IF
 B
 =
 MNO
 DISPLAY
 "FOUND "
 MNO
 ":"
 DISPLAY
 " AT POS:"
 A
 " FOR NAME: "
 MNAME
 GO
 000X
 .
 ADD
 1
 TO
 A
 .
 GO
 TO
 0002
 .
 2WRITE
 .
 OPEN
 I-O
 MACC
 .
 IF
 FS
 =
 00
 PERFORM
 RKKEY
 UNTIL
 FS
 =
 10
 ELSE
 OPEN
 OUTPUT
 MACC
 .
 DISPLAY
 RK
 .
 ACCEPT
 MNO
 .
 ACCEPT
 MNAME
 .
 WRITE
 MREC
 INVALID
 KEY
 DISPLAY
 "DUPLICATE KEY!"
 .
 GO
 000X
 .
 3REWRITE
 .
 OPEN
 I-O
 MACC
 .
 ACCEPT
 RK
 .
 ACCEPT
 MNO
 .
 ACCEPT
 MNAME
 .
 REWRITE
 MREC
 INVALID
 KEY
 DISPLAY
 "NOT FOUND"
 .
 GO
 000X
 .
 4DELETE
 .
 OPEN
 I-O
 MACC
 .
 ACCEPT
 RK
 .
 DELETE
 MACC
 INVALID
 KEY
 DISPLAY
 "NOT FOUND"
 .
 GO
 000X
 .
 5DELALL
 .
 OPEN
 I-O
 MACC
 .
 MOVE
 01
 TO
 RK
 .
 0003
 .
 DELETE
 MACC
 INVALID
 KEY
 GO
 000X
 .
 ADD
 01
 TO
 RK
 .
 GO
 0003
 .
 6DISPLAY
 .
 OPEN
 INPUT
 MACC
 .
 0005
 .
 READ
 MACC
 NEXT
 INTO
 IREC
 AT
 END
 GO
 000X
 .
 DISPLAY
 INO
 " "
 INAME
 .
 GO
 0005
 .
 000X
 .
 CLOSE
 MACC
 .
 DISPLAY
 "CONTINUE?1/0"
 .
 ACCEPT
 A
 .
 IF
 A
 =
 0
 STOP
 RUN
 ELSE
 GO
 0001
 .
 RKKEY
 .
 READ
 MACC
 NEXT
 .
 ADD
 1
 TO
 RK
 .

Done.
Pre-processing `test/testsuite/ibm/ibmmainframes.com/cob17.cbl':
 IDENTIFICATION
 DIVISION
 .
 PROGRAM-ID
 .
 MACESDS
 .
 ENVIRONMENT
 DIVISION
 .
 INPUT-OUTPUT
 SECTION
 .
 FILE-CONTROL
 .
 SELECT
 MACC
 ASSIGN
 TO
 KSDSFILE
 ORGANIZATION
 INDEXED
 ACCESS
 MODE
 DYNAMIC
 RECORD
 KEY
 MNO
 FILE
 STATUS
 FS
 .
 DATA
 DIVISION
 .
 FILE
 SECTION
 .
 FD
 MACC
 .
 01
 MREC
 .
 05
 MNO
 PIC
 9(5)
 .
 05
 MNAME
 PIC
 X(10)
 .
 WORKING-STORAGE
 SECTION
 .
 01
 FS
 PIC
 X(2)
 .
 01
 A
 PIC
 99
 VALUE
 00
 .
 01
 B
 PIC
 9(5)
 VALUE
 ZERO
 .
 01
 IREC
 .
 05
 INO
 PIC
 9(5)
 .
 05
 INAME
 PIC
 X(10)
 .
 PROCEDURE
 DIVISION
 .
 0001
 .
 DISPLAY
 "ENTER 1.SEAR/2.WRITE/3.REWR/4.DEL/5.DELALL/6.DISP"
 .
 ACCEPT
 A
 .
 IF
 A
 =
 1
 GO
 1SEARCH
 ELSE
 IF
 A
 =
 2
 GO
 2WRITE
 ELSE
 IF
 A
 =
 3
 GO
 3REWRITE
 ELSE
 IF
 A
 =
 4
 GO
 4DELETE
 ELSE
 IF
 A
 =
 5
 GO
 5DELALL
 ELSE
 IF
 A
 =
 6
 GO
 6DISPLAY
 ELSE
 DISPLAY
 "INVALID INPUT"
 GO
 0001
 .
 STOP
 RUN
 .
 1SEARCH
 .
 OPEN
 INPUT
 MACC
 .
 ACCEPT
 B
 .
 0002
 .
 READ
 MACC
 NEXT
 AT
 END
 DISPLAY
 B
 "NOT FOUND"
 GO
 000X
 .
 IF
 B
 =
 MNO
 DISPLAY
 "FOUND "
 MNO
 ":"
 DISPLAY
 " AT POS:"
 A
 " FOR NAME: "
 MNAME
 GO
 000X
 .
 ADD
 1
 TO
 A
 .
 GO
 TO
 0002
 .
 2WRITE
 .
 OPEN
 I-O
 MACC
 .
 IF
 FS
 =
 95
 DISPLAY
 "TYPE ISAM BEFORE RUN THIS PROGRAM"
 ELSE
 IF
 FS
 NOT
 =
 00
 OPEN
 OUTPUT
 MACC
 .
 ACCEPT
 MNO
 .
 ACCEPT
 MNAME
 .
 WRITE
 MREC
 INVALID
 KEY
 DISPLAY
 "DUPLICATE KEY!"
 .
 GO
 000X
 .
 3REWRITE
 .
 OPEN
 I-O
 MACC
 .
 ACCEPT
 MNO
 .
 ACCEPT
 MNAME
 .
 REWRITE
 MREC
 .
 GO
 000X
 .
 4DELETE
 .
 OPEN
 I-O
 MACC
 .
 ACCEPT
 MNO
 .
 DELETE
 MACC
 INVALID
 KEY
 DISPLAY
 "NOT FOUND"
 .
 GO
 000X
 .
 5DELALL
 .
 OPEN
 I-O
 MACC
 .
 0003
 .
 READ
 MACC
 NEXT
 AT
 END
 DISPLAY
 "RECORDS DELETED"
 GO
 000X
 .
 DELETE
 MACC
 INVALID
 KEY
 GO
 000X
 .
 GO
 0003
 .
 6DISPLAY
 .
 OPEN
 INPUT
 MACC
 .
 0005
 .
 READ
 MACC
 NEXT
 INTO
 IREC
 AT
 END
 GO
 000X
 .
 DISPLAY
 INO
 " "
 INAME
 .
 GO
 0005
 .
 000X
 .
 CLOSE
 MACC
 .
 DISPLAY
 "CONTINUE?1/0"
 .
 ACCEPT
 A
 .
 IF
 A
 =
 0
 STOP
 RUN
 ELSE
 GO
 0001
 .

Done.
Pre-processing `test/testsuite/ibm/ibmmainframes.com/cob2.cbl':
 IDENTIFICATION
 DIVISION
 .
 PROGRAM-ID
 .
 MAA
 .
 DATA
 DIVISION
 .
 WORKING-STORAGE
 SECTION
 .
 01
 YY
 PIC
 99
 .
 01
 YYYY
 .
 05
 Y1
 PIC
 99
 VALUE
 19
 .
 05
 Y2
 PIC
 99
 VALUE
 00
 .
 PROCEDURE
 DIVISION
 .
 0001
 .
 ACCEPT
 YY
 .
 MOVE
 YY
 TO
 Y2
 .
 IF
 YY
 <
 03
 MOVE
 20
 TO
 Y1
 .
 DISPLAY
 YYYY
 .
 STOP
 RUN
 .

Done.
Pre-processing `test/testsuite/ibm/ibmmainframes.com/cob3.cbl':
 IDENTIFICATION
 DIVISION
 .
 PROGRAM-ID
 .
 MAC
 .
 DATA
 DIVISION
 .
 WORKING-STORAGE
 SECTION
 .
 01
 A
 .
 05
 A1
 PIC
 99
 .
 05
 A2
 PIC
 99
 .
 05
 A3
 PIC
 99
 .
 01
 B
 .
 05
 A1
 PIC
 9(4)
 .
 05
 FILLER
 PIC
 X
 VALUE
 '/'
 .
 05
 A2
 PIC
 9(2)
 .
 05
 FILLER
 PIC
 X
 VALUE
 '/'
 .
 05
 A3
 PIC
 9(2)
 .
 PROCEDURE
 DIVISION
 .
 MAAC
 .
 ACCEPT
 A
 FROM
 DATE
 .
 MOVE
 CORR
 A
 TO
 B
 .
 IF
 NOT
 (A1
 OF
 A
 <
 10
 )
 INSPECT
 A1
 OF
 B
 REPLACING
 FIRST
 "00"
 BY
 "19"
 ELSE
 INSPECT
 A1
 OF
 B
 REPLACING
 FIRST
 "00"
 BY
 "20"
 .
 DISPLAY
 "CURRENT DATE IS (ISO) :"
 B
 .
 STOP
 RUN
 .

Done.
Pre-processing `test/testsuite/ibm/ibmmainframes.com/cob4.cbl':
 IDENTIFICATION
 DIVISION
 .
 PROGRAM-ID
 .
 DAYFIND
 .
 DATA
 DIVISION
 .
 WORKING-STORAGE
 SECTION
 .
 01
 Y
 PIC
 9(4)
 .
 01
 M
 PIC
 9(2)
 .
 01
 D
 PIC
 9(2)
 .
 01
 A
 PIC
 99
 VALUE
 ZERO
 .
 01
 B
 PIC
 9
 VALUE
 ZERO
 .
 01
 C
 PIC
 99
 VALUE
 ZERO
 .
 01
 F
 VALUE
 "12060708091011"
 .
 05
 FF
 PIC
 99
 OCCURS
 7
 .
 01
 E
 PIC
 9999
 VALUE
 0012
 .
 01
 T
 PIC
 9999
 VALUE
 ZERO
 .
 01
 I
 PIC
 9
 VALUE
 1
 .
 PROCEDURE
 DIVISION
 .
 0001A
 .
 DISPLAY
 "ENTER 4 DIGIT YEAR >=0001 & <=9999"
 .
 ACCEPT
 Y
 .
 0002A
 .
 DISPLAY
 "ENTER MONTH(INTEGER)"
 .
 ACCEPT
 M
 .
 IF
 M
 <
 1
 OR
 >
 12
 DISPLAY
 "INVALID MONTH"
 GO
 0002A
 .
 0003A
 .
 DISPLAY
 "ENTER DATE(INTEGER)"
 .
 ACCEPT
 D
 .
 IF
 D
 <
 1
 OR
 >
 31
 DISPLAY
 "INVALID DATE"
 GO
 0003A
 .
 MOVE
 D
 TO
 C
 .
 0000X
 .
 COMPUTE
 A
 =
 FF
 (
 I
 )
 .
 IF
 E
 =
 Y
 GO
 0000Y
 .
 ADD
 1
 TO
 I
 .
 IF
 I
 >
 7
 COMPUTE
 I
 =
 1
 .
 DIVIDE
 E
 BY
 4
 GIVING
 T
 REMAINDER
 B
 .
 IF
 E
 <
 Y
 AND
 B
 =
 0
 ADD
 1
 TO
 I
 .
 IF
 I
 >
 7
 COMPUTE
 I
 =
 1
 .
 ADD
 1
 TO
 E
 .
 GO
 0000X
 .
 0000Y
 .
 IF
 B
 =
 0
 AND
 M
 >
 2
 ADD
 1
 TO
 A
 .
 IF
 M
 =
 1
 ADD
 A
 TO
 D
 DIVIDE
 D
 BY
 7
 GIVING
 A
 REMAINDER
 B
 ELSE
 IF
 M
 =
 2
 ADD
 A
 3
 TO
 D
 DIVIDE
 D
 BY
 7
 GIVING
 A
 REMAINDER
 B
 ELSE
 IF
 M
 =
 3
 ADD
 A
 3
 TO
 D
 DIVIDE
 D
 BY
 7
 GIVING
 A
 REMAINDER
 B
 ELSE
 IF
 M
 =
 4
 SUBTRACT
 1
 FROM
 A
 ADD
 A
 TO
 D
 DIVIDE
 D
 BY
 7
 GIVING
 A
 REMAINDER
 B
 ELSE
 IF
 M
 =
 5
 ADD
 A
 1
 TO
 D
 DIVIDE
 D
 BY
 7
 GIVING
 A
 REMAINDER
 B
 ELSE
 IF
 M
 =
 6
 ADD
 A
 4
 TO
 D
 DIVIDE
 D
 BY
 7
 GIVING
 A
 REMAINDER
 B
 ELSE
 IF
 M
 =
 7
 SUBTRACT
 1
 FROM
 A
 ADD
 A
 TO
 D
 DIVIDE
 D
 BY
 7
 GIVING
 A
 REMAINDER
 B
 ELSE
 IF
 M
 =
 8
 ADD
 A
 2
 TO
 D
 DIVIDE
 D
 BY
 7
 GIVING
 A
 REMAINDER
 B
 ELSE
 IF
 M
 =
 9
 SUBTRACT
 2
 FROM
 A
 ADD
 A
 TO
 D
 DIVIDE
 D
 BY
 7
 GIVING
 A
 REMAINDER
 B
 ELSE
 IF
 M
 =
 10
 ADD
 A
 TO
 D
 DIVIDE
 D
 BY
 7
 GIVING
 A
 REMAINDER
 B
 ELSE
 IF
 M
 =
 11
 ADD
 A
 3
 TO
 D
 DIVIDE
 D
 BY
 7
 GIVING
 A
 REMAINDER
 B
 ELSE
 IF
 M
 =
 12
 SUBTRACT
 2
 FROM
 A
 ADD
 A
 TO
 D
 DIVIDE
 D
 BY
 7
 GIVING
 A
 REMAINDER
 B
 ELSE
 DISPLAY
 "COBOL FAILED"
 .
 DISPLAY
 Y
 "/"
 M
 "/"
 C
 " IS:"
 .
 IF
 B
 =
 0
 DISPLAY
 "SUNDAY"
 ELSE
 IF
 B
 =
 1
 DISPLAY
 "MONDAY"
 ELSE
 IF
 B
 =
 2
 DISPLAY
 "TUESDAY"
 ELSE
 IF
 B
 =
 3
 DISPLAY
 "WEDNESDAY"
 ELSE
 IF
 B
 =
 4
 DISPLAY
 "THURSDAY"
 ELSE
 IF
 B
 =
 5
 DISPLAY
 "FRIDAY"
 ELSE
 IF
 B
 =
 6
 DISPLAY
 "SATURDAY"
 ELSE
 DISPLAY
 "COBOL RUNTIME ERROR"
 .
 STOP
 RUN
 .

Done.
Pre-processing `test/testsuite/ibm/ibmmainframes.com/cob5.cbl':
 IDENTIFICATION
 DIVISION
 .
 PROGRAM-ID
 .
 MACTIME
 .
 DATA
 DIVISION
 .
 WORKING-STORAGE
 SECTION
 .
 01
 ST
 .
 05
 HH
 PIC
 99
 .
 05
 MM
 PIC
 99
 .
 05
 SS
 PIC
 99
 .
 01
 PS
 PIC
 9
 VALUE
 2
 .
 01
 NG
 PIC
 9
 VALUE
 2
 .
 01
 XCH
 PIC
 99
 VALUE
 01
 .
 PROCEDURE
 DIVISION
 .
 0001
 .
 DISPLAY
 "ENTER INDIA STANDARD TIME (HHMMSS /235959)"
 .
 ACCEPT
 ST
 .
 IF
 ST
 =
 SPACE
 ACCEPT
 ST
 FROM
 TIME
 DISPLAY
 "YOUR SYSTEM TIME IS :- "
 HH
 ":"
 MM
 ":"
 SS
 ELSE
 DISPLAY
 "TIME ENTERED BY YOU :- "
 HH
 ":"
 MM
 ":"
 SS
 .
 DISPLAY
 "XCHOOSE THE COUNTRY YOU WANT TO XCHECK THE TIME NOW"
 .
 DISPLAY
 "1.ARABIA            2.AUSTRALIA          3.ALGERIA     4.ALASKA"
 .
 DISPLAY
 "5.BAHRAIN         6.BRASIL                 7.BELGIUM     8.XCHINA"
 .
 DISPLAY
 "9.CANADA          10.CNTAMERIC      11.EGYPT        12.GREESE"
 .
 DISPLAY
 "13.GERMANY    14.HONG KONG      15.IRAQ          16.JAPAN"
 .
 DISPLAY
 "17.KENYA           18.LONDON             19.MEXICO    20.NEZEALND"
 .
 DISPLAY
 "21.PAKISTN        22.RUSSIA                23.SPAIN        24.SOUTHAFRICA"
 .
 DISPLAY
 "25.SRILANK       26.SYDNEY               27.SINGAPRE 28.ZIMBABWE"
 .
 DISPLAY
 " "
 .
 PERFORM
 0003
 5
 TIMES
 .
 DISPLAY
 "ENTER YOUR XCHOICE(2 DIGIT INTEGER)"
 .
 ACCEPT
 XCH
 .
 IF
 XCH
 =
 1
 PERFORM
 0002
 4
 TIMES
 DISPLAY
 "NOW ARABIAN TIME IS"
 ELSE
 IF
 XCH
 =
 2
 PERFORM
 0002
 10
 TIMES
 DISPLAY
 "AUSTRALIA TIME"
 ELSE
 IF
 XCH
 =
 3
 DISPLAY
 "ALGERIAN TIME IS"
 ELSE
 IF
 XCH
 =
 4
 PERFORM
 0003
 9
 TIMES
 DISPLAY
 "ALASKA TIME IS"
 ELSE
 IF
 XCH
 =
 5
 PERFORM
 0002
 3
 TIMES
 DISPLAY
 "BAHRAIN TIME IS"
 ELSE
 IF
 XCH
 =
 6
 PERFORM
 0003
 3
 TIMES
 DISPLAY
 "BRASIL TIME IS"
 ELSE
 IF
 XCH
 =
 7
 DISPLAY
 "BELGIUM TIME IS"
 ELSE
 IF
 XCH
 =
 8
 PERFORM
 0002
 8
 TIMES
 DISPLAY
 "XCHINA TIME IS"
 ELSE
 IF
 XCH
 =
 9
 PERFORM
 0003
 8
 TIMES
 DISPLAY
 "CANADA TIME IS"
 ELSE
 IF
 XCH
 =
 10
 PERFORM
 0003
 6
 TIMES
 DISPLAY
 "CENTRL AMERIC"
 ELSE
 IF
 XCH
 =
 11
 PERFORM
 0002
 2
 TIMES
 DISPLAY
 "EGYPT TIME IS"
 ELSE
 IF
 XCH
 =
 12
 PERFORM
 0002
 2
 TIMES
 DISPLAY
 "GREESE TIME"
 ELSE
 IF
 XCH
 =
 13
 PERFORM
 0002
 1
 TIMES
 DISPLAY
 "GERMANY TIME"
 ELSE
 IF
 XCH
 =
 14
 PERFORM
 0002
 8
 TIMES
 DISPLAY
 "HONKKONG TIME"
 ELSE
 IF
 XCH
 =
 15
 PERFORM
 0002
 3
 TIMES
 DISPLAY
 "IRAQ TIME IS"
 ELSE
 IF
 XCH
 =
 16
 PERFORM
 0002
 9
 TIMES
 DISPLAY
 "JAPAN TIME IS"
 ELSE
 IF
 XCH
 =
 17
 PERFORM
 0002
 3
 TIMES
 DISPLAY
 "KENYA TIME IS"
 ELSE
 IF
 XCH
 =
 18
 DISPLAY
 "LONDON TIME IS"
 ELSE
 IF
 XCH
 =
 19
 PERFORM
 0003
 6
 TIMES
 DISPLAY
 "MEXICO TIME IS"
 ELSE
 IF
 XCH
 =
 20
 PERFORM
 0002
 2
 TIMES
 DISPLAY
 "NEW ZEALAND:"
 ELSE
 IF
 XCH
 =
 21
 PERFORM
 0002
 5
 TIMES
 DISPLAY
 "PAKISTAN TIME"
 ELSE
 IF
 XCH
 =
 22
 PERFORM
 0002
 13
 TIMES
 DISPLAY
 "RUSSIA TIME IS"
 ELSE
 IF
 XCH
 =
 23
 PERFORM
 0002
 1
 TIMES
 DISPLAY
 "SPAIN TIME IS"
 ELSE
 IF
 XCH
 =
 24
 PERFORM
 0002
 1
 TIMES
 DISPLAY
 "SOUTH AFRICA: "
 ELSE
 IF
 XCH
 =
 25
 PERFORM
 0002
 5
 TIMES
 DISPLAY
 "SRILANKA TIME"
 ELSE
 IF
 XCH
 =
 26
 PERFORM
 0002
 10
 TIMES
 DISPLAY
 "SYDNEY TIME IS"
 ELSE
 IF
 XCH
 =
 27
 PERFORM
 0002
 8
 TIMES
 DISPLAY
 "SINGAPORE TIME"
 ELSE
 IF
 XCH
 =
 28
 PERFORM
 0002
 2
 TIMES
 DISPLAY
 "ZIMBABWE TIME"
 ELSE
 DISPLAY
 "INVALID KEY ENTERED"
 GO
 0001
 .
 DISPLAY
 " "
 .
 IF
 PS
 =
 1
 DISPLAY
 "TOMORROW :-"
 ELSE
 IF
 NG
 =
 1
 DISPLAY
 "YESTERDAY :-"
 .
 DISPLAY
 HH
 ":"
 MM
 ":"
 SS
 .
 STOP
 RUN
 .
 0002
 .
 ADD
 1
 TO
 HH
 .
 IF
 HH
 =
 24
 COMPUTE
 HH
 =
 00
 MOVE
 1
 TO
 PS
 .
 0003
 .
 SUBTRACT
 1
 FROM
 HH
 .
 IF
 HH
 =
 00
 COMPUTE
 HH
 =
 24
 MOVE
 1
 TO
 NG
 .

Done.
Pre-processing `test/testsuite/ibm/ibmmainframes.com/cob6.cbl':
 IDENTIFICATION
 DIVISION
 .
 PROGRAM-ID
 .
 MACJUL
 .
 DATA
 DIVISION
 .
 WORKING-STORAGE
 SECTION
 .
 01
 A
 .
 05
 A1
 PIC
 9999
 .
 05
 A2
 PIC
 99
 .
 05
 A3
 PIC
 99
 .
 01
 B
 .
 05
 B1
 PIC
 9999
 .
 05
 B2
 PIC
 999
 .
 01
 C
 PIC
 9
 VALUE
 2
 .
 PROCEDURE
 DIVISION
 .
 0001
 .
 DISPLAY
 "ENTER GREGORIAN DATE (YYYYMMDD):"
 .
 ACCEPT
 A
 .
 IF
 A
 NOT
 NUMERIC
 OR
 A2
 >
 12
 OR
 A3
 >
 31
 DISPLAY
 "INVALID DATE"
 GO
 0001
 .
 MOVE
 A1
 TO
 B1
 .
 COMPUTE
 B2
 =
 A3
 .
 IF
 A2
 =
 12
 ADD
 30
 TO
 B2
 SUBTRACT
 1
 FROM
 A2
 .
 IF
 A2
 =
 11
 ADD
 31
 TO
 B2
 SUBTRACT
 1
 FROM
 A2
 .
 IF
 A2
 =
 10
 ADD
 30
 TO
 B2
 SUBTRACT
 1
 FROM
 A2
 .
 IF
 A2
 =
 9
 ADD
 31
 TO
 B2
 SUBTRACT
 1
 FROM
 A2
 .
 IF
 A2
 =
 8
 ADD
 31
 TO
 B2
 SUBTRACT
 1
 FROM
 A2
 .
 IF
 A2
 =
 7
 ADD
 30
 TO
 B2
 SUBTRACT
 1
 FROM
 A2
 .
 IF
 A2
 =
 6
 ADD
 31
 TO
 B2
 SUBTRACT
 1
 FROM
 A2
 .
 IF
 A2
 =
 5
 ADD
 30
 TO
 B2
 SUBTRACT
 1
 FROM
 A2
 .
 IF
 A2
 =
 4
 ADD
 31
 TO
 B2
 SUBTRACT
 1
 FROM
 A2
 .
 IF
 A2
 =
 3
 ADD
 28
 TO
 B2
 SUBTRACT
 1
 FROM
 A2
 DIVIDE
 A1
 BY
 4
 GIVING
 A1
 REMAINDER
 C
 IF
 C
 =
 0
 ADD
 1
 TO
 B2
 .
 IF
 A2
 =
 2
 ADD
 31
 TO
 B2
 .
 DISPLAY
 " "
 .
 DISPLAY
 "JULION DATE IS(YYYYDDD):"
 .
 DISPLAY
 B1
 ":"
 B2
 .
 STOP
 RUN
 .

Done.
Pre-processing `test/testsuite/ibm/ibmmainframes.com/cob7.cbl':
 IDENTIFICATION
 DIVISION
 .
 PROGRAM-ID
 .
 SORTTAB
 .
 DATA
 DIVISION
 .
 WORKING-STORAGE
 SECTION
 .
 01
 A
 VALUE
 ZEROES
 .
 05
 AA
 PIC
 99
 OCCURS
 1
 TO
 99
 DEPENDING
 N
 .
 01
 N
 PIC
 99
 .
 01
 I
 PIC
 99
 VALUE
 1
 .
 01
 J
 PIC
 99
 .
 01
 K
 PIC
 99
 .
 01
 T
 PIC
 XX
 .
 PROCEDURE
 DIVISION
 .
 001
 .
 DISPLAY
 "ENTER NO OF ELEMENTS IN TABLE:"
 .
 ACCEPT
 N
 .
 DISPLAY
 "ENTER ELEMENTS:"
 .
 PERFORM
 0002
 N
 TIMES
 .
 PERFORM
 0001
 VARYING
 I
 FROM
 1
 BY
 1
 UNTIL
 I
 >
 N
 .
 MOVE
 1
 TO
 I
 .
 DISPLAY
 "THE SORTED TABLE IS:"
 .
 PERFORM
 0003
 N
 TIMES
 .
 STOP
 RUN
 .
 0001
 .
 COMPUTE
 K
 =
 I
 +
 1
 .
 PERFORM
 00001
 VARYING
 J
 FROM
 K
 BY
 1
 UNTIL
 J
 >
 N
 .
 00001
 .
 IF
 AA
 (
 I
 )
 >
 AA
 (
 J
 )
 MOVE
 AA
 (
 I
 )
 TO
 T
 MOVE
 AA
 (
 J
 )
 TO
 AA
 (
 I
 )
 MOVE
 T
 TO
 AA
 (
 J
 )
 .
 0002
 .
 ACCEPT
 AA(I)
 .
 ADD
 1
 TO
 I
 .
 0003
 .
 DISPLAY
 AA(I)
 .
 ADD
 1
 TO
 I
 .

Done.
Pre-processing `test/testsuite/ibm/ibmmainframes.com/cob8.cbl':
 IDENTIFICATION
 DIVISION
 .
 PROGRAM-ID
 .
 MACSR
 .
 DATA
 DIVISION
 .
 WORKING-STORAGE
 SECTION
 .
 01
 A
 VALUE
 "123546798012345"
 .
 05
 A1
 OCCURS
 5
 INDEXED
 BY
 I
 .
 10
 A2
 PIC
 9
 OCCURS
 3
 INDEXED
 BY
 J
 .
 01
 K
 PIC
 99
 VALUE
 1
 .
 01
 X
 PIC
 9
 .
 PROCEDURE
 DIVISION
 .
 0001
 .
 SET
 I
 TO
 0
 .
 ACCEPT
 X
 .
 001
 .
 SET
 I
 UP
 BY
 1
 .
 SET
 J
 TO
 1
 .
 002
 .
 SEARCH
 A2
 VARYING
 K
 WHEN
 A2
 (
 I
 J
 )
 =
 X
 DISPLAY
 "FOUND AT:"
 K
 SET
 J
 UP
 BY
 1
 ADD
 1
 TO
 K
 GO
 002
 .
 IF
 I
 <
 5
 GO
 001
 .
 STOP
 RUN
 .

Done.
Pre-processing `test/testsuite/ibm/ibmmainframes.com/cob9.cbl':
 IDENTIFICATION
 DIVISION
 .
 PROGRAM-ID
 .
 TABLEN
 .
 DATA
 DIVISION
 .
 WORKING-STORAGE
 SECTION
 .
 01
 N
 PIC
 99
 VALUE
 0
 .
 01
 E
 .
 05
 EE
 PIC
 99
 OCCURS
 5
 TO
 10
 DEPENDING
 F
 INDEXED
 I
 .
 01
 F
 PIC
 9
 VALUE
 6
 .
 PROCEDURE
 DIVISION
 .
 0001-MC
 .
 COMPUTE
 F
 =
 F
 -
 2
 .
 SET
 I
 TO
 1
 .
 SEARCH
 EE
 VARYING
 N
 WHEN
 1
 =
 2
 NEXT
 SENTENCE
 .
 DISPLAY
 "LENGTH OF TABLE E IS:"
 N
 .
 STOP
 RUN
 .

Done.
