Considering: import/gnucobol/tests/testsuite.src/syn_definition.at:60:0
Considering: import/gnucobol/tests/testsuite.src/syn_definition.at:145:0
syn_definition.at-145-containing-prog.cob:17.31:
  14          PROGRAM-ID.      prog-2 IS RECURSIVE COMMON.
  15          PROCEDURE        DIVISION.
  16              STOP RUN.
  17 >        END PROGRAM      prog-2.
----                                  ^
>> Hint: Missing END PROGRAM .

syn_definition.at-145-containing-prog.cob:18.0:
  15          PROCEDURE        DIVISION.
  16              STOP RUN.
  17          END PROGRAM      prog-2.
>> Error: Invalid syntax

Considering: import/gnucobol/tests/testsuite.src/syn_definition.at:366:0
Considering: import/gnucobol/tests/testsuite.src/syn_definition.at:397:0
Considering: import/gnucobol/tests/testsuite.src/syn_definition.at:425:0
Considering: import/gnucobol/tests/testsuite.src/syn_definition.at:454:0
Considering: import/gnucobol/tests/testsuite.src/syn_definition.at:487:0
Considering: import/gnucobol/tests/testsuite.src/syn_definition.at:507:0
Considering: import/gnucobol/tests/testsuite.src/syn_definition.at:527:0
Considering: import/gnucobol/tests/testsuite.src/syn_definition.at:548:0
Considering: import/gnucobol/tests/testsuite.src/syn_definition.at:703:0
syn_definition.at-703-prog.cob:4.42:
   1   
   2          IDENTIFICATION   DIVISION.
   3          PROGRAM-ID.      prog.
   4 >        PROCEDURE        DIVISION RETURNING OMITTED.
----                                             ^
   5              MOVE 42 TO RETURN-CODE
   6              GOBACK.
>> Hint: Missing <identifier>

syn_definition.at-703-prog.cob:4.43-4.50:
   1   
   2          IDENTIFICATION   DIVISION.
   3          PROGRAM-ID.      prog.
   4 >        PROCEDURE        DIVISION RETURNING OMITTED.
----                                              ^^^^^^^
   5              MOVE 42 TO RETURN-CODE
   6              GOBACK.
>> Error: Invalid syntax

Considering: import/gnucobol/tests/testsuite.src/syn_definition.at:806:0
syn_definition.at-806-prog.cob:8.11-8.15:
   5          LINKAGE          SECTION.
   6          01 PAR-OUT       PIC 9.
   7          PROCEDURE        DIVISION RETURNING PAR-OUT.
   8 >            MOVE 4 TO PAR-OUT
----              ^^^^
   9              GOBACK.
  10          END FUNCTION     func.
>> Error: Invalid syntax

syn_definition.at-806-prog.cob:8.17:
   5          LINKAGE          SECTION.
   6          01 PAR-OUT       PIC 9.
   7          PROCEDURE        DIVISION RETURNING PAR-OUT.
   8 >            MOVE 4 TO PAR-OUT
----                    ^
   9              GOBACK.
  10          END FUNCTION     func.
>> Hint: Missing .

syn_definition.at-806-prog.cob:8.18-8.20:
   5          LINKAGE          SECTION.
   6          01 PAR-OUT       PIC 9.
   7          PROCEDURE        DIVISION RETURNING PAR-OUT.
   8 >            MOVE 4 TO PAR-OUT
----                     ^^
   9              GOBACK.
  10          END FUNCTION     func.
>> Warning: Invalid syntax

syn_definition.at-806-prog.cob:8.28:
   5          LINKAGE          SECTION.
   6          01 PAR-OUT       PIC 9.
   7          PROCEDURE        DIVISION RETURNING PAR-OUT.
   8 >            MOVE 4 TO PAR-OUT
----                               ^
   9              GOBACK.
  10          END FUNCTION     func.
>> Hint: Missing .

syn_definition.at-806-prog.cob:9.11-9.17:
   6          01 PAR-OUT       PIC 9.
   7          PROCEDURE        DIVISION RETURNING PAR-OUT.
   8              MOVE 4 TO PAR-OUT
   9 >            GOBACK.
----              ^^^^^^
  10          END FUNCTION     func.
>> Warning: Invalid syntax

Considering: import/gnucobol/tests/testsuite.src/syn_definition.at:847:0
syn_definition.at-847-prog.cob:7.46:
   4          DATA            DIVISION.
   5          LINKAGE         SECTION.
   6          01  ret         PIC 99.
   7 >        PROCEDURE       DIVISION RETURNING ret.
----                                                 ^
   8              CONTINUE
   9              .
>> Hint: Missing END FUNCTION <word>

syn_definition.at-847-prog.cob:8.11-8.19:
   5          LINKAGE         SECTION.
   6          01  ret         PIC 99.
   7          PROCEDURE       DIVISION RETURNING ret.
   8 >            CONTINUE
----              ^^^^^^^^
   9              .
  10          END FUNCTION x.
>> Error: Invalid syntax

syn_definition.at-847-prog.cob:10.7-10.10:
   7          PROCEDURE       DIVISION RETURNING ret.
   8              CONTINUE
   9              .
  10 >        END FUNCTION x.
----          ^^^
  11   
  12   
>> Error: Invalid syntax

Considering: import/gnucobol/tests/testsuite.src/syn_definition.at:950:0
Considering: import/gnucobol/tests/testsuite.src/syn_definition.at:975:0
Considering: import/gnucobol/tests/testsuite.src/syn_definition.at:1101:0
Considering: import/gnucobol/tests/testsuite.src/syn_definition.at:1118:0
Considering: import/gnucobol/tests/testsuite.src/syn_definition.at:1180:0
Considering: import/gnucobol/tests/testsuite.src/syn_definition.at:1205:0
Considering: import/gnucobol/tests/testsuite.src/syn_definition.at:1227:0
Considering: import/gnucobol/tests/testsuite.src/syn_definition.at:1264:0
Considering: import/gnucobol/tests/testsuite.src/syn_definition.at:1323:0
syn_definition.at-1323-prog1.cob:5.24-5.33:
   2          IDENTIFICATION   DIVISION.
   3          PROGRAM-ID.      prog1.
   4          PROCEDURE        DIVISION.
   5 >            EXIT PROGRAM RETURNING -1.
----                           ^^^^^^^^^
>> Error: Invalid syntax

Considering: import/gnucobol/tests/testsuite.src/syn_definition.at:1323:0
Considering: import/gnucobol/tests/testsuite.src/syn_definition.at:1323:0
Considering: import/gnucobol/tests/testsuite.src/syn_definition.at:1323:0
Considering: import/gnucobol/tests/testsuite.src/syn_definition.at:1323:0
Considering: import/gnucobol/tests/testsuite.src/syn_definition.at:1462:0
syn_definition.at-1462-prog.cob:13.24:
  10          IDENTIFICATION DIVISION.
  11          PROGRAM-ID. prog-3.
  12   
  13 >        END PROGRAM prog.
----                           ^
>> Hint: Missing END PROGRAM . END PROGRAM .

syn_definition.at-1462-prog.cob:14.0:
  11          PROGRAM-ID. prog-3.
  12   
  13          END PROGRAM prog.
>> Error: Invalid syntax

Considering: import/gnucobol/tests/testsuite.src/syn_definition.at:1497:0
Considering: import/gnucobol/tests/testsuite.src/syn_definition.at:1831:0
Considering: import/gnucobol/tests/testsuite.src/syn_definition.at:2048:0
syn_definition.at-2048-prog3.cob:13.11-13.19:
  10          SPECIAL-NAMES.
  11              ALPHABET ALPHABET-1 IS
  12                       'A' THROUGH 'Z', x'00' thru x'05'.
  13 >            ALPHABET ALPHABET-2 NATIONAL IS
----              ^^^^^^^^
  14                       n'A' also n'B' ALSO n'f',
  15                       n'g' also n'G', n'1' thru n'9'.
>> Error: Invalid syntax

syn_definition.at-2048-prog3.cob:29.11-29.19:
  26          SPECIAL-NAMES.
  27              ALPHABET ALPHABET-1 IS
  28                       'A' THROUGH 'Z', x'00' thru x'05'.
  29 >            ALPHABET ALPHABET-2 FOR NATIONAL
----              ^^^^^^^^
  30                       n'A' ALSO n'f',
  31                       n'g' also n'G'.
>> Error: Invalid syntax

syn_definition.at-2048-prog3.cob:41.28:
  38          SOURCE-COMPUTER. GNU-LINUX.
  39          OBJECT-COMPUTER. GC-MACHINE, SEQUENCE ALPHABET-1, ALPHABET-2.
  40          SPECIAL-NAMES.
  41 >          ALPHABET ALPHABET-1    x'00' thru x'05'.
----                               ^
  42            ALPHABET ALPHABET-2 NATIONAL IS n'g' also n'G', n'1' thru n'9'.
  43          END PROGRAM prog3c.
>> Hint: Missing IS

syn_definition.at-2048-prog3.cob:41.32-41.37:
  38          SOURCE-COMPUTER. GNU-LINUX.
  39          OBJECT-COMPUTER. GC-MACHINE, SEQUENCE ALPHABET-1, ALPHABET-2.
  40          SPECIAL-NAMES.
  41 >          ALPHABET ALPHABET-1    x'00' thru x'05'.
----                                   ^^^^^
  42            ALPHABET ALPHABET-2 NATIONAL IS n'g' also n'G', n'1' thru n'9'.
  43          END PROGRAM prog3c.
>> Error: Invalid syntax

syn_definition.at-2048-prog3.cob:42.9-42.17:
  39          OBJECT-COMPUTER. GC-MACHINE, SEQUENCE ALPHABET-1, ALPHABET-2.
  40          SPECIAL-NAMES.
  41            ALPHABET ALPHABET-1    x'00' thru x'05'.
  42 >          ALPHABET ALPHABET-2 NATIONAL IS n'g' also n'G', n'1' thru n'9'.
----            ^^^^^^^^
  43          END PROGRAM prog3c.
  44   
>> Error: Invalid syntax

syn_definition.at-2048-prog3.cob:53.11-53.19:
  50          OBJECT-COMPUTER. GC-MACHINE, SEQUENCE ALPHABET-1, ALPHABET-2.
  51          SPECIAL-NAMES.
  52              ALPHABET ALPHABET-1 IS 'A' THROUGH 'Z'.
  53 >            ALPHABET ALPHABET-2 NATIONAL n'A' also n'B', n'1' thru n'9'.
----              ^^^^^^^^
  54          END PROGRAM prog3d.
  55   
>> Error: Invalid syntax

syn_definition.at-2048-prog3.cob:85.33-85.45:
  82          CONFIGURATION SECTION.
  83          SOURCE-COMPUTER. GNU-LINUX.
  84          OBJECT-COMPUTER. GC-MACHINE,
  85 >                         SEQUENCE ALPHANUMERIC ALPHABET-1.
----                                    ^^^^^^^^^^^^
  86          SPECIAL-NAMES.
  87              ALPHABET ALPHABET-1 IS
>> Error: Invalid syntax

syn_definition.at-2048-prog3.cob:99.30-99.38:
  96          OBJECT-COMPUTER. GC-MACHINE,
  97                           COLLATING SEQUENCE
  98                             FOR ALPHANUMERIC IS ALPHABET-1
  99 >                               NATIONAL     IS ALPHABET-2.
----                                 ^^^^^^^^
 100          SPECIAL-NAMES.
 101              ALPHABET ALPHABET-1 IS
>> Error: Invalid syntax

syn_definition.at-2048-prog3.cob:103.11-103.19:
 100          SPECIAL-NAMES.
 101              ALPHABET ALPHABET-1 IS
 102                       'A', 'C', x'05'.
 103 >            ALPHABET ALPHABET-2 FOR NATIONAL IS
----              ^^^^^^^^
 104                       n'A', n'1' thru n'9'.
 105          END PROGRAM prog3h.
>> Error: Invalid syntax

syn_definition.at-2048-prog3.cob:114.26-114.34:
 111          SOURCE-COMPUTER. GNU-LINUX.
 112          OBJECT-COMPUTER. GC-MACHINE,
 113                           COLLATING SEQUENCE
 114 >                           NATIONAL     ALPHABET-2
----                             ^^^^^^^^
 115                             ALPHANUMERIC ALPHABET-1.
 116          SPECIAL-NAMES.
>> Error: Invalid syntax

syn_definition.at-2048-prog3.cob:115.26-115.38:
 112          OBJECT-COMPUTER. GC-MACHINE,
 113                           COLLATING SEQUENCE
 114                             NATIONAL     ALPHABET-2
 115 >                           ALPHANUMERIC ALPHABET-1.
----                             ^^^^^^^^^^^^
 116          SPECIAL-NAMES.
 117              ALPHABET ALPHABET-1 IS
>> Error: Invalid syntax

syn_definition.at-2048-prog3.cob:119.11-119.19:
 116          SPECIAL-NAMES.
 117              ALPHABET ALPHABET-1 IS
 118                       'a' THROUGH 'z'.
 119 >            ALPHABET ALPHABET-2 NATIONAL IS
----              ^^^^^^^^
 120                       n'B', n'C'; n'g' also n'G'.
 121          END PROGRAM prog3i.
>> Error: Invalid syntax

syn_definition.at-2048-prog3.cob:130.26-130.34:
 127          SOURCE-COMPUTER. GNU-LINUX.
 128          OBJECT-COMPUTER. GC-MACHINE,
 129                           COLLATING SEQUENCE
 130 >                           NATIONAL     ALPHABET-2.
----                             ^^^^^^^^
 131          SPECIAL-NAMES.
 132              ALPHABET ALPHABET-2 NATIONAL
>> Error: Invalid syntax

syn_definition.at-2048-prog3.cob:132.39:
 129                           COLLATING SEQUENCE
 130                             NATIONAL     ALPHABET-2.
 131          SPECIAL-NAMES.
 132 >            ALPHABET ALPHABET-2 NATIONAL
----                                          ^
 133                       n'B', n'C'; n'g' also n'G' also nx'003E'.
 134          END PROGRAM prog3j.
>> Hint: Missing IS

syn_definition.at-2048-prog3.cob:133.20-133.24:
 130                             NATIONAL     ALPHABET-2.
 131          SPECIAL-NAMES.
 132              ALPHABET ALPHABET-2 NATIONAL
 133 >                     n'B', n'C'; n'g' also n'G' also nx'003E'.
----                       ^^^^
 134          END PROGRAM prog3j.
>> Error: Invalid syntax

Considering: import/gnucobol/tests/testsuite.src/syn_definition.at:2160:0
Considering: import/gnucobol/tests/testsuite.src/syn_definition.at:2211:0
Considering: import/gnucobol/tests/testsuite.src/syn_definition.at:2367:0
syn_definition.at-2367-prog.cob:38.37-38.41:
  35          01 USER-VAR             USAGE USER-TYPE.
  36   
  37          01 PROC                 USAGE PROGRAM-POINTER IS TYPEDEF.
  38 >           88 PROC-UNSET        VALUE NULL.
----                                        ^^^^
  39          77 MY-PROC              USAGE PROC VALUE NULL.
  40   
>> Error: Invalid syntax

syn_definition.at-2367-prog.cob:39.47:
  36   
  37          01 PROC                 USAGE PROGRAM-POINTER IS TYPEDEF.
  38             88 PROC-UNSET        VALUE NULL.
  39 >        77 MY-PROC              USAGE PROC VALUE NULL.
----                                                  ^
  40   
  41          PROCEDURE DIVISION.
>> Hint: Missing <literal>

syn_definition.at-2367-prog.cob:39.48-39.52:
  36   
  37          01 PROC                 USAGE PROGRAM-POINTER IS TYPEDEF.
  38             88 PROC-UNSET        VALUE NULL.
  39 >        77 MY-PROC              USAGE PROC VALUE NULL.
----                                                   ^^^^
  40   
  41          PROCEDURE DIVISION.
>> Error: Invalid syntax

Considering: import/gnucobol/tests/testsuite.src/syn_definition.at:2384:0
Considering: import/gnucobol/tests/testsuite.src/syn_definition.at:2627:0
syn_definition.at-2627-prog.cob:13.19-13.23:
  10            02 AUSGABE-FILE-NAME-2.
  11                05 FILLER PIC 9999.
  12                05 DETAIL-NO PIC 9999.
  13 >          02 FILLER LIKE AUSGABE-FILE-NAME.
----                      ^^^^
  14   
  15          77 OUTPUT-VAL     LIKE DETAIL-NO GLOBAL.
>> Error: Invalid syntax

syn_definition.at-2627-prog.cob:15.20:
  12                05 DETAIL-NO PIC 9999.
  13            02 FILLER LIKE AUSGABE-FILE-NAME.
  14   
  15 >        77 OUTPUT-VAL     LIKE DETAIL-NO GLOBAL.
----                       ^
  16          77 OUTPUT-VAL-P1  LIKE DETAIL-NO (+1).
  17          77 OUTPUT-VAL-P1b LIKE DETAIL-NO (1).
>> Hint: Missing RENAMES

syn_definition.at-2627-prog.cob:15.25-15.29:
  12                05 DETAIL-NO PIC 9999.
  13            02 FILLER LIKE AUSGABE-FILE-NAME.
  14   
  15 >        77 OUTPUT-VAL     LIKE DETAIL-NO GLOBAL.
----                            ^^^^
  16          77 OUTPUT-VAL-P1  LIKE DETAIL-NO (+1).
  17          77 OUTPUT-VAL-P1b LIKE DETAIL-NO (1).
>> Error: Invalid syntax

syn_definition.at-2627-prog.cob:15.40-15.46:
  12                05 DETAIL-NO PIC 9999.
  13            02 FILLER LIKE AUSGABE-FILE-NAME.
  14   
  15 >        77 OUTPUT-VAL     LIKE DETAIL-NO GLOBAL.
----                                           ^^^^^^
  16          77 OUTPUT-VAL-P1  LIKE DETAIL-NO (+1).
  17          77 OUTPUT-VAL-P1b LIKE DETAIL-NO (1).
>> Error: Invalid syntax

syn_definition.at-2627-prog.cob:16.23:
  13            02 FILLER LIKE AUSGABE-FILE-NAME.
  14   
  15          77 OUTPUT-VAL     LIKE DETAIL-NO GLOBAL.
  16 >        77 OUTPUT-VAL-P1  LIKE DETAIL-NO (+1).
----                          ^
  17          77 OUTPUT-VAL-P1b LIKE DETAIL-NO (1).
  18          77 OUTPUT-VAL-M2  LIKE DETAIL-NO (-2).
>> Hint: Missing RENAMES

syn_definition.at-2627-prog.cob:16.25-16.29:
  13            02 FILLER LIKE AUSGABE-FILE-NAME.
  14   
  15          77 OUTPUT-VAL     LIKE DETAIL-NO GLOBAL.
  16 >        77 OUTPUT-VAL-P1  LIKE DETAIL-NO (+1).
----                            ^^^^
  17          77 OUTPUT-VAL-P1b LIKE DETAIL-NO (1).
  18          77 OUTPUT-VAL-M2  LIKE DETAIL-NO (-2).
>> Error: Invalid syntax

syn_definition.at-2627-prog.cob:16.40-16.41:
  13            02 FILLER LIKE AUSGABE-FILE-NAME.
  14   
  15          77 OUTPUT-VAL     LIKE DETAIL-NO GLOBAL.
  16 >        77 OUTPUT-VAL-P1  LIKE DETAIL-NO (+1).
----                                           ^
  17          77 OUTPUT-VAL-P1b LIKE DETAIL-NO (1).
  18          77 OUTPUT-VAL-M2  LIKE DETAIL-NO (-2).
>> Error: Invalid syntax

syn_definition.at-2627-prog.cob:17.24:
  14   
  15          77 OUTPUT-VAL     LIKE DETAIL-NO GLOBAL.
  16          77 OUTPUT-VAL-P1  LIKE DETAIL-NO (+1).
  17 >        77 OUTPUT-VAL-P1b LIKE DETAIL-NO (1).
----                           ^
  18          77 OUTPUT-VAL-M2  LIKE DETAIL-NO (-2).
  19   
>> Hint: Missing RENAMES

syn_definition.at-2627-prog.cob:17.25-17.29:
  14   
  15          77 OUTPUT-VAL     LIKE DETAIL-NO GLOBAL.
  16          77 OUTPUT-VAL-P1  LIKE DETAIL-NO (+1).
  17 >        77 OUTPUT-VAL-P1b LIKE DETAIL-NO (1).
----                            ^^^^
  18          77 OUTPUT-VAL-M2  LIKE DETAIL-NO (-2).
  19   
>> Error: Invalid syntax

syn_definition.at-2627-prog.cob:17.39:
  14   
  15          77 OUTPUT-VAL     LIKE DETAIL-NO GLOBAL.
  16          77 OUTPUT-VAL-P1  LIKE DETAIL-NO (+1).
  17 >        77 OUTPUT-VAL-P1b LIKE DETAIL-NO (1).
----                                          ^
  18          77 OUTPUT-VAL-M2  LIKE DETAIL-NO (-2).
  19   
>> Hint: Missing .

syn_definition.at-2627-prog.cob:17.40-17.41:
  14   
  15          77 OUTPUT-VAL     LIKE DETAIL-NO GLOBAL.
  16          77 OUTPUT-VAL-P1  LIKE DETAIL-NO (+1).
  17 >        77 OUTPUT-VAL-P1b LIKE DETAIL-NO (1).
----                                           ^
  18          77 OUTPUT-VAL-M2  LIKE DETAIL-NO (-2).
  19   
>> Warning: Invalid syntax

syn_definition.at-2627-prog.cob:17.42-17.43:
  14   
  15          77 OUTPUT-VAL     LIKE DETAIL-NO GLOBAL.
  16          77 OUTPUT-VAL-P1  LIKE DETAIL-NO (+1).
  17 >        77 OUTPUT-VAL-P1b LIKE DETAIL-NO (1).
----                                             ^
  18          77 OUTPUT-VAL-M2  LIKE DETAIL-NO (-2).
  19   
>> Error: Invalid syntax

syn_definition.at-2627-prog.cob:18.23:
  15          77 OUTPUT-VAL     LIKE DETAIL-NO GLOBAL.
  16          77 OUTPUT-VAL-P1  LIKE DETAIL-NO (+1).
  17          77 OUTPUT-VAL-P1b LIKE DETAIL-NO (1).
  18 >        77 OUTPUT-VAL-M2  LIKE DETAIL-NO (-2).
----                          ^
  19   
  20          01 Z-MESSAGE-T2 LIKE AUSGABE-FILE-NAME-2.
>> Hint: Missing RENAMES

syn_definition.at-2627-prog.cob:18.25-18.29:
  15          77 OUTPUT-VAL     LIKE DETAIL-NO GLOBAL.
  16          77 OUTPUT-VAL-P1  LIKE DETAIL-NO (+1).
  17          77 OUTPUT-VAL-P1b LIKE DETAIL-NO (1).
  18 >        77 OUTPUT-VAL-M2  LIKE DETAIL-NO (-2).
----                            ^^^^
  19   
  20          01 Z-MESSAGE-T2 LIKE AUSGABE-FILE-NAME-2.
>> Error: Invalid syntax

syn_definition.at-2627-prog.cob:18.40-18.41:
  15          77 OUTPUT-VAL     LIKE DETAIL-NO GLOBAL.
  16          77 OUTPUT-VAL-P1  LIKE DETAIL-NO (+1).
  17          77 OUTPUT-VAL-P1b LIKE DETAIL-NO (1).
  18 >        77 OUTPUT-VAL-M2  LIKE DETAIL-NO (-2).
----                                           ^
  19   
  20          01 Z-MESSAGE-T2 LIKE AUSGABE-FILE-NAME-2.
>> Error: Invalid syntax

syn_definition.at-2627-prog.cob:20.22:
  17          77 OUTPUT-VAL-P1b LIKE DETAIL-NO (1).
  18          77 OUTPUT-VAL-M2  LIKE DETAIL-NO (-2).
  19   
  20 >        01 Z-MESSAGE-T2 LIKE AUSGABE-FILE-NAME-2.
----                         ^
  21          01 Z-MESSAGE-T3.
  22             49 MT3      LIKE MESSAGE-TEXT-2.
>> Hint: Missing RENAMES

syn_definition.at-2627-prog.cob:20.23-20.27:
  17          77 OUTPUT-VAL-P1b LIKE DETAIL-NO (1).
  18          77 OUTPUT-VAL-M2  LIKE DETAIL-NO (-2).
  19   
  20 >        01 Z-MESSAGE-T2 LIKE AUSGABE-FILE-NAME-2.
----                          ^^^^
  21          01 Z-MESSAGE-T3.
  22             49 MT3      LIKE MESSAGE-TEXT-2.
>> Error: Invalid syntax

syn_definition.at-2627-prog.cob:22.16:
  19   
  20          01 Z-MESSAGE-T2 LIKE AUSGABE-FILE-NAME-2.
  21          01 Z-MESSAGE-T3.
  22 >           49 MT3      LIKE MESSAGE-TEXT-2.
----                   ^
  23   
  24          PROCEDURE DIVISION.
>> Hint: Missing RENAMES

syn_definition.at-2627-prog.cob:22.22-22.26:
  19   
  20          01 Z-MESSAGE-T2 LIKE AUSGABE-FILE-NAME-2.
  21          01 Z-MESSAGE-T3.
  22 >           49 MT3      LIKE MESSAGE-TEXT-2.
----                         ^^^^
  23   
  24          PROCEDURE DIVISION.
>> Error: Invalid syntax

