Considering: import/gnucobol/tests/testsuite.src/syn_value.at:205:0
Considering: import/gnucobol/tests/testsuite.src/syn_value.at:233:0
Considering: import/gnucobol/tests/testsuite.src/syn_value.at:315:0
Considering: import/gnucobol/tests/testsuite.src/syn_value.at:343:0
Considering: import/gnucobol/tests/testsuite.src/syn_value.at:369:0
Considering: import/gnucobol/tests/testsuite.src/syn_value.at:407:0
Considering: import/gnucobol/tests/testsuite.src/syn_value.at:441:0
Considering: import/gnucobol/tests/testsuite.src/syn_value.at:514:0
