Considering: import/gnucobol/tests/testsuite.src/syn_redefines.at:44:0
Considering: import/gnucobol/tests/testsuite.src/syn_redefines.at:189:0
Considering: import/gnucobol/tests/testsuite.src/syn_redefines.at:301:0
Considering: import/gnucobol/tests/testsuite.src/syn_redefines.at:344:0
Considering: import/gnucobol/tests/testsuite.src/syn_redefines.at:381:0
Considering: import/gnucobol/tests/testsuite.src/syn_redefines.at:440:0
Considering: import/gnucobol/tests/testsuite.src/syn_redefines.at:519:0
