Considering: import/gnucobol/tests/testsuite.src/used_binaries.at:71:0
Considering: import/gnucobol/tests/testsuite.src/used_binaries.at:193:0
Considering: import/gnucobol/tests/testsuite.src/used_binaries.at:254:0
used_binaries.at-254-prog.cob:10.8-10.18:
   7           PROCEDURE DIVISION.
   8           MAIN-PROC SECTION.
   9           00.
  10 >         COPY PROC.
----           ^^^^^^^^^^
  11           END-PROC  SECTION.
  12           COPY PROCE in "sub".
>> Error: Library `PROC' not found in search path (search path: )

used_binaries.at-254-prog.cob:12.8-12.28:
   9           00.
  10           COPY PROC.
  11           END-PROC  SECTION.
  12 >         COPY PROCE in "sub".
----           ^^^^^^^^^^^^^^^^^^^^
  13           EX.
  14               STOP RUN.
>> Error: Library `PROCE' not found in search path (search path: ./sub)

Considering: import/gnucobol/tests/testsuite.src/used_binaries.at:277:0
Fatal: used_binaries.at-277-sub/copy/PROC.cpy: No such file or directory
Considering: import/gnucobol/tests/testsuite.src/used_binaries.at:315:0
Considering: import/gnucobol/tests/testsuite.src/used_binaries.at:343:0
Considering: import/gnucobol/tests/testsuite.src/used_binaries.at:390:0
Considering: import/gnucobol/tests/testsuite.src/used_binaries.at:421:0
Considering: import/gnucobol/tests/testsuite.src/used_binaries.at:439:0
Considering: import/gnucobol/tests/testsuite.src/used_binaries.at:533:0
Considering: import/gnucobol/tests/testsuite.src/used_binaries.at:534:0
Considering: import/gnucobol/tests/testsuite.src/used_binaries.at:602:0
Considering: import/gnucobol/tests/testsuite.src/used_binaries.at:603:0
Considering: import/gnucobol/tests/testsuite.src/used_binaries.at:610:0
Considering: import/gnucobol/tests/testsuite.src/used_binaries.at:654:0
Considering: import/gnucobol/tests/testsuite.src/used_binaries.at:655:0
Considering: import/gnucobol/tests/testsuite.src/used_binaries.at:706:0
Considering: import/gnucobol/tests/testsuite.src/used_binaries.at:707:0
Considering: import/gnucobol/tests/testsuite.src/used_binaries.at:743:0
Considering: import/gnucobol/tests/testsuite.src/used_binaries.at:743:0
Considering: import/gnucobol/tests/testsuite.src/used_binaries.at:826:0
Considering: import/gnucobol/tests/testsuite.src/used_binaries.at:844:0
Considering: import/gnucobol/tests/testsuite.src/used_binaries.at:865:0
Considering: import/gnucobol/tests/testsuite.src/used_binaries.at:882:0
Considering: import/gnucobol/tests/testsuite.src/used_binaries.at:911:0
Considering: import/gnucobol/tests/testsuite.src/used_binaries.at:944:0
used_binaries.at-944-progprep.cob:5.36-5.37:
   2          IDENTIFICATION   DIVISION.
   3          PROGRAM-ID.      prog.
   4          DATA             DIVISION.
   5 >        WORKING-STORAGE  SECTION.	  	#
----                                       ^
   6          01 TEST-VAR PIC 9(2) VALUE 'A'.
   7          COPY 'CRUD.CPY'.
>> Error: Invalid syntax

used_binaries.at-944-progprep.cob:7.7-7.23:
   4          DATA             DIVISION.
   5          WORKING-STORAGE  SECTION.	  	#
   6          01 TEST-VAR PIC 9(2) VALUE 'A'.
   7 >        COPY 'CRUD.CPY'.
----          ^^^^^^^^^^^^^^^^
   8          PROCEDURE        DIVISION.
   9              DISPLAY TEST-VAR NO ADVANCING
>> Error: Library `CRUD.CPY' not found in search path (search path: )

